Component: ARM Compiler 5.06 update 7 (build 960) Tool: armlink [4d3601]

==============================================================================

Section Cross References

    main.o(i.Load_Drow_Dialog) refers to lcd.o(i.LCD_Clear) for LCD_Clear
    main.o(i.Load_Drow_Dialog) refers to lcd.o(i.LCD_ShowString) for LCD_ShowString
    main.o(i.Load_Drow_Dialog) refers to lcd.o(.data) for POINT_COLOR
    main.o(i.Load_Drow_Dialog) refers to lcd.o(.bss) for lcddev
    main.o(i.main) refers to misc.o(i.NVIC_PriorityGroupConfig) for NVIC_PriorityGroupConfig
    main.o(i.main) refers to delay.o(i.delay_init) for delay_init
    main.o(i.main) refers to usart.o(i.uart_init) for uart_init
    main.o(i.main) refers to uart2.o(i.uart2_init) for uart2_init
    main.o(i.main) refers to lcd.o(i.LCD_Init) for LCD_Init
    main.o(i.main) refers to led.o(i.LED_Init) for LED_Init
    main.o(i.main) refers to key.o(i.KEY_Init) for KEY_Init
    main.o(i.main) refers to w25qxx.o(i.W25QXX_Init) for W25QXX_Init
    main.o(i.main) refers to lcd.o(i.LCD_ShowString) for LCD_ShowString
    main.o(i.main) refers to delay.o(i.delay_ms) for delay_ms
    main.o(i.main) refers to w25qxx.o(i.W25QXX_ReadID) for W25QXX_ReadID
    main.o(i.main) refers to __2printf.o(.text) for __2printf
    main.o(i.main) refers to gbk_libdrive.o(i.GBK_Lib_Init) for GBK_Lib_Init
    main.o(i.main) refers to lcd.o(i.LCD_Clear) for LCD_Clear
    main.o(i.main) refers to main.o(i.Load_Drow_Dialog) for Load_Drow_Dialog
    main.o(i.main) refers to main.o(i.rtp_test) for rtp_test
    main.o(i.main) refers to lcd.o(.data) for POINT_COLOR
    main.o(i.main) refers to touch.o(.data) for tp_dev
    main.o(i.rtp_test) refers to _printf_percent.o(.ARM.Collect$$_printf_percent$$00000000) for _printf_percent
    main.o(i.rtp_test) refers to _printf_s.o(.ARM.Collect$$_printf_percent$$00000014) for _printf_s
    main.o(i.rtp_test) refers to _printf_str.o(.text) for _printf_str
    main.o(i.rtp_test) refers to key.o(i.KEY_Scan) for KEY_Scan
    main.o(i.rtp_test) refers to main.o(i.Load_Drow_Dialog) for Load_Drow_Dialog
    main.o(i.rtp_test) refers to touch.o(i.TP_Draw_Big_Point) for TP_Draw_Big_Point
    main.o(i.rtp_test) refers to delay.o(i.delay_ms) for delay_ms
    main.o(i.rtp_test) refers to lcd.o(i.LCD_Clear) for LCD_Clear
    main.o(i.rtp_test) refers to touch.o(i.TP_Adjust) for TP_Adjust
    main.o(i.rtp_test) refers to __2printf.o(.text) for __2printf
    main.o(i.rtp_test) refers to strcmpv7m.o(.text) for strcmp
    main.o(i.rtp_test) refers to dis_picture.o(i.Show_Srceen) for Show_Srceen
    main.o(i.rtp_test) refers to rt_memclr.o(.text) for __aeabi_memclr
    main.o(i.rtp_test) refers to lcd.o(i.Save_lcd_screen) for Save_lcd_screen
    main.o(i.rtp_test) refers to dis_picture.o(i.myStyle_Show_Picture) for myStyle_Show_Picture
    main.o(i.rtp_test) refers to touch.o(.data) for tp_dev
    main.o(i.rtp_test) refers to lcd.o(.bss) for lcddev
    main.o(i.rtp_test) refers to usart.o(.data) for USART_RX_STA
    main.o(i.rtp_test) refers to main.o(.data) for len
    main.o(i.rtp_test) refers to usart.o(.bss) for USART_RX_BUF
    main.o(i.rtp_test) refers to w25qxx.o(i.W25QXX_Read_2Byte) for W25QXX_Read_2Byte
    main.o(i.rtp_test) refers to w25qxx.o(i.W25QXX_Erase_Chip) for W25QXX_Erase_Chip
    main.o(i.rtp_test) refers to w25qxx.o(i.W25QXX_Write_2Byte) for W25QXX_Write_2Byte
    system_stm32f4xx.o(i.SystemCoreClockUpdate) refers to system_stm32f4xx.o(.data) for SystemCoreClock
    system_stm32f4xx.o(i.SystemInit) refers to system_stm32f4xx.o(i.SetSysClock) for SetSysClock
    led.o(i.LED_Init) refers to stm32f4xx_rcc.o(i.RCC_AHB1PeriphClockCmd) for RCC_AHB1PeriphClockCmd
    led.o(i.LED_Init) refers to stm32f4xx_gpio.o(i.GPIO_Init) for GPIO_Init
    led.o(i.LED_Init) refers to stm32f4xx_gpio.o(i.GPIO_SetBits) for GPIO_SetBits
    key.o(i.KEY_Init) refers to stm32f4xx_rcc.o(i.RCC_AHB1PeriphClockCmd) for RCC_AHB1PeriphClockCmd
    key.o(i.KEY_Init) refers to stm32f4xx_gpio.o(i.GPIO_Init) for GPIO_Init
    key.o(i.KEY_Scan) refers to stm32f4xx_gpio.o(i.GPIO_ReadInputDataBit) for GPIO_ReadInputDataBit
    key.o(i.KEY_Scan) refers to delay.o(i.delay_ms) for delay_ms
    key.o(i.KEY_Scan) refers to key.o(.data) for key_up
    gbk_libdrive.o(i.DrawFontASC_GBK48B) refers to gbk_libdrive.o(i.GBK_Show_Str) for GBK_Show_Str
    gbk_libdrive.o(i.DrawFontASC_GBK48B) refers to lcd.o(.bss) for lcddev
    gbk_libdrive.o(i.DrawFontASC_GBK48B) refers to lcd.o(.data) for BACK_COLOR
    gbk_libdrive.o(i.DrawFontASC_GBK64B) refers to gbk_libdrive.o(i.GBK_Show_Str) for GBK_Show_Str
    gbk_libdrive.o(i.DrawFontASC_GBK64B) refers to lcd.o(.bss) for lcddev
    gbk_libdrive.o(i.DrawFontASC_GBK64B) refers to lcd.o(.data) for BACK_COLOR
    gbk_libdrive.o(i.DrawFont_GBK12B) refers to gbk_libdrive.o(i.GBK_Show_Str) for GBK_Show_Str
    gbk_libdrive.o(i.DrawFont_GBK12B) refers to lcd.o(.bss) for lcddev
    gbk_libdrive.o(i.DrawFont_GBK12B) refers to lcd.o(.data) for BACK_COLOR
[...]
    _printf_return_value                     0x00000000   Number         0  printf_stubs.o ABSOLUTE
    _printf_sizespec                         0x00000000   Number         0  printf_stubs.o ABSOLUTE
    _printf_widthprec                        0x00000000   Number         0  printf_stubs.o ABSOLUTE
    __ARM_exceptions_init                     - Undefined Weak Reference
    __alloca_initialize                       - Undefined Weak Reference
    __arm_fini_                               - Undefined Weak Reference
    __arm_preinit_                            - Undefined Weak Reference
    __cpp_initialize__aeabi_                  - Undefined Weak Reference
    __cxa_finalize                            - Undefined Weak Reference
    __sigvec_lookup                           - Undefined Weak Reference
    _atexit_init                              - Undefined Weak Reference
    _call_atexit_fns                          - Undefined Weak Reference
    _clock_init                               - Undefined Weak Reference
    _fp_trap_init                             - Undefined Weak Reference
    _fp_trap_shutdown                         - Undefined Weak Reference
    _get_lc_collate                           - Undefined Weak Reference
    _get_lc_monetary                          - Undefined Weak Reference
    _get_lc_time                              - Undefined Weak Reference
    _getenv_init                              - Undefined Weak Reference
    _handle_redirection                       - Undefined Weak Reference
    _init_alloc                               - Undefined Weak Reference
    _init_user_alloc                          - Undefined Weak Reference
    _initio                                   - Undefined Weak Reference
    _mutex_acquire                            - Undefined Weak Reference
    _mutex_release                            - Undefined Weak Reference
    _printf_fp_hex                            - Undefined Weak Reference
    _printf_mbtowc                            - Undefined Weak Reference
    _printf_wc                                - Undefined Weak Reference
    _rand_init                                - Undefined Weak Reference
    _signal_finish                            - Undefined Weak Reference
    _signal_init                              - Undefined Weak Reference
    _terminate_alloc                          - Undefined Weak Reference
    _terminate_user_alloc                     - Undefined Weak Reference
    _terminateio                              - Undefined Weak Reference
    __Vectors_Size                           0x00000188   Number         0  startup_stm32f40_41xxx.o ABSOLUTE
    __Vectors                                0x08000000   Data           4  startup_stm32f40_41xxx.o(RESET)
    __Vectors_End                            0x08000188   Data           0  startup_stm32f40_41xxx.o(RESET)
    __main                                   0x08000189   Thumb Code     8  __main.o(!!!main)
    __scatterload                            0x08000191   Thumb Code     0  __scatter.o(!!!scatter)
    __scatterload_rt2                        0x08000191   Thumb Code    44  __scatter.o(!!!scatter)
    __scatterload_rt2_thumb_only             0x08000191   Thumb Code     0  __scatter.o(!!!scatter)
    __scatterload_null                       0x0800019f   Thumb Code     0  __scatter.o(!!!scatter)
    __scatterload_copy                       0x080001c5   Thumb Code    26  __scatter_copy.o(!!handler_copy)
    __scatterload_zeroinit                   0x080001e1   Thumb Code    28  __scatter_zi.o(!!handler_zi)
    _printf_n                                0x080001fd   Thumb Code     0  _printf_n.o(.ARM.Collect$$_printf_percent$$00000001)
    _printf_percent                          0x080001fd   Thumb Code     0  _printf_percent.o(.ARM.Collect$$_printf_percent$$00000000)
    _printf_p                                0x08000203   Thumb Code     0  _printf_p.o(.ARM.Collect$$_printf_percent$$00000002)
    _printf_f                                0x08000209   Thumb Code     0  _printf_f.o(.ARM.Collect$$_printf_percent$$00000003)
    _printf_e                                0x0800020f   Thumb Code     0  _printf_e.o(.ARM.Collect$$_printf_percent$$00000004)
    _printf_g                                0x08000215   Thumb Code     0  _printf_g.o(.ARM.Collect$$_printf_percent$$00000005)
    _printf_a                                0x0800021b   Thumb Code     0  _printf_a.o(.ARM.Collect$$_printf_percent$$00000006)
    _printf_ll                               0x08000221   Thumb Code     0  _printf_ll.o(.ARM.Collect$$_printf_percent$$00000007)
    _printf_i                                0x0800022b   Thumb Code     0  _printf_i.o(.ARM.Collect$$_printf_percent$$00000008)
    _printf_d                                0x08000231   Thumb Code     0  _printf_d.o(.ARM.Collect$$_printf_percent$$00000009)
    _printf_u                                0x08000237   Thumb Code     0  _printf_u.o(.ARM.Collect$$_printf_percent$$0000000A)
    _printf_o                                0x0800023d   Thumb Code     0  _printf_o.o(.ARM.Collect$$_printf_percent$$0000000B)
    _printf_x                                0x08000243   Thumb Code     0  _printf_x.o(.ARM.Collect$$_printf_percent$$0000000C)
    _printf_lli                              0x08000249   Thumb Code     0  _printf_lli.o(.ARM.Collect$$_printf_percent$$0000000D)
    _printf_lld                              0x0800024f   Thumb Code     0  _printf_lld.o(.ARM.Collect$$_printf_percent$$0000000E)
    _printf_llu                              0x08000255   Thumb Code     0  _printf_llu.o(.ARM.Collect$$_printf_percent$$0000000F)
    _printf_llo                              0x0800025b   Thumb Code     0  _printf_llo.o(.ARM.Collect$$_printf_percent$$00000010)
    _printf_llx                              0x08000261   Thumb Code     0  _printf_llx.o(.ARM.Collect$$_printf_percent$$00000011)
    _printf_l                                0x08000267   Thumb Code     0  _printf_l.o(.ARM.Collect$$_printf_percent$$00000012)
    _printf_c                                0x08000271   Thumb Code     0  _printf_c.o(.ARM.Collect$$_printf_percent$$00000013)
    _printf_s                                0x08000277   Thumb Code     0  _printf_s.o(.ARM.Collect$$_printf_percent$$00000014)
    _printf_lc                               0x0800027d   Thumb Code     0  _printf_lc.o(.ARM.Collect$$_printf_percent$$00000015)
    _printf_ls                               0x08000283   Thumb Code     0  _printf_ls.o(.ARM.Collect$$_printf_percent$$00000016)
    _printf_percent_end                      0x08000289   Thumb Code     0  _printf_percent_end.o(.ARM.Collect$$_printf_percent$$00000017)
    __rt_lib_init                            0x0800028d   Thumb Code     0  libinit.o(.ARM.Collect$$libinit$$00000000)
    __rt_lib_init_fp_1                       0x0800028f   Thumb Code     0  libinit2.o(.ARM.Collect$$libinit$$00000001)
    __rt_lib_init_heap_1                     0x08000293   Thumb Code     0  libinit2.o(.ARM.Collect$$libinit$$0000000A)
    __rt_lib_init_lc_common                  0x08000293   Thumb Code     0  libinit2.o(.ARM.Collect$$libinit$$0000000F)
    __rt_lib_init_preinit_1                  0x08000293   Thumb Code     0  libinit2.o(.ARM.Collect$$libinit$$00000004)
    __rt_lib_init_rand_1                     0x08000293   Thumb Code     0  libinit2.o(.ARM.Collect$$libinit$$0000000E)
    __rt_lib_init_user_alloc_1               0x08000293   Thumb Code     0  libinit2.o(.ARM.Collect$$libinit$$0000000C)
    __rt_lib_init_lc_collate_1               0x08000299   Thumb Code     0  libinit2.o(.ARM.Collect$$libinit$$00000011)
    __rt_lib_init_lc_ctype_2                 0x08000299   Thumb Code     0  libinit2.o(.ARM.Collect$$libinit$$00000012)
    __rt_lib_init_lc_ctype_1                 0x080002a5   Thumb Code     0  libinit2.o(.ARM.Collect$$libinit$$00000013)
    __rt_lib_init_lc_monetary_1              0x080002a5   Thumb Code     0  libinit2.o(.ARM.Collect$$libinit$$00000015)
    __rt_lib_init_lc_numeric_2               0x080002a5   Thumb Code     0  libinit2.o(.ARM.Collect$$libinit$$00000016)
    __rt_lib_init_alloca_1                   0x080002af   Thumb Code     0  libinit2.o(.ARM.Collect$$libinit$$0000002E)
    __rt_lib_init_argv_1                     0x080002af   Thumb Code     0  libinit2.o(.ARM.Collect$$libinit$$0000002C)
    __rt_lib_init_atexit_1                   0x080002af   Thumb Code     0  libinit2.o(.ARM.Collect$$libinit$$0000001B)
    __rt_lib_init_clock_1                    0x080002af   Thumb Code     0  libinit2.o(.ARM.Collect$$libinit$$00000021)
    __rt_lib_init_cpp_1                      0x080002af   Thumb Code     0  libinit2.o(.ARM.Collect$$libinit$$00000032)
    __rt_lib_init_exceptions_1               0x080002af   Thumb Code     0  libinit2.o(.ARM.Collect$$libinit$$00000030)
    __rt_lib_init_fp_trap_1                  0x080002af   Thumb Code     0  libinit2.o(.ARM.Collect$$libinit$$0000001F)
    __rt_lib_init_getenv_1                   0x080002af   Thumb Code     0  libinit2.o(.ARM.Collect$$libinit$$00000023)
    __rt_lib_init_lc_numeric_1               0x080002af   Thumb Code     0  libinit2.o(.ARM.Collect$$libinit$$00000017)
    __rt_lib_init_lc_time_1                  0x080002af   Thumb Code     0  libinit2.o(.ARM.Collect$$libinit$$00000019)
    __rt_lib_init_return                     0x080002af   Thumb Code     0  libinit2.o(.ARM.Collect$$libinit$$00000033)
    __rt_lib_init_signal_1                   0x080002af   Thumb Code     0  libinit2.o(.ARM.Collect$$libinit$$0000001D)
    __rt_lib_init_stdio_1                    0x080002af   Thumb Code     0  libinit2.o(.ARM.Collect$$libinit$$00000025)
    __rt_lib_shutdown                        0x080002b1   Thumb Code     0  libshutdown.o(.ARM.Collect$$libshutdown$$00000000)
    __rt_lib_shutdown_cpp_1                  0x080002b3   Thumb Code     0  libshutdown2.o(.ARM.Collect$$libshutdown$$00000004)
    __rt_lib_shutdown_fini_1                 0x080002b3   Thumb Code     0  libshutdown2.o(.ARM.Collect$$libshutdown$$00000002)
    __rt_lib_shutdown_fp_trap_1              0x080002b3   Thumb Code     0  libshutdown2.o(.ARM.Collect$$libshutdown$$00000009)
    __rt_lib_shutdown_heap_1                 0x080002b3   Thumb Code     0  libshutdown2.o(.ARM.Collect$$libshutdown$$00000011)
    __rt_lib_shutdown_return                 0x080002b3   Thumb Code     0  libshutdown2.o(.ARM.Collect$$libshutdown$$00000012)
    __rt_lib_shutdown_signal_1               0x080002b3   Thumb Code     0  libshutdown2.o(.ARM.Collect$$libshutdown$$0000000C)
    __rt_lib_shutdown_stdio_1                0x080002b3   Thumb Code     0  libshutdown2.o(.ARM.Collect$$libshutdown$$00000006)
    __rt_lib_shutdown_user_alloc_1           0x080002b3   Thumb Code     0  libshutdown2.o(.ARM.Collect$$libshutdown$$0000000E)
    __rt_entry                               0x080002b5   Thumb Code     0  __rtentry.o(.ARM.Collect$$rtentry$$00000000)
    __rt_entry_presh_1                       0x080002b5   Thumb Code     0  __rtentry2.o(.ARM.Collect$$rtentry$$00000002)
    __rt_entry_sh                            0x080002b5   Thumb Code     0  __rtentry4.o(.ARM.Collect$$rtentry$$00000004)
    __rt_entry_li                            0x080002bb   Thumb Code     0  __rtentry2.o(.ARM.Collect$$rtentry$$0000000A)
    __rt_entry_postsh_1                      0x080002bb   Thumb Code     0  __rtentry2.o(.ARM.Collect$$rtentry$$00000009)
    __rt_entry_main                          0x080002bf   Thumb Code     0  __rtentry2.o(.ARM.Collect$$rtentry$$0000000D)
    __rt_entry_postli_1                      0x080002bf   Thumb Code     0  __rtentry2.o(.ARM.Collect$$rtentry$$0000000C)
    __rt_exit                                0x080002c7   Thumb Code     0  rtexit.o(.ARM.Collect$$rtexit$$00000000)
    __rt_exit_ls                             0x080002c9   Thumb Code     0  rtexit2.o(.ARM.Collect$$rtexit$$00000003)
    __rt_exit_prels_1                        0x080002c9   Thumb Code     0  rtexit2.o(.ARM.Collect$$rtexit$$00000002)
    __rt_exit_exit                           0x080002cd   Thumb Code     0  rtexit2.o(.ARM.Collect$$rtexit$$00000004)
    Reset_Handler                            0x080002d5   Thumb Code     8  startup_stm32f40_41xxx.o(.text)
    ADC_IRQHandler                           0x080002ef   Thumb Code     0  startup_stm32f40_41xxx.o(.text)
    CAN1_RX0_IRQHandler                      0x080002ef   Thumb Code     0  startup_stm32f40_41xxx.o(.text)
    CAN1_RX1_IRQHandler                      0x080002ef   Thumb Code     0  startup_stm32f40_41xxx.o(.text)
    CAN1_SCE_IRQHandler                      0x080002ef   Thumb Code     0  startup_stm32f40_41xxx.o(.text)
    CAN1_TX_IRQHandler                       0x080002ef   Thumb Code     0  startup_stm32f40_41xxx.o(.text)
    CAN2_RX0_IRQHandler                      0x080002ef   Thumb Code     0  startup_stm32f40_41xxx.o(.text)
    CAN2_RX1_IRQHandler                      0x080002ef   Thumb Code     0  startup_stm32f40_41xxx.o(.text)
    CAN2_SCE_IRQHandler                      0x080002ef   Thumb Code     0  startup_stm32f40_41xxx.o(.text)
    CAN2_TX_IRQHandler                       0x080002ef   Thumb Code     0  startup_stm32f40_41xxx.o(.text)
    CRYP_IRQHandler                          0x080002ef   Thumb Code     0  startup_stm32f40_41xxx.o(.text)
    DCMI_IRQHandler                          0x080002ef   Thumb Code     0  startup_stm32f40_41xxx.o(.text)
    DMA1_Stream0_IRQHandler                  0x080002ef   Thumb Code     0  startup_stm32f40_41xxx.o(.text)
    DMA1_Stream1_IRQHandler                  0x080002ef   Thumb Code     0  startup_stm32f40_41xxx.o(.text)
    DMA1_Stream2_IRQHandler                  0x080002ef   Thumb Code     0  startup_stm32f40_41xxx.o(.text)
    DMA1_Stream3_IRQHandler                  0x080002ef   Thumb Code     0  startup_stm32f40_41xxx.o(.text)
    DMA1_Stream4_IRQHandler                  0x080002ef   Thumb Code     0  startup_stm32f40_41xxx.o(.text)
    DMA1_Stream5_IRQHandler                  0x080002ef   Thumb Code     0  startup_stm32f40_41xxx.o(.text)
    DMA1_Stream6_IRQHandler                  0x080002ef   Thumb Code     0  startup_stm32f40_41xxx.o(.text)
    DMA1_Stream7_IRQHandler                  0x080002ef   Thumb Code     0  startup_stm32f40_41xxx.o(.text)
    DMA2_Stream0_IRQHandler                  0x080002ef   Thumb Code     0  startup_stm32f40_41xxx.o(.text)
    DMA2_Stream1_IRQHandler                  0x080002ef   Thumb Code     0  startup_stm32f40_41xxx.o(.text)
    DMA2_Stream2_IRQHandler                  0x080002ef   Thumb Code     0  startup_stm32f40_41xxx.o(.text)
    DMA2_Stream3_IRQHandler                  0x080002ef   Thumb Code     0  startup_stm32f40_41xxx.o(.text)
    DMA2_Stream4_IRQHandler                  0x080002ef   Thumb Code     0  startup_stm32f40_41xxx.o(.text)
    DMA2_Stream5_IRQHandler                  0x080002ef   Thumb Code     0  startup_stm32f40_41xxx.o(.text)
    DMA2_Stream6_IRQHandler                  0x080002ef   Thumb Code     0  startup_stm32f40_41xxx.o(.text)
    DMA2_Stream7_IRQHandler                  0x080002ef   Thumb Code     0  startup_stm32f40_41xxx.o(.text)
    ETH_IRQHandler                           0x080002ef   Thumb Code     0  startup_stm32f40_41xxx.o(.text)
    ETH_WKUP_IRQHandler                      0x080002ef   Thumb Code     0  startup_stm32f40_41xxx.o(.text)
    EXTI0_IRQHandler                         0x080002ef   Thumb Code     0  startup_stm32f40_41xxx.o(.text)
    EXTI15_10_IRQHandler                     0x080002ef   Thumb Code     0  startup_stm32f40_41xxx.o(.text)
    EXTI1_IRQHandler                         0x080002ef   Thumb Code     0  startup_stm32f40_41xxx.o(.text)
    EXTI2_IRQHandler                         0x080002ef   Thumb Code     0  startup_stm32f40_41xxx.o(.text)
    EXTI3_IRQHandler                         0x080002ef   Thumb Code     0  startup_stm32f40_41xxx.o(.text)
    EXTI4_IRQHandler                         0x080002ef   Thumb Code     0  startup_stm32f40_41xxx.o(.text)
    EXTI9_5_IRQHandler                       0x080002ef   Thumb Code     0  startup_stm32f40_41xxx.o(.text)
    FLASH_IRQHandler                         0x080002ef   Thumb Code     0  startup_stm32f40_41xxx.o(.text)
    FPU_IRQHandler                           0x080002ef   Thumb Code     0  startup_stm32f40_41xxx.o(.text)
    FSMC_IRQHandler                          0x080002ef   Thumb Code     0  startup_stm32f40_41xxx.o(.text)
    HASH_RNG_IRQHandler                      0x080002ef   Thumb Code     0  startup_stm32f40_41xxx.o(.text)
    I2C1_ER_IRQHandler                       0x080002ef   Thumb Code     0  startup_stm32f40_41xxx.o(.text)
    I2C1_EV_IRQHandler                       0x080002ef   Thumb Code     0  startup_stm32f40_41xxx.o(.text)
    I2C2_ER_IRQHandler                       0x080002ef   Thumb Code     0  startup_stm32f40_41xxx.o(.text)
    I2C2_EV_IRQHandler                       0x080002ef   Thumb Code     0  startup_stm32f40_41xxx.o(.text)
    I2C3_ER_IRQHandler                       0x080002ef   Thumb Code     0  startup_stm32f40_41xxx.o(.text)
    I2C3_EV_IRQHandler                       0x080002ef   Thumb Code     0  startup_stm32f40_41xxx.o(.text)
    OTG_FS_IRQHandler                        0x080002ef   Thumb Code     0  startup_stm32f40_41xxx.o(.text)
    OTG_FS_WKUP_IRQHandler                   0x080002ef   Thumb Code     0  startup_stm32f40_41xxx.o(.text)
    OTG_HS_EP1_IN_IRQHandler                 0x080002ef   Thumb Code     0  startup_stm32f40_41xxx.o(.text)
    OTG_HS_EP1_OUT_IRQHandler                0x080002ef   Thumb Code     0  startup_stm32f40_41xxx.o(.text)
    OTG_HS_IRQHandler                        0x080002ef   Thumb Code     0  startup_stm32f40_41xxx.o(.text)
    OTG_HS_WKUP_IRQHandler                   0x080002ef   Thumb Code     0  startup_stm32f40_41xxx.o(.text)
    PVD_IRQHandler                           0x080002ef   Thumb Code     0  startup_stm32f40_41xxx.o(.text)
    RCC_IRQHandler                           0x080002ef   Thumb Code     0  startup_stm32f40_41xxx.o(.text)
    RTC_Alarm_IRQHandler                     0x080002ef   Thumb Code     0  startup_stm32f40_41xxx.o(.text)
    RTC_WKUP_IRQHandler                      0x080002ef   Thumb Code     0  startup_stm32f40_41xxx.o(.text)
    SPI1_IRQHandler                          0x080002ef   Thumb Code     0  startup_stm32f40_41xxx.o(.text)
    SPI2_IRQHandler                          0x080002ef   Thumb Code     0  startup_stm32f40_41xxx.o(.text)
    SPI3_IRQHandler                          0x080002ef   Thumb Code     0  startup_stm32f40_41xxx.o(.text)
    TAMP_STAMP_IRQHandler                    0x080002ef   Thumb Code     0  startup_stm32f40_41xxx.o(.text)
    TIM1_BRK_TIM9_IRQHandler                 0x080002ef   Thumb Code     0  startup_stm32f40_41xxx.o(.text)
    TIM1_CC_IRQHandler                       0x080002ef   Thumb Code     0  startup_stm32f40_41xxx.o(.text)
    TIM1_TRG_COM_TIM11_IRQHandler            0x080002ef   Thumb Code     0  startup_stm32f40_41xxx.o(.text)
    TIM1_UP_TIM10_IRQHandler                 0x080002ef   Thumb Code     0  startup_stm32f40_41xxx.o(.text)
    TIM2_IRQHandler                          0x080002ef   Thumb Code     0  startup_stm32f40_41xxx.o(.text)
    TIM3_IRQHandler                          0x080002ef   Thumb Code     0  startup_stm32f40_41xxx.o(.text)
    TIM4_IRQHandler                          0x080002ef   Thumb Code     0  startup_stm32f40_41xxx.o(.text)
    TIM5_IRQHandler                          0x080002ef   Thumb Code     0  startup_stm32f40_41xxx.o(.text)
    TIM6_DAC_IRQHandler                      0x080002ef   Thumb Code     0  startup_stm32f40_41xxx.o(.text)
    TIM7_IRQHandler                          0x080002ef   Thumb Code     0  startup_stm32f40_41xxx.o(.text)
    TIM8_BRK_TIM12_IRQHandler                0x080002ef   Thumb Code     0  startup_stm32f40_41xxx.o(.text)
    TIM8_CC_IRQHandler                       0x080002ef   Thumb Code     0  startup_stm32f40_41xxx.o(.text)
    TIM8_TRG_COM_TIM14_IRQHandler            0x080002ef   Thumb Code     0  startup_stm32f40_41xxx.o(.text)
    TIM8_UP_TIM13_IRQHandler                 0x080002ef   Thumb Code     0  startup_stm32f40_41xxx.o(.text)
    USART6_IRQHandler                        0x080002ef   Thumb Code     0  startup_stm32f40_41xxx.o(.text)
    WWDG_IRQHandler                          0x080002ef   Thumb Code     0  startup_stm32f40_41xxx.o(.text)
    __user_initial_stackheap                 0x080002f1   Thumb Code     0  startup_stm32f40_41xxx.o(.text)
    __use_no_semihosting                     0x08000315   Thumb Code     2  use_no_semi_2.o(.text)
    __c89vsprintf                            0x08000319   Thumb Code    32  c89vsprintf.o(.text)
    __2printf                                0x0800033d   Thumb Code    20  __2printf.o(.text)
    _printf_str                              0x08000355   Thumb Code    82  _printf_str.o(.text)
    _printf_longlong_hex                     0x080003a9   Thumb Code    86  _printf_hex_int_ll_ptr.o(.text)
    _printf_int_hex                          0x080003ff   Thumb Code    28  _printf_hex_int_ll_ptr.o(.text)
    _printf_ll_hex                           0x0800041b   Thumb Code    12  _printf_hex_int_ll_ptr.o(.text)
    _printf_hex_ptr                          0x08000427   Thumb Code    18  _printf_hex_int_ll_ptr.o(.text)
    __printf                                 0x0800043d   Thumb Code   388  __printf_flags_ss_wp.o(.text)
    strlen                                   0x080005c5   Thumb Code    62  strlen.o(.text)
    __aeabi_memclr                           0x08000603   Thumb Code     0  rt_memclr.o(.text)
    __rt_memclr                              0x08000603   Thumb Code    68  rt_memclr.o(.text)
    _memset                                  0x08000607   Thumb Code     0  rt_memclr.o(.text)
    strcmp                                   0x08000649   Thumb Code   128  strcmpv7m.o(.text)
    __use_two_region_memory                  0x080006c9   Thumb Code     2  heapauxi.o(.text)
    __rt_heap_escrow$2region                 0x080006cb   Thumb Code     2  heapauxi.o(.text)
    __rt_heap_expand$2region                 0x080006cd   Thumb Code     2  heapauxi.o(.text)
    __I$use$semihosting                      0x080006cf   Thumb Code     0  use_no_semi.o(.text)
    __use_no_semihosting_swi                 0x080006cf   Thumb Code     2  use_no_semi.o(.text)
    __read_errno                             0x080006d1   Thumb Code    10  _rserrno.o(.text)
    __set_errno                              0x080006db   Thumb Code    12  _rserrno.o(.text)
    _printf_pre_padding                      0x080006e7   Thumb Code    44  _printf_pad.o(.text)
    _printf_post_padding                     0x08000713   Thumb Code    34  _printf_pad.o(.text)
    _printf_truncate_signed                  0x08000735   Thumb Code    18  _printf_truncate.o(.text)
    _printf_truncate_unsigned                0x08000747   Thumb Code    18  _printf_truncate.o(.text)
    _printf_int_common                       0x08000759   Thumb Code   178  _printf_intcommon.o(.text)
    _printf_int_dec                          0x0800080d   Thumb Code   104  _printf_dec.o(.text)
    _printf_charcount                        0x08000885   Thumb Code    40  _printf_charcount.o(.text)
    _printf_char_common                      0x080008b7   Thumb Code    32  _printf_char_common.o(.text)
    _sputc                                   0x080008dd   Thumb Code    10  _sputc.o(.text)
    _printf_cs_common                        0x080008e7   Thumb Code    20  _printf_char.o(.text)
    _printf_char                             0x080008fb   Thumb Code    16  _printf_char.o(.text)
    _printf_string                           0x0800090b   Thumb Code     8  _printf_char.o(.text)
    _printf_char_file                        0x08000915   Thumb Code    32  _printf_char_file.o(.text)
    _printf_wctomb                           0x08000939   Thumb Code   182  _printf_wctomb.o(.text)
    _printf_longlong_dec                     0x080009f5   Thumb Code   108  _printf_longlong_dec.o(.text)
    _printf_longlong_oct                     0x08000a71   Thumb Code    66  _printf_oct_int_ll.o(.text)
    _printf_int_oct                          0x08000ab3   Thumb Code    24  _printf_oct_int_ll.o(.text)
    _printf_ll_oct                           0x08000acb   Thumb Code    12  _printf_oct_int_ll.o(.text)
    __aeabi_memclr4                          0x08000ae1   Thumb Code     0  rt_memclr_w.o(.text)
    __aeabi_memclr8                          0x08000ae1   Thumb Code     0  rt_memclr_w.o(.text)
    __rt_memclr_w                            0x08000ae1   Thumb Code    78  rt_memclr_w.o(.text)
    _memset_w                                0x08000ae5   Thumb Code     0  rt_memclr_w.o(.text)
    __aeabi_errno_addr                       0x08000b31   Thumb Code     8  rt_errno_addr_intlibspace.o(.text)
    __errno$intlibspace                      0x08000b31   Thumb Code     0  rt_errno_addr_intlibspace.o(.text)
    __rt_errno_addr$intlibspace              0x08000b31   Thumb Code     0  rt_errno_addr_intlibspace.o(.text)
    _ll_udiv10                               0x08000b39   Thumb Code   138  lludiv10.o(.text)
    __lib_sel_fp_printf                      0x08000bc3   Thumb Code     2  _printf_fp_dec.o(.text)
    _printf_fp_dec_real                      0x08000d75   Thumb Code   620  _printf_fp_dec.o(.text)
    _printf_lcs_common                       0x08000fe1   Thumb Code    20  _printf_wchar.o(.text)
    _printf_wchar                            0x08000ff5   Thumb Code    16  _printf_wchar.o(.text)
    _printf_wstring                          0x08001005   Thumb Code     8  _printf_wchar.o(.text)
    ferror                                   0x0800100d   Thumb Code     8  ferror.o(.text)
    _wcrtomb                                 0x08001015   Thumb Code    64  _wcrtomb.o(.text)
    __user_libspace                          0x08001055   Thumb Code     8  libspace.o(.text)
    __user_perproc_libspace                  0x08001055   Thumb Code     0  libspace.o(.text)
    __user_perthread_libspace                0x08001055   Thumb Code     0  libspace.o(.text)
    __user_setup_stackheap                   0x0800105d   Thumb Code    74  sys_stackheap_outer.o(.text)
    __rt_ctype_table                         0x080010a9   Thumb Code    16  rt_ctype_table.o(.text)
    __rt_locale                              0x080010b9   Thumb Code     8  rt_locale_intlibspace.o(.text)
    _printf_fp_infnan                        0x080010c1   Thumb Code   112  _printf_fp_infnan.o(.text)
    _btod_etento                             0x08001141   Thumb Code   224  bigflt0.o(.text)
    exit                                     0x08001225   Thumb Code    18  exit.o(.text)
    _btod_d2e                                0x08001237   Thumb Code    62  btod.o(CL$$btod_d2e)
    _d2e_denorm_low                          0x08001275   Thumb Code    70  btod.o(CL$$btod_d2e_denorm_low)
    _d2e_norm_op1                            0x080012bb   Thumb Code    96  btod.o(CL$$btod_d2e_norm_op1)
    __btod_div_common                        0x0800131b   Thumb Code   696  btod.o(CL$$btod_div_common)
    _e2e                                     0x08001653   Thumb Code   220  btod.o(CL$$btod_e2e)
    _btod_ediv                               0x0800172f   Thumb Code    42  btod.o(CL$$btod_ediv)
    _btod_emul                               0x08001759   Thumb Code    42  btod.o(CL$$btod_emul)
    __btod_mult_common                       0x08001783   Thumb Code   580  btod.o(CL$$btod_mult_common)
    BusFault_Handler                         0x080019c7   Thumb Code     4  stm32f4xx_it.o(i.BusFault_Handler)
    CmdResp1Error                            0x080019cd   Thumb Code    94  sdio_sdcard.o(i.CmdResp1Error)
    DebugMon_Handler                         0x08001a31   Thumb Code     2  stm32f4xx_it.o(i.DebugMon_Handler)
    DrawFont_GBK16B                          0x08001a35   Thumb Code    70  gbk_libdrive.o(i.DrawFont_GBK16B)
    FSMC_NORSRAMCmd                          0x08001a85   Thumb Code    46  stm32f4xx_fsmc.o(i.FSMC_NORSRAMCmd)
    FSMC_NORSRAMInit                         0x08001ab9   Thumb Code   230  stm32f4xx_fsmc.o(i.FSMC_NORSRAMInit)
    FontLib_Read                             0x08001ba1   Thumb Code    94  gbk_libdrive.o(i.FontLib_Read)
    Font_SPI_WR                              0x08001c05   Thumb Code    86  gbk_libdrive.o(i.Font_SPI_WR)
    GBK_GetASC_Point                         0x08001c65   Thumb Code   126  gbk_libdrive.o(i.GBK_GetASC_Point)
    GBK_Lib_GetHz                            0x08001cf9   Thumb Code   168  gbk_libdrive.o(i.GBK_Lib_GetHz)
    GBK_Lib_Init                             0x08001da9   Thumb Code   114  gbk_libdrive.o(i.GBK_Lib_Init)
    GBK_ReadID                               0x08001e29   Thumb Code   150  gbk_libdrive.o(i.GBK_ReadID)
    GBK_ShowASCII                            0x08001ebf   Thumb Code   226  gbk_libdrive.o(i.GBK_ShowASCII)
    GBK_Show_Font                            0x08001fa1   Thumb Code   194  gbk_libdrive.o(i.GBK_Show_Font)
    GBK_Show_Str                             0x08002063   Thumb Code   210  gbk_libdrive.o(i.GBK_Show_Str)
    GBK_delay                                0x08002135   Thumb Code    26  gbk_libdrive.o(i.GBK_delay)
    GPIO_Init                                0x0800214f   Thumb Code   144  stm32f4xx_gpio.o(i.GPIO_Init)
    GPIO_PinAFConfig                         0x080021df   Thumb Code    70  stm32f4xx_gpio.o(i.GPIO_PinAFConfig)
    GPIO_ReadInputDataBit                    0x08002225   Thumb Code    18  stm32f4xx_gpio.o(i.GPIO_ReadInputDataBit)
    GPIO_ResetBits                           0x08002237   Thumb Code     4  stm32f4xx_gpio.o(i.GPIO_ResetBits)
    GPIO_SetBits                             0x0800223b   Thumb Code     4  stm32f4xx_gpio.o(i.GPIO_SetBits)
    HardFault_Handler                        0x0800223f   Thumb Code     4  stm32f4xx_it.o(i.HardFault_Handler)
    KEY_Init                                 0x08002245   Thumb Code    62  key.o(i.KEY_Init)
    KEY_Scan                                 0x0800228d   Thumb Code   162  key.o(i.KEY_Scan)
    LCD_BGR2RGB                              0x0800233d   Thumb Code    26  lcd.o(i.LCD_BGR2RGB)
    LCD_Clear                                0x08002359   Thumb Code    60  lcd.o(i.LCD_Clear)
    LCD_Display_Dir                          0x0800239d   Thumb Code   184  lcd.o(i.LCD_Display_Dir)
    LCD_DrawLine                             0x08002459   Thumb Code   172  lcd.o(i.LCD_DrawLine)
    LCD_DrawPoint                            0x08002505   Thumb Code    28  lcd.o(i.LCD_DrawPoint)
    LCD_Draw_Circle                          0x08002529   Thumb Code   170  lcd.o(i.LCD_Draw_Circle)
    LCD_Fast_DrawPoint                       0x080025d5   Thumb Code    76  lcd.o(i.LCD_Fast_DrawPoint)
    LCD_Init                                 0x08002629   Thumb Code  1262  lcd.o(i.LCD_Init)
    LCD_Pow                                  0x08002b1d   Thumb Code    22  lcd.o(i.LCD_Pow)
    LCD_RD_DATA                              0x08002b35   Thumb Code    14  lcd.o(i.LCD_RD_DATA)
    LCD_ReadPoint                            0x08002b49   Thumb Code   150  lcd.o(i.LCD_ReadPoint)
    LCD_ReadReg                              0x08002be5   Thumb Code    22  lcd.o(i.LCD_ReadReg)
    LCD_Scan_Dir                             0x08002bfd   Thumb Code   186  lcd.o(i.LCD_Scan_Dir)
    LCD_SetCursor                            0x08002cbd   Thumb Code    60  lcd.o(i.LCD_SetCursor)
    LCD_Set_Window                           0x08002cfd   Thumb Code    96  lcd.o(i.LCD_Set_Window)
    LCD_ShowChar                             0x08002d61   Thumb Code   270  lcd.o(i.LCD_ShowChar)
    LCD_ShowNum                              0x08002e85   Thumb Code   152  lcd.o(i.LCD_ShowNum)
    LCD_ShowString                           0x08002f1d   Thumb Code   106  lcd.o(i.LCD_ShowString)
    LCD_WR_DATA                              0x08002f89   Thumb Code     6  lcd.o(i.LCD_WR_DATA)
    LCD_WR_REG                               0x08002f95   Thumb Code     6  lcd.o(i.LCD_WR_REG)
    LCD_WriteRAM_Prepare                     0x08002fa1   Thumb Code    10  lcd.o(i.LCD_WriteRAM_Prepare)
    LCD_WriteReg                             0x08002fb5   Thumb Code    14  lcd.o(i.LCD_WriteReg)
    LED_Init                                 0x08002fc9   Thumb Code    60  led.o(i.LED_Init)
    Load_Drow_Dialog                         0x08003009   Thumb Code    60  main.o(i.Load_Drow_Dialog)
    MemManage_Handler                        0x08003051   Thumb Code     4  stm32f4xx_it.o(i.MemManage_Handler)
    NMI_Handler                              0x08003055   Thumb Code     2  stm32f4xx_it.o(i.NMI_Handler)
    NVIC_Init                                0x08003059   Thumb Code   106  misc.o(i.NVIC_Init)
    NVIC_PriorityGroupConfig                 0x080030d1   Thumb Code    10  misc.o(i.NVIC_PriorityGroupConfig)
    PendSV_Handler                           0x080030e5   Thumb Code     2  stm32f4xx_it.o(i.PendSV_Handler)
    RCC_AHB1PeriphClockCmd                   0x080030e9   Thumb Code    26  stm32f4xx_rcc.o(i.RCC_AHB1PeriphClockCmd)
    RCC_AHB3PeriphClockCmd                   0x08003109   Thumb Code    26  stm32f4xx_rcc.o(i.RCC_AHB3PeriphClockCmd)
    RCC_APB1PeriphClockCmd                   0x08003129   Thumb Code    26  stm32f4xx_rcc.o(i.RCC_APB1PeriphClockCmd)
    RCC_APB2PeriphClockCmd                   0x08003149   Thumb Code    26  stm32f4xx_rcc.o(i.RCC_APB2PeriphClockCmd)
    RCC_APB2PeriphResetCmd                   0x08003169   Thumb Code    26  stm32f4xx_rcc.o(i.RCC_APB2PeriphResetCmd)
    RCC_GetClocksFreq                        0x08003189   Thumb Code   214  stm32f4xx_rcc.o(i.RCC_GetClocksFreq)
    SDIO_ClearFlag                           0x08003271   Thumb Code     6  stm32f4xx_sdio.o(i.SDIO_ClearFlag)
    SDIO_GetFlagStatus                       0x0800327d   Thumb Code    20  stm32f4xx_sdio.o(i.SDIO_GetFlagStatus)
    SDIO_IRQHandler                          0x08003295   Thumb Code     8  sdio_sdcard.o(i.SDIO_IRQHandler)
    SDIO_SendCommand                         0x0800329d   Thumb Code    40  stm32f4xx_sdio.o(i.SDIO_SendCommand)
    SD_ProcessIRQSrc                         0x080032c9   Thumb Code   318  sdio_sdcard.o(i.SD_ProcessIRQSrc)
    SPI1_Init                                0x0800341d   Thumb Code   186  spi.o(i.SPI1_Init)
    SPI1_ReadWriteByte                       0x080034e1   Thumb Code    50  spi.o(i.SPI1_ReadWriteByte)
    SPI1_SetSpeed                            0x08003519   Thumb Code    36  spi.o(i.SPI1_SetSpeed)
    SPI_Cmd                                  0x08003541   Thumb Code    24  stm32f4xx_spi.o(i.SPI_Cmd)
    SPI_I2S_GetFlagStatus                    0x08003559   Thumb Code    18  stm32f4xx_spi.o(i.SPI_I2S_GetFlagStatus)
    SPI_I2S_ReceiveData                      0x0800356b   Thumb Code     6  stm32f4xx_spi.o(i.SPI_I2S_ReceiveData)
    SPI_I2S_SendData                         0x08003571   Thumb Code     4  stm32f4xx_spi.o(i.SPI_I2S_SendData)
    SPI_Init                                 0x08003575   Thumb Code    60  stm32f4xx_spi.o(i.SPI_Init)
    SVC_Handler                              0x080035b1   Thumb Code     2  stm32f4xx_it.o(i.SVC_Handler)
    Save_lcd_screen                          0x080035b3   Thumb Code    84  lcd.o(i.Save_lcd_screen)
    Show_Srceen                              0x080036f5   Thumb Code    72  dis_picture.o(i.Show_Srceen)
    SysTick_CLKSourceConfig                  0x08003741   Thumb Code    40  misc.o(i.SysTick_CLKSourceConfig)
    SysTick_Handler                          0x08003769   Thumb Code     2  stm32f4xx_it.o(i.SysTick_Handler)
    SystemInit                               0x0800376d   Thumb Code    88  system_stm32f4xx.o(i.SystemInit)
    TP_Adj_Info_Show                         0x080037d5   Thumb Code   482  touch.o(i.TP_Adj_Info_Show)
    TP_Adjust                                0x080039e9   Thumb Code  2426  touch.o(i.TP_Adjust)
    TP_Draw_Big_Point                        0x0800437d   Thumb Code    54  touch.o(i.TP_Draw_Big_Point)
    TP_Drow_Touch_Point                      0x080043b9   Thumb Code   114  touch.o(i.TP_Drow_Touch_Point)
    TP_Get_Adjdata                           0x08004431   Thumb Code   218  touch.o(i.TP_Get_Adjdata)
    TP_Init                                  0x08004521   Thumb Code   150  touch.o(i.TP_Init)
    TP_Read_AD                               0x080045c9   Thumb Code   132  touch.o(i.TP_Read_AD)
    TP_Read_XOY                              0x0800465d   Thumb Code   120  touch.o(i.TP_Read_XOY)
    TP_Read_XY                               0x080046d5   Thumb Code    38  touch.o(i.TP_Read_XY)
    TP_Read_XY2                              0x08004705   Thumb Code   192  touch.o(i.TP_Read_XY2)
    TP_Save_Adjdata                          0x080047c5   Thumb Code   138  touch.o(i.TP_Save_Adjdata)
    TP_Scan                                  0x0800485d   Thumb Code   220  touch.o(i.TP_Scan)
    TP_Write_Byte                            0x08004941   Thumb Code    64  touch.o(i.TP_Write_Byte)
    UART4_IRQHandler                         0x0800498d   Thumb Code    32  uart4.o(i.UART4_IRQHandler)
    UART5_IRQHandler                         0x080049c9   Thumb Code    32  uart5.o(i.UART5_IRQHandler)
    USART1_IRQHandler                        0x08004a05   Thumb Code   122  usart.o(i.USART1_IRQHandler)
    USART2_IRQHandler                        0x08004a8d   Thumb Code   122  uart2.o(i.USART2_IRQHandler)
    USART3_IRQHandler                        0x08004b15   Thumb Code    32  uart3.o(i.USART3_IRQHandler)
    USART_Cmd                                0x08004b51   Thumb Code    24  stm32f4xx_usart.o(i.USART_Cmd)
    USART_GetFlagStatus                      0x08004b69   Thumb Code    26  stm32f4xx_usart.o(i.USART_GetFlagStatus)
    USART_GetITStatus                        0x08004b83   Thumb Code    84  stm32f4xx_usart.o(i.USART_GetITStatus)
    USART_ITConfig                           0x08004bd7   Thumb Code    74  stm32f4xx_usart.o(i.USART_ITConfig)
    USART_Init                               0x08004c21   Thumb Code   204  stm32f4xx_usart.o(i.USART_Init)
    USART_ReceiveData                        0x08004cf5   Thumb Code    10  stm32f4xx_usart.o(i.USART_ReceiveData)
    USART_SendData                           0x08004cff   Thumb Code     8  stm32f4xx_usart.o(i.USART_SendData)
    UsageFault_Handler                       0x08004d07   Thumb Code     4  stm32f4xx_it.o(i.UsageFault_Handler)
    W25QXX_Erase_Chip                        0x08004d0d   Thumb Code    36  w25qxx.o(i.W25QXX_Erase_Chip)
    W25QXX_Erase_Sector                      0x08004d39   Thumb Code    70  w25qxx.o(i.W25QXX_Erase_Sector)
    W25QXX_Init                              0x08004d91   Thumb Code   102  w25qxx.o(i.W25QXX_Init)
    W25QXX_Read                              0x08004e09   Thumb Code    74  w25qxx.o(i.W25QXX_Read)
    W25QXX_ReadID                            0x08004e59   Thumb Code    64  w25qxx.o(i.W25QXX_ReadID)
    W25QXX_ReadSR                            0x08004ea1   Thumb Code    36  w25qxx.o(i.W25QXX_ReadSR)
    W25QXX_Read_2Byte                        0x08004ecd   Thumb Code    72  w25qxx.o(i.W25QXX_Read_2Byte)
    W25QXX_Wait_Busy                         0x08004f1d   Thumb Code    18  w25qxx.o(i.W25QXX_Wait_Busy)
    W25QXX_Write                             0x08004f31   Thumb Code   180  w25qxx.o(i.W25QXX_Write)
    W25QXX_Write_2Byte                       0x08004fe9   Thumb Code    72  w25qxx.o(i.W25QXX_Write_2Byte)
    W25QXX_Write_Enable                      0x08005039   Thumb Code    24  w25qxx.o(i.W25QXX_Write_Enable)
    W25QXX_Write_NoCheck                     0x08005059   Thumb Code    70  w25qxx.o(i.W25QXX_Write_NoCheck)
    W25QXX_Write_Page                        0x080050a1   Thumb Code    80  w25qxx.o(i.W25QXX_Write_Page)
    __ARM_fpclassify                         0x080050f5   Thumb Code    48  fpclassify.o(i.__ARM_fpclassify)
    __hardfp_sqrt                            0x08005125   Thumb Code   122  sqrt.o(i.__hardfp_sqrt)
    _is_digit                                0x0800519f   Thumb Code    14  __printf_wp.o(i._is_digit)
    _sys_exit                                0x080051ad   Thumb Code     4  usart.o(i._sys_exit)
    delay_init                               0x080051b1   Thumb Code    52  delay.o(i.delay_init)
    delay_ms                                 0x080051ed   Thumb Code    56  delay.o(i.delay_ms)
    delay_us                                 0x08005225   Thumb Code    72  delay.o(i.delay_us)
    delay_xms                                0x08005271   Thumb Code    72  delay.o(i.delay_xms)
    fputc                                    0x080052bd   Thumb Code    22  usart.o(i.fputc)
    main                                     0x080052d9   Thumb Code   220  main.o(i.main)
    myStyle_Show_Picture                     0x0800540d   Thumb Code    72  dis_picture.o(i.myStyle_Show_Picture)
    opt_delay                                0x0800545d   Thumb Code    14  lcd.o(i.opt_delay)
    rtp_test                                 0x0800546d   Thumb Code   292  main.o(i.rtp_test)
    u3_printf                                0x080055f9   Thumb Code    74  uart3.o(i.u3_printf)
    u4_printf                                0x08005649   Thumb Code    74  uart4.o(i.u4_printf)
    u5_printf                                0x08005699   Thumb Code    74  uart5.o(i.u5_printf)
    uart2_init                               0x080056e9   Thumb Code   164  uart2.o(i.uart2_init)
    uart_init                                0x08005795   Thumb Code   164  usart.o(i.uart_init)
    _get_lc_numeric                          0x08005841   Thumb Code    44  lc_numeric_c.o(locale$$code)
    _get_lc_ctype                            0x0800586d   Thumb Code    44  lc_ctype_c.o(locale$$code)
    __fpl_dcmp_Inf                           0x08005899   Thumb Code    24  dcmpi.o(x$fpl$dcmpinf)
    __aeabi_d2uiz                            0x080058b1   Thumb Code     0  dfixu.o(x$fpl$dfixu)
    _dfixu                                   0x080058b1   Thumb Code    90  dfixu.o(x$fpl$dfixu)
    __aeabi_ui2d                             0x0800590b   Thumb Code     0  dflt_clz.o(x$fpl$dfltu)
    _dfltu                                   0x0800590b   Thumb Code    38  dflt_clz.o(x$fpl$dfltu)
    __aeabi_cdcmple                          0x08005931   Thumb Code     0  dleqf.o(x$fpl$dleqf)
    _dcmple                                  0x08005931   Thumb Code   120  dleqf.o(x$fpl$dleqf)
    __fpl_dcmple_InfNaN                      0x08005993   Thumb Code     0  dleqf.o(x$fpl$dleqf)
    __aeabi_dmul                             0x080059a9   Thumb Code     0  dmul.o(x$fpl$dmul)
    _dmul                                    0x080059a9   Thumb Code   332  dmul.o(x$fpl$dmul)
    __fpl_dnaninf                            0x08005afd   Thumb Code   156  dnaninf.o(x$fpl$dnaninf)
    __fpl_dretinf                            0x08005b99   Thumb Code    12  dretinf.o(x$fpl$dretinf)
    __aeabi_cdrcmple                         0x08005ba5   Thumb Code     0  drleqf.o(x$fpl$drleqf)
    _drcmple                                 0x08005ba5   Thumb Code   108  drleqf.o(x$fpl$drleqf)
    _dsqrt                                   0x08005c11   Thumb Code   404  dsqrt_umaal.o(x$fpl$dsqrt)
    __aeabi_f2d                              0x08005da9   Thumb Code     0  f2d.o(x$fpl$f2d)
    _f2d                                     0x08005da9   Thumb Code    86  f2d.o(x$fpl$f2d)
    __fpl_fnaninf                            0x08005dff   Thumb Code   140  fnaninf.o(x$fpl$fnaninf)
    _fp_init                                 0x08005e8b   Thumb Code    10  fpinit.o(x$fpl$fpinit)
    __fplib_config_fpu_vfp                   0x08005e93   Thumb Code     0  fpinit.o(x$fpl$fpinit)
    __fplib_config_pureend_doubles           0x08005e93   Thumb Code     0  fpinit.o(x$fpl$fpinit)
    _printf_fp_dec                           0x08005e95   Thumb Code     4  printf1.o(x$fpl$printf1)
    __I$use$fp                               0x08005e98   Number         0  usenofp.o(x$fpl$usenofp)
    asc2_1206                                0x08005e98   Data        1140  font.o(.constdata)
    asc2_1608                                0x0800630c   Data        1520  font.o(.constdata)
    asc2_2412                                0x080068fc   Data        3420  font.o(.constdata)
    hz16                                     0x08007658   Data        2006  font.o(.constdata)
    hz24                                     0x08007e2e   Data         740  font.o(.constdata)
    gImage_LCD280                            0x08008112   Data       153600  picture.o(.constdata)
    TP_MSG                                   0x0802d914   Data           4  touch.o(.constdata)
    Region$$Table$$Base                      0x0802da6c   Number         0  anon$$obj.o(Region$$Table)
    Region$$Table$$Limit                     0x0802da8c   Number         0  anon$$obj.o(Region$$Table)
    __ctype                                  0x0802dab5   Data           0  lc_ctype_c.o(locale$$data)
    len                                      0x20000000   Data           1  main.o(.data)
    POINT_COLOR                              0x20000002   Data           2  lcd.o(.data)
    BACK_COLOR                               0x20000004   Data           2  lcd.o(.data)
    D_Color                                  0x20000006   Data           2  lcd.o(.data)
    B_Color                                  0x20000008   Data           2  lcd.o(.data)
    TransferError                            0x20000016   Data           1  sdio_sdcard.o(.data)
    TransferEnd                              0x20000017   Data           1  sdio_sdcard.o(.data)
    tempbuff                                 0x20000018   Data           4  sdio_sdcard.o(.data)
    tp_dev                                   0x2000001c   Data          56  touch.o(.data)
    CMD_RDX                                  0x20000054   Data           1  touch.o(.data)
    CMD_RDY                                  0x20000055   Data           1  touch.o(.data)
    TData                                    0x20000058   Data           4  touch.o(.data)
    W25QXX_TYPE                              0x2000005c   Data           2  w25qxx.o(.data)
    __stdout                                 0x20000064   Data           4  usart.o(.data)
    USART_RX_STA                             0x20000068   Data           2  usart.o(.data)
    USART2_RX_STA                            0x2000006a   Data           2  uart2.o(.data)
    lcddev                                   0x2000007c   Data          14  lcd.o(.bss)
    SDIO_InitStructure                       0x20000090   Data          24  sdio_sdcard.o(.bss)
    SDIO_CmdInitStructure                    0x200000a8   Data          20  sdio_sdcard.o(.bss)
    SDIO_DataInitStructure                   0x200000bc   Data          24  sdio_sdcard.o(.bss)
    SDCardInfo                               0x200000f8   Data          88  sdio_sdcard.o(.bss)
    SDIO_DATA_BUFFER                         0x20000150   Data         512  sdio_sdcard.o(.bss)
    W25QXX_BUFFER                            0x20000350   Data        4096  w25qxx.o(.bss)
    USART_RX_BUF                             0x20001350   Data         200  usart.o(.bss)
    USART2_RX_BUF                            0x20001418   Data         200  uart2.o(.bss)
    __libspace_start                         0x200014e0   Data          96  libspace.o(.bss)
    __temporary_stack_top$libspace           0x20001540   Data           0  libspace.o(.bss)



==============================================================================

Memory Map of the image

  Image Entry point : 0x08000189

  Load Region LR_IROM1 (Base: 0x08000000, Size: 0x0002dc34, Max: 0x00100000, ABSOLUTE)

    Execution Region ER_IROM1 (Exec base: 0x08000000, Load base: 0x08000000, Size: 0x0002dbb8, Max: 0x00100000, ABSOLUTE)

    Exec Addr    Load Addr    Size         Type   Attr      Idx    E Section Name        Object

    0x08000000   0x08000000   0x00000188   Data   RO         1635    RESET               startup_stm32f40_41xxx.o
    0x08000188   0x08000188   0x00000008   Code   RO         3045  * !!!main             c_w.l(__main.o)
    0x08000190   0x08000190   0x00000034   Code   RO         3364    !!!scatter          c_w.l(__scatter.o)
    0x080001c4   0x080001c4   0x0000001a   Code   RO         3366    !!handler_copy      c_w.l(__scatter_copy.o)
    0x080001de   0x080001de   0x00000002   PAD
    0x080001e0   0x080001e0   0x0000001c   Code   RO         3368    !!handler_zi        c_w.l(__scatter_zi.o)
    0x080001fc   0x080001fc   0x00000000   Code   RO         3034    .ARM.Collect$$_printf_percent$$00000000  c_w.l(_printf_percent.o)
    0x080001fc   0x080001fc   0x00000006   Code   RO         3112    .ARM.Collect$$_printf_percent$$00000001  c_w.l(_printf_n.o)
    0x08000202   0x08000202   0x00000006   Code   RO         3113    .ARM.Collect$$_printf_percent$$00000002  c_w.l(_printf_p.o)
    0x08000208   0x08000208   0x00000006   Code   RO         3118    .ARM.Collect$$_printf_percent$$00000003  c_w.l(_printf_f.o)
    0x0800020e   0x0800020e   0x00000006   Code   RO         3119    .ARM.Collect$$_printf_percent$$00000004  c_w.l(_printf_e.o)
    0x08000214   0x08000214   0x00000006   Code   RO         3120    .ARM.Collect$$_printf_percent$$00000005  c_w.l(_printf_g.o)
    0x0800021a   0x0800021a   0x00000006   Code   RO         3121    .ARM.Collect$$_printf_percent$$00000006  c_w.l(_printf_a.o)
    0x08000220   0x08000220   0x0000000a   Code   RO         3126    .ARM.Collect$$_printf_percent$$00000007  c_w.l(_printf_ll.o)
    0x0800022a   0x0800022a   0x00000006   Code   RO         3115    .ARM.Collect$$_printf_percent$$00000008  c_w.l(_printf_i.o)
    0x08000230   0x08000230   0x00000006   Code   RO         3116    .ARM.Collect$$_printf_percent$$00000009  c_w.l(_printf_d.o)
    0x08000236   0x08000236   0x00000006   Code   RO         3117    .ARM.Collect$$_printf_percent$$0000000A  c_w.l(_printf_u.o)
    0x0800023c   0x0800023c   0x00000006   Code   RO         3114    .ARM.Collect$$_printf_percent$$0000000B  c_w.l(_printf_o.o)
    0x08000242   0x08000242   0x00000006   Code   RO         3033    .ARM.Collect$$_printf_percent$$0000000C  c_w.l(_printf_x.o)
    0x08000248   0x08000248   0x00000006   Code   RO         3123    .ARM.Collect$$_printf_percent$$0000000D  c_w.l(_printf_lli.o)
    0x0800024e   0x0800024e   0x00000006   Code   RO         3124    .ARM.Collect$$_printf_percent$$0000000E  c_w.l(_printf_lld.o)
    0x08000254   0x08000254   0x00000006   Code   RO         3125    .ARM.Collect$$_printf_percent$$0000000F  c_w.l(_printf_llu.o)
    0x0800025a   0x0800025a   0x00000006   Code   RO         3130    .ARM.Collect$$_printf_percent$$00000010  c_w.l(_printf_llo.o)
    0x08000260   0x08000260   0x00000006   Code   RO         3131    .ARM.Collect$$_printf_percent$$00000011  c_w.l(_printf_llx.o)
    0x08000266   0x08000266   0x0000000a   Code   RO         3127    .ARM.Collect$$_printf_percent$$00000012  c_w.l(_printf_l.o)
    0x08000270   0x08000270   0x00000006   Code   RO         3111    .ARM.Collect$$_printf_percent$$00000013  c_w.l(_printf_c.o)
    0x08000276   0x08000276   0x00000006   Code   RO         3032    .ARM.Collect$$_printf_percent$$00000014  c_w.l(_printf_s.o)
    0x0800027c   0x0800027c   0x00000006   Code   RO         3128    .ARM.Collect$$_printf_percent$$00000015  c_w.l(_printf_lc.o)
    0x08000282   0x08000282   0x00000006   Code   RO         3129    .ARM.Collect$$_printf_percent$$00000016  c_w.l(_printf_ls.o)
    0x08000288   0x08000288   0x00000004   Code   RO         3122    .ARM.Collect$$_printf_percent$$00000017  c_w.l(_printf_percent_end.o)
    0x0800028c   0x0800028c   0x00000002   Code   RO         3232    .ARM.Collect$$libinit$$00000000  c_w.l(libinit.o)
    0x0800028e   0x0800028e   0x00000004   Code   RO         3242    .ARM.Collect$$libinit$$00000001  c_w.l(libinit2.o)
    0x08000292   0x08000292   0x00000000   Code   RO         3245    .ARM.Collect$$libinit$$00000004  c_w.l(libinit2.o)
    0x08000292   0x08000292   0x00000000   Code   RO         3248    .ARM.Collect$$libinit$$0000000A  c_w.l(libinit2.o)
    0x08000292   0x08000292   0x00000000   Code   RO         3250    .ARM.Collect$$libinit$$0000000C  c_w.l(libinit2.o)
    0x08000292   0x08000292   0x00000000   Code   RO         3252    .ARM.Collect$$libinit$$0000000E  c_w.l(libinit2.o)
    0x08000292   0x08000292   0x00000006   Code   RO         3253    .ARM.Collect$$libinit$$0000000F  c_w.l(libinit2.o)
    0x08000298   0x08000298   0x00000000   Code   RO         3255    .ARM.Collect$$libinit$$00000011  c_w.l(libinit2.o)
    0x08000298   0x08000298   0x0000000c   Code   RO         3256    .ARM.Collect$$libinit$$00000012  c_w.l(libinit2.o)
    0x080002a4   0x080002a4   0x00000000   Code   RO         3257    .ARM.Collect$$libinit$$00000013  c_w.l(libinit2.o)
    0x080002a4   0x080002a4   0x00000000   Code   RO         3259    .ARM.Collect$$libinit$$00000015  c_w.l(libinit2.o)
    0x080002a4   0x080002a4   0x0000000a   Code   RO         3260    .ARM.Collect$$libinit$$00000016  c_w.l(libinit2.o)
    0x080002ae   0x080002ae   0x00000000   Code   RO         3261    .ARM.Collect$$libinit$$00000017  c_w.l(libinit2.o)
    0x080002ae   0x080002ae   0x00000000   Code   RO         3263    .ARM.Collect$$libinit$$00000019  c_w.l(libinit2.o)
    0x080002ae   0x080002ae   0x00000000   Code   RO         3265    .ARM.Collect$$libinit$$0000001B  c_w.l(libinit2.o)
    0x080002ae   0x080002ae   0x00000000   Code   RO         3267    .ARM.Collect$$libinit$$0000001D  c_w.l(libinit2.o)
    0x080002ae   0x080002ae   0x00000000   Code   RO         3269    .ARM.Collect$$libinit$$0000001F  c_w.l(libinit2.o)
    0x080002ae   0x080002ae   0x00000000   Code   RO         3271    .ARM.Collect$$libinit$$00000021  c_w.l(libinit2.o)
    0x080002ae   0x080002ae   0x00000000   Code   RO         3273    .ARM.Collect$$libinit$$00000023  c_w.l(libinit2.o)
    0x080002ae   0x080002ae   0x00000000   Code   RO         3275    .ARM.Collect$$libinit$$00000025  c_w.l(libinit2.o)
    0x080002ae   0x080002ae   0x00000000   Code   RO         3279    .ARM.Collect$$libinit$$0000002C  c_w.l(libinit2.o)
    0x080002ae   0x080002ae   0x00000000   Code   RO         3281    .ARM.Collect$$libinit$$0000002E  c_w.l(libinit2.o)
    0x080002ae   0x080002ae   0x00000000   Code   RO         3283    .ARM.Collect$$libinit$$00000030  c_w.l(libinit2.o)
    0x080002ae   0x080002ae   0x00000000   Code   RO         3285    .ARM.Collect$$libinit$$00000032  c_w.l(libinit2.o)
    0x080002ae   0x080002ae   0x00000002   Code   RO         3286    .ARM.Collect$$libinit$$00000033  c_w.l(libinit2.o)
    0x080002b0   0x080002b0   0x00000002   Code   RO         3304    .ARM.Collect$$libshutdown$$00000000  c_w.l(libshutdown.o)
    0x080002b2   0x080002b2   0x00000000   Code   RO         3314    .ARM.Collect$$libshutdown$$00000002  c_w.l(libshutdown2.o)
    0x080002b2   0x080002b2   0x00000000   Code   RO         3316    .ARM.Collect$$libshutdown$$00000004  c_w.l(libshutdown2.o)
    0x080002b2   0x080002b2   0x00000000   Code   RO         3318    .ARM.Collect$$libshutdown$$00000006  c_w.l(libshutdown2.o)
    0x080002b2   0x080002b2   0x00000000   Code   RO         3321    .ARM.Collect$$libshutdown$$00000009  c_w.l(libshutdown2.o)
    0x080002b2   0x080002b2   0x00000000   Code   RO         3324    .ARM.Collect$$libshutdown$$0000000C  c_w.l(libshutdown2.o)
    0x080002b2   0x080002b2   0x00000000   Code   RO         3326    .ARM.Collect$$libshutdown$$0000000E  c_w.l(libshutdown2.o)
    0x080002b2   0x080002b2   0x00000000   Code   RO         3329    .ARM.Collect$$libshutdown$$00000011  c_w.l(libshutdown2.o)
    0x080002b2   0x080002b2   0x00000002   Code   RO         3330    .ARM.Collect$$libshutdown$$00000012  c_w.l(libshutdown2.o)
    0x080002b4   0x080002b4   0x00000000   Code   RO         3079    .ARM.Collect$$rtentry$$00000000  c_w.l(__rtentry.o)
    0x080002b4   0x080002b4   0x00000000   Code   RO         3150    .ARM.Collect$$rtentry$$00000002  c_w.l(__rtentry2.o)
    0x080002b4   0x080002b4   0x00000006   Code   RO         3162    .ARM.Collect$$rtentry$$00000004  c_w.l(__rtentry4.o)
    0x080002ba   0x080002ba   0x00000000   Code   RO         3152    .ARM.Collect$$rtentry$$00000009  c_w.l(__rtentry2.o)
    0x080002ba   0x080002ba   0x00000004   Code   RO         3153    .ARM.Collect$$rtentry$$0000000A  c_w.l(__rtentry2.o)
    0x080002be   0x080002be   0x00000000   Code   RO         3155    .ARM.Collect$$rtentry$$0000000C  c_w.l(__rtentry2.o)
    0x080002be   0x080002be   0x00000008   Code   RO         3156    .ARM.Collect$$rtentry$$0000000D  c_w.l(__rtentry2.o)
    0x080002c6   0x080002c6   0x00000002   Code   RO         3237    .ARM.Collect$$rtexit$$00000000  c_w.l(rtexit.o)
    0x080002c8   0x080002c8   0x00000000   Code   RO         3288    .ARM.Collect$$rtexit$$00000002  c_w.l(rtexit2.o)
    0x080002c8   0x080002c8   0x00000004   Code   RO         3289    .ARM.Collect$$rtexit$$00000003  c_w.l(rtexit2.o)
    0x080002cc   0x080002cc   0x00000006   Code   RO         3290    .ARM.Collect$$rtexit$$00000004  c_w.l(rtexit2.o)
    0x080002d2   0x080002d2   0x00000002   PAD
    0x080002d4   0x080002d4   0x00000040   Code   RO         1636    .text               startup_stm32f40_41xxx.o
    0x08000314   0x08000314   0x00000002   Code   RO         2979    .text               c_w.l(use_no_semi_2.o)
    0x08000316   0x08000316   0x00000002   PAD
    0x08000318   0x08000318   0x00000024   Code   RO         2981    .text               c_w.l(c89vsprintf.o)
    0x0800033c   0x0800033c   0x00000018   Code   RO         2983    .text               c_w.l(__2printf.o)
    0x08000354   0x08000354   0x00000052   Code   RO         2989    .text               c_w.l(_printf_str.o)
    0x080003a6   0x080003a6   0x00000002   PAD
    0x080003a8   0x080003a8   0x00000094   Code   RO         3009    .text               c_w.l(_printf_hex_int_ll_ptr.o)
    0x0800043c   0x0800043c   0x00000188   Code   RO         3029    .text               c_w.l(__printf_flags_ss_wp.o)
    0x080005c4   0x080005c4   0x0000003e   Code   RO         3035    .text               c_w.l(strlen.o)
    0x08000602   0x08000602   0x00000044   Code   RO         3039    .text               c_w.l(rt_memclr.o)
    0x08000646   0x08000646   0x00000002   PAD
    0x08000648   0x08000648   0x00000080   Code   RO         3041    .text               c_w.l(strcmpv7m.o)
    0x080006c8   0x080006c8   0x00000006   Code   RO         3043    .text               c_w.l(heapauxi.o)
    0x080006ce   0x080006ce   0x00000002   Code   RO         3077    .text               c_w.l(use_no_semi.o)
    0x080006d0   0x080006d0   0x00000016   Code   RO         3080    .text               c_w.l(_rserrno.o)
    0x080006e6   0x080006e6   0x0000004e   Code   RO         3082    .text               c_w.l(_printf_pad.o)
    0x08000734   0x08000734   0x00000024   Code   RO         3084    .text               c_w.l(_printf_truncate.o)
    0x08000758   0x08000758   0x000000b2   Code   RO         3086    .text               c_w.l(_printf_intcommon.o)
    0x0800080a   0x0800080a   0x00000002   PAD
    0x0800080c   0x0800080c   0x00000078   Code   RO         3088    .text               c_w.l(_printf_dec.o)
    0x08000884   0x08000884   0x00000028   Code   RO         3090    .text               c_w.l(_printf_charcount.o)
    0x080008ac   0x080008ac   0x00000030   Code   RO         3092    .text               c_w.l(_printf_char_common.o)
    0x080008dc   0x080008dc   0x0000000a   Code   RO         3094    .text               c_w.l(_sputc.o)
    0x080008e6   0x080008e6   0x0000002c   Code   RO         3096    .text               c_w.l(_printf_char.o)
    0x08000912   0x08000912   0x00000002   PAD
    0x08000914   0x08000914   0x00000024   Code   RO         3098    .text               c_w.l(_printf_char_file.o)
    0x08000938   0x08000938   0x000000bc   Code   RO         3100    .text               c_w.l(_printf_wctomb.o)
    0x080009f4   0x080009f4   0x0000007c   Code   RO         3103    .text               c_w.l(_printf_longlong_dec.o)
    0x08000a70   0x08000a70   0x00000070   Code   RO         3109    .text               c_w.l(_printf_oct_int_ll.o)
    0x08000ae0   0x08000ae0   0x0000004e   Code   RO         3134    .text               c_w.l(rt_memclr_w.o)
    0x08000b2e   0x08000b2e   0x00000002   PAD
    0x08000b30   0x08000b30   0x00000008   Code   RO         3167    .text               c_w.l(rt_errno_addr_intlibspace.o)
    0x08000b38   0x08000b38   0x0000008a   Code   RO         3169    .text               c_w.l(lludiv10.o)
    0x08000bc2   0x08000bc2   0x0000041e   Code   RO         3171    .text               c_w.l(_printf_fp_dec.o)
    0x08000fe0   0x08000fe0   0x0000002c   Code   RO         3175    .text               c_w.l(_printf_wchar.o)
    0x0800100c   0x0800100c   0x00000008   Code   RO         3177    .text               c_w.l(ferror.o)
    0x08001014   0x08001014   0x00000040   Code   RO         3181    .text               c_w.l(_wcrtomb.o)
    0x08001054   0x08001054   0x00000008   Code   RO         3183    .text               c_w.l(libspace.o)
    0x0800105c   0x0800105c   0x0000004a   Code   RO         3186    .text               c_w.l(sys_stackheap_outer.o)
    0x080010a6   0x080010a6   0x00000002   PAD
    0x080010a8   0x080010a8   0x00000010   Code   RO         3188    .text               c_w.l(rt_ctype_table.o)
    0x080010b8   0x080010b8   0x00000008   Code   RO         3193    .text               c_w.l(rt_locale_intlibspace.o)
    0x080010c0   0x080010c0   0x00000080   Code   RO         3195    .text               c_w.l(_printf_fp_infnan.o)
    0x08001140   0x08001140   0x000000e4   Code   RO         3197    .text               c_w.l(bigflt0.o)
    0x08001224   0x08001224   0x00000012   Code   RO         3225    .text               c_w.l(exit.o)
    0x08001236   0x08001236   0x0000003e   Code   RO         3200    CL$$btod_d2e        c_w.l(btod.o)
    0x08001274   0x08001274   0x00000046   Code   RO         3202    CL$$btod_d2e_denorm_low  c_w.l(btod.o)
    0x080012ba   0x080012ba   0x00000060   Code   RO         3201    CL$$btod_d2e_norm_op1  c_w.l(btod.o)
    0x0800131a   0x0800131a   0x00000338   Code   RO         3210    CL$$btod_div_common  c_w.l(btod.o)
    0x08001652   0x08001652   0x000000dc   Code   RO         3207    CL$$btod_e2e        c_w.l(btod.o)
    0x0800172e   0x0800172e   0x0000002a   Code   RO         3204    CL$$btod_ediv       c_w.l(btod.o)
    0x08001758   0x08001758   0x0000002a   Code   RO         3203    CL$$btod_emul       c_w.l(btod.o)
    0x08001782   0x08001782   0x00000244   Code   RO         3209    CL$$btod_mult_common  c_w.l(btod.o)
    0x080019c6   0x080019c6   0x00000004   Code   RO          208    i.BusFault_Handler  stm32f4xx_it.o
    0x080019ca   0x080019ca   0x00000002   PAD
    0x080019cc   0x080019cc   0x00000064   Code   RO          892    i.CmdResp1Error     sdio_sdcard.o
    0x08001a30   0x08001a30   0x00000002   Code   RO          209    i.DebugMon_Handler  stm32f4xx_it.o
    0x08001a32   0x08001a32   0x00000002   PAD
    0x08001a34   0x08001a34   0x00000050   Code   RO          392    i.DrawFont_GBK16B   gbk_libdrive.o
    0x08001a84   0x08001a84   0x00000034   Code   RO         2373    i.FSMC_NORSRAMCmd   stm32f4xx_fsmc.o
    0x08001ab8   0x08001ab8   0x000000e6   Code   RO         2375    i.FSMC_NORSRAMInit  stm32f4xx_fsmc.o
    0x08001b9e   0x08001b9e   0x00000002   PAD
    0x08001ba0   0x08001ba0   0x00000064   Code   RO          395    i.FontLib_Read      gbk_libdrive.o
    0x08001c04   0x08001c04   0x00000060   Code   RO          396    i.Font_SPI_WR       gbk_libdrive.o
    0x08001c64   0x08001c64   0x00000094   Code   RO          397    i.GBK_GetASC_Point  gbk_libdrive.o
    0x08001cf8   0x08001cf8   0x000000b0   Code   RO          399    i.GBK_Lib_GetHz     gbk_libdrive.o
    0x08001da8   0x08001da8   0x00000080   Code   RO          400    i.GBK_Lib_Init      gbk_libdrive.o
    0x08001e28   0x08001e28   0x00000096   Code   RO          401    i.GBK_ReadID        gbk_libdrive.o
    0x08001ebe   0x08001ebe   0x000000e2   Code   RO          402    i.GBK_ShowASCII     gbk_libdrive.o
    0x08001fa0   0x08001fa0   0x000000c2   Code   RO          403    i.GBK_Show_Font     gbk_libdrive.o
    0x08002062   0x08002062   0x000000d2   Code   RO          404    i.GBK_Show_Str      gbk_libdrive.o
    0x08002134   0x08002134   0x0000001a   Code   RO          406    i.GBK_delay         gbk_libdrive.o
    0x0800214e   0x0800214e   0x00000090   Code   RO         1687    i.GPIO_Init         stm32f4xx_gpio.o
    0x080021de   0x080021de   0x00000046   Code   RO         1688    i.GPIO_PinAFConfig  stm32f4xx_gpio.o
    0x08002224   0x08002224   0x00000012   Code   RO         1691    i.GPIO_ReadInputDataBit  stm32f4xx_gpio.o
    0x08002236   0x08002236   0x00000004   Code   RO         1694    i.GPIO_ResetBits    stm32f4xx_gpio.o
    0x0800223a   0x0800223a   0x00000004   Code   RO         1695    i.GPIO_SetBits      stm32f4xx_gpio.o
    0x0800223e   0x0800223e   0x00000004   Code   RO          210    i.HardFault_Handler  stm32f4xx_it.o
    0x08002242   0x08002242   0x00000002   PAD
    0x08002244   0x08002244   0x00000048   Code   RO          362    i.KEY_Init          key.o
    0x0800228c   0x0800228c   0x000000b0   Code   RO          363    i.KEY_Scan          key.o
    0x0800233c   0x0800233c   0x0000001a   Code   RO          571    i.LCD_BGR2RGB       lcd.o
    0x08002356   0x08002356   0x00000002   PAD
    0x08002358   0x08002358   0x00000044   Code   RO          572    i.LCD_Clear         lcd.o
    0x0800239c   0x0800239c   0x000000bc   Code   RO          576    i.LCD_Display_Dir   lcd.o
    0x08002458   0x08002458   0x000000ac   Code   RO          577    i.LCD_DrawLine      lcd.o
    0x08002504   0x08002504   0x00000024   Code   RO          578    i.LCD_DrawPoint     lcd.o
    0x08002528   0x08002528   0x000000aa   Code   RO          580    i.LCD_Draw_Circle   lcd.o
    0x080025d2   0x080025d2   0x00000002   PAD
    0x080025d4   0x080025d4   0x00000054   Code   RO          581    i.LCD_Fast_DrawPoint  lcd.o
    0x08002628   0x08002628   0x000004f4   Code   RO          583    i.LCD_Init          lcd.o
    0x08002b1c   0x08002b1c   0x00000016   Code   RO          584    i.LCD_Pow           lcd.o
    0x08002b32   0x08002b32   0x00000002   PAD
    0x08002b34   0x08002b34   0x00000014   Code   RO          585    i.LCD_RD_DATA       lcd.o
    0x08002b48   0x08002b48   0x0000009c   Code   RO          586    i.LCD_ReadPoint     lcd.o
    0x08002be4   0x08002be4   0x00000016   Code   RO          587    i.LCD_ReadReg       lcd.o
    0x08002bfa   0x08002bfa   0x00000002   PAD
    0x08002bfc   0x08002bfc   0x000000c0   Code   RO          588    i.LCD_Scan_Dir      lcd.o
    0x08002cbc   0x08002cbc   0x00000040   Code   RO          589    i.LCD_SetCursor     lcd.o
    0x08002cfc   0x08002cfc   0x00000064   Code   RO          590    i.LCD_Set_Window    lcd.o
    0x08002d60   0x08002d60   0x00000124   Code   RO          591    i.LCD_ShowChar      lcd.o
    0x08002e84   0x08002e84   0x00000098   Code   RO          592    i.LCD_ShowNum       lcd.o
    0x08002f1c   0x08002f1c   0x0000006a   Code   RO          593    i.LCD_ShowString    lcd.o
    0x08002f86   0x08002f86   0x00000002   PAD
    0x08002f88   0x08002f88   0x0000000c   Code   RO          595    i.LCD_WR_DATA       lcd.o
    0x08002f94   0x08002f94   0x0000000c   Code   RO          596    i.LCD_WR_REG        lcd.o
    0x08002fa0   0x08002fa0   0x00000014   Code   RO          598    i.LCD_WriteRAM_Prepare  lcd.o
    0x08002fb4   0x08002fb4   0x00000014   Code   RO          599    i.LCD_WriteReg      lcd.o
    0x08002fc8   0x08002fc8   0x00000040   Code   RO          342    i.LED_Init          led.o
    0x08003008   0x08003008   0x00000048   Code   RO            3    i.Load_Drow_Dialog  main.o
    0x08003050   0x08003050   0x00000004   Code   RO          211    i.MemManage_Handler  stm32f4xx_it.o
    0x08003054   0x08003054   0x00000002   Code   RO          212    i.NMI_Handler       stm32f4xx_it.o
    0x08003056   0x08003056   0x00000002   PAD
    0x08003058   0x08003058   0x00000078   Code   RO         1642    i.NVIC_Init         misc.o
    0x080030d0   0x080030d0   0x00000014   Code   RO         1643    i.NVIC_PriorityGroupConfig  misc.o
    0x080030e4   0x080030e4   0x00000002   Code   RO          213    i.PendSV_Handler    stm32f4xx_it.o
    0x080030e6   0x080030e6   0x00000002   PAD
    0x080030e8   0x080030e8   0x00000020   Code   RO         1784    i.RCC_AHB1PeriphClockCmd  stm32f4xx_rcc.o
    0x08003108   0x08003108   0x00000020   Code   RO         1790    i.RCC_AHB3PeriphClockCmd  stm32f4xx_rcc.o
    0x08003128   0x08003128   0x00000020   Code   RO         1793    i.RCC_APB1PeriphClockCmd  stm32f4xx_rcc.o
    0x08003148   0x08003148   0x00000020   Code   RO         1796    i.RCC_APB2PeriphClockCmd  stm32f4xx_rcc.o
    0x08003168   0x08003168   0x00000020   Code   RO         1798    i.RCC_APB2PeriphResetCmd  stm32f4xx_rcc.o
    0x08003188   0x08003188   0x000000e8   Code   RO         1805    i.RCC_GetClocksFreq  stm32f4xx_rcc.o
    0x08003270   0x08003270   0x0000000c   Code   RO         2622    i.SDIO_ClearFlag    stm32f4xx_sdio.o
    0x0800327c   0x0800327c   0x00000018   Code   RO         2634    i.SDIO_GetFlagStatus  stm32f4xx_sdio.o
    0x08003294   0x08003294   0x00000008   Code   RO          901    i.SDIO_IRQHandler   sdio_sdcard.o
    0x0800329c   0x0800329c   0x0000002c   Code   RO         2642    i.SDIO_SendCommand  stm32f4xx_sdio.o
    0x080032c8   0x080032c8   0x00000154   Code   RO          911    i.SD_ProcessIRQSrc  sdio_sdcard.o
    0x0800341c   0x0800341c   0x000000c4   Code   RO         1105    i.SPI1_Init         spi.o
    0x080034e0   0x080034e0   0x00000038   Code   RO         1106    i.SPI1_ReadWriteByte  spi.o
    0x08003518   0x08003518   0x00000028   Code   RO         1107    i.SPI1_SetSpeed     spi.o
    0x08003540   0x08003540   0x00000018   Code   RO         2821    i.SPI_Cmd           stm32f4xx_spi.o
    0x08003558   0x08003558   0x00000012   Code   RO         2829    i.SPI_I2S_GetFlagStatus  stm32f4xx_spi.o
    0x0800356a   0x0800356a   0x00000006   Code   RO         2832    i.SPI_I2S_ReceiveData  stm32f4xx_spi.o
    0x08003570   0x08003570   0x00000004   Code   RO         2833    i.SPI_I2S_SendData  stm32f4xx_spi.o
    0x08003574   0x08003574   0x0000003c   Code   RO         2834    i.SPI_Init          stm32f4xx_spi.o
    0x080035b0   0x080035b0   0x00000002   Code   RO          214    i.SVC_Handler       stm32f4xx_it.o
    0x080035b2   0x080035b2   0x00000054   Code   RO          600    i.Save_lcd_screen   lcd.o
    0x08003606   0x08003606   0x00000002   PAD
    0x08003608   0x08003608   0x000000ec   Code   RO          305    i.SetSysClock       system_stm32f4xx.o
    0x080036f4   0x080036f4   0x0000004c   Code   RO          522    i.Show_Srceen       dis_picture.o
    0x08003740   0x08003740   0x00000028   Code   RO         1646    i.SysTick_CLKSourceConfig  misc.o
    0x08003768   0x08003768   0x00000002   Code   RO          215    i.SysTick_Handler   stm32f4xx_it.o
    0x0800376a   0x0800376a   0x00000002   PAD
    0x0800376c   0x0800376c   0x00000068   Code   RO          307    i.SystemInit        system_stm32f4xx.o
    0x080037d4   0x080037d4   0x00000214   Code   RO         1141    i.TP_Adj_Info_Show  touch.o
    0x080039e8   0x080039e8   0x00000994   Code   RO         1142    i.TP_Adjust         touch.o
    0x0800437c   0x0800437c   0x0000003c   Code   RO         1143    i.TP_Draw_Big_Point  touch.o
    0x080043b8   0x080043b8   0x00000078   Code   RO         1144    i.TP_Drow_Touch_Point  touch.o
    0x08004430   0x08004430   0x000000f0   Code   RO         1145    i.TP_Get_Adjdata    touch.o
    0x08004520   0x08004520   0x000000a8   Code   RO         1146    i.TP_Init           touch.o
    0x080045c8   0x080045c8   0x00000094   Code   RO         1147    i.TP_Read_AD        touch.o
    0x0800465c   0x0800465c   0x00000078   Code   RO         1148    i.TP_Read_XOY       touch.o
    0x080046d4   0x080046d4   0x00000030   Code   RO         1149    i.TP_Read_XY        touch.o
    0x08004704   0x08004704   0x000000c0   Code   RO         1150    i.TP_Read_XY2       touch.o
    0x080047c4   0x080047c4   0x00000098   Code   RO         1151    i.TP_Save_Adjdata   touch.o
    0x0800485c   0x0800485c   0x000000e4   Code   RO         1152    i.TP_Scan           touch.o
    0x08004940   0x08004940   0x0000004c   Code   RO         1153    i.TP_Write_Byte     touch.o
    0x0800498c   0x0800498c   0x0000003c   Code   RO         1565    i.UART4_IRQHandler  uart4.o
    0x080049c8   0x080049c8   0x0000003c   Code   RO         1600    i.UART5_IRQHandler  uart5.o
    0x08004a04   0x08004a04   0x00000088   Code   RO         1435    i.USART1_IRQHandler  usart.o
    0x08004a8c   0x08004a8c   0x00000088   Code   RO         1484    i.USART2_IRQHandler  uart2.o
    0x08004b14   0x08004b14   0x0000003c   Code   RO         1530    i.USART3_IRQHandler  uart3.o
    0x08004b50   0x08004b50   0x00000018   Code   RO         2178    i.USART_Cmd         stm32f4xx_usart.o
    0x08004b68   0x08004b68   0x0000001a   Code   RO         2181    i.USART_GetFlagStatus  stm32f4xx_usart.o
    0x08004b82   0x08004b82   0x00000054   Code   RO         2182    i.USART_GetITStatus  stm32f4xx_usart.o
    0x08004bd6   0x08004bd6   0x0000004a   Code   RO         2184    i.USART_ITConfig    stm32f4xx_usart.o
    0x08004c20   0x08004c20   0x000000d4   Code   RO         2185    i.USART_Init        stm32f4xx_usart.o
    0x08004cf4   0x08004cf4   0x0000000a   Code   RO         2192    i.USART_ReceiveData  stm32f4xx_usart.o
    0x08004cfe   0x08004cfe   0x00000008   Code   RO         2195    i.USART_SendData    stm32f4xx_usart.o
    0x08004d06   0x08004d06   0x00000004   Code   RO          216    i.UsageFault_Handler  stm32f4xx_it.o
    0x08004d0a   0x08004d0a   0x00000002   PAD
    0x08004d0c   0x08004d0c   0x0000002c   Code   RO         1250    i.W25QXX_Erase_Chip  w25qxx.o
    0x08004d38   0x08004d38   0x00000058   Code   RO         1251    i.W25QXX_Erase_Sector  w25qxx.o
    0x08004d90   0x08004d90   0x00000078   Code   RO         1252    i.W25QXX_Init       w25qxx.o
    0x08004e08   0x08004e08   0x00000050   Code   RO         1254    i.W25QXX_Read       w25qxx.o
    0x08004e58   0x08004e58   0x00000048   Code   RO         1255    i.W25QXX_ReadID     w25qxx.o
    0x08004ea0   0x08004ea0   0x0000002c   Code   RO         1256    i.W25QXX_ReadSR     w25qxx.o
    0x08004ecc   0x08004ecc   0x00000050   Code   RO         1257    i.W25QXX_Read_2Byte  w25qxx.o
    0x08004f1c   0x08004f1c   0x00000012   Code   RO         1259    i.W25QXX_Wait_Busy  w25qxx.o
    0x08004f2e   0x08004f2e   0x00000002   PAD
    0x08004f30   0x08004f30   0x000000b8   Code   RO         1260    i.W25QXX_Write      w25qxx.o
    0x08004fe8   0x08004fe8   0x00000050   Code   RO         1261    i.W25QXX_Write_2Byte  w25qxx.o
    0x08005038   0x08005038   0x00000020   Code   RO         1263    i.W25QXX_Write_Enable  w25qxx.o
    0x08005058   0x08005058   0x00000046   Code   RO         1264    i.W25QXX_Write_NoCheck  w25qxx.o
    0x0800509e   0x0800509e   0x00000002   PAD
    0x080050a0   0x080050a0   0x00000054   Code   RO         1265    i.W25QXX_Write_Page  w25qxx.o
    0x080050f4   0x080050f4   0x00000030   Code   RO         3235    i.__ARM_fpclassify  m_wm.l(fpclassify.o)
    0x08005124   0x08005124   0x0000007a   Code   RO         3065    i.__hardfp_sqrt     m_wm.l(sqrt.o)
    0x0800519e   0x0800519e   0x0000000e   Code   RO         3022    i._is_digit         c_w.l(__printf_wp.o)
    0x080051ac   0x080051ac   0x00000004   Code   RO         1436    i._sys_exit         usart.o
    0x080051b0   0x080051b0   0x0000003c   Code   RO         1377    i.delay_init        delay.o
    0x080051ec   0x080051ec   0x00000038   Code   RO         1378    i.delay_ms          delay.o
    0x08005224   0x08005224   0x0000004c   Code   RO         1379    i.delay_us          delay.o
    0x08005270   0x08005270   0x0000004c   Code   RO         1380    i.delay_xms         delay.o
    0x080052bc   0x080052bc   0x0000001c   Code   RO         1437    i.fputc             usart.o
    0x080052d8   0x080052d8   0x00000134   Code   RO            4    i.main              main.o
    0x0800540c   0x0800540c   0x00000050   Code   RO          523    i.myStyle_Show_Picture  dis_picture.o
    0x0800545c   0x0800545c   0x0000000e   Code   RO          601    i.opt_delay         lcd.o
    0x0800546a   0x0800546a   0x00000002   PAD
    0x0800546c   0x0800546c   0x0000018c   Code   RO            5    i.rtp_test          main.o
    0x080055f8   0x080055f8   0x00000050   Code   RO         1531    i.u3_printf         uart3.o
    0x08005648   0x08005648   0x00000050   Code   RO         1566    i.u4_printf         uart4.o
    0x08005698   0x08005698   0x00000050   Code   RO         1601    i.u5_printf         uart5.o
    0x080056e8   0x080056e8   0x000000ac   Code   RO         1486    i.uart2_init        uart2.o
    0x08005794   0x08005794   0x000000ac   Code   RO         1438    i.uart_init         usart.o
    0x08005840   0x08005840   0x0000002c   Code   RO         3223    locale$$code        c_w.l(lc_numeric_c.o)
    0x0800586c   0x0800586c   0x0000002c   Code   RO         3240    locale$$code        c_w.l(lc_ctype_c.o)
    0x08005898   0x08005898   0x00000018   Code   RO         3136    x$fpl$dcmpinf       fz_wm.l(dcmpi.o)
    0x080058b0   0x080058b0   0x0000005a   Code   RO         3047    x$fpl$dfixu         fz_wm.l(dfixu.o)
    0x0800590a   0x0800590a   0x00000026   Code   RO         3051    x$fpl$dfltu         fz_wm.l(dflt_clz.o)
    0x08005930   0x08005930   0x00000078   Code   RO         3057    x$fpl$dleqf         fz_wm.l(dleqf.o)
    0x080059a8   0x080059a8   0x00000154   Code   RO         3059    x$fpl$dmul          fz_wm.l(dmul.o)
    0x08005afc   0x08005afc   0x0000009c   Code   RO         3138    x$fpl$dnaninf       fz_wm.l(dnaninf.o)
    0x08005b98   0x08005b98   0x0000000c   Code   RO         3140    x$fpl$dretinf       fz_wm.l(dretinf.o)
    0x08005ba4   0x08005ba4   0x0000006c   Code   RO         3061    x$fpl$drleqf        fz_wm.l(drleqf.o)
    0x08005c10   0x08005c10   0x00000198   Code   RO         3142    x$fpl$dsqrt         fz_wm.l(dsqrt_umaal.o)
    0x08005da8   0x08005da8   0x00000056   Code   RO         3063    x$fpl$f2d           fz_wm.l(f2d.o)
    0x08005dfe   0x08005dfe   0x0000008c   Code   RO         3144    x$fpl$fnaninf       fz_wm.l(fnaninf.o)
    0x08005e8a   0x08005e8a   0x0000000a   Code   RO         3296    x$fpl$fpinit        fz_wm.l(fpinit.o)
    0x08005e94   0x08005e94   0x00000004   Code   RO         3146    x$fpl$printf1       fz_wm.l(printf1.o)
    0x08005e98   0x08005e98   0x00000000   Code   RO         3148    x$fpl$usenofp       fz_wm.l(usenofp.o)
    0x08005e98   0x08005e98   0x0000227a   Data   RO          551    .constdata          font.o
    0x08008112   0x08008112   0x00025800   Data   RO          809    .constdata          picture.o
    0x0802d912   0x0802d912   0x00000002   PAD
    0x0802d914   0x0802d914   0x00000004   Data   RO         1154    .constdata          touch.o
    0x0802d918   0x0802d918   0x00000028   Data   RO         3010    .constdata          c_w.l(_printf_hex_int_ll_ptr.o)
    0x0802d940   0x0802d940   0x00000011   Data   RO         3030    .constdata          c_w.l(__printf_flags_ss_wp.o)
    0x0802d951   0x0802d951   0x00000003   PAD
    0x0802d954   0x0802d954   0x00000008   Data   RO         3101    .constdata          c_w.l(_printf_wctomb.o)
    0x0802d95c   0x0802d95c   0x00000094   Data   RO         3198    .constdata          c_w.l(bigflt0.o)
    0x0802d9f0   0x0802d9f0   0x00000079   Data   RO         1155    .conststring        touch.o
    0x0802da69   0x0802da69   0x00000003   PAD
    0x0802da6c   0x0802da6c   0x00000020   Data   RO         3362    Region$$Table       anon$$obj.o
    0x0802da8c   0x0802da8c   0x0000001c   Data   RO         3222    locale$$data        c_w.l(lc_numeric_c.o)
    0x0802daa8   0x0802daa8   0x00000110   Data   RO         3239    locale$$data        c_w.l(lc_ctype_c.o)


    Execution Region RW_IRAM1 (Exec base: 0x20000000, Load base: 0x0802dbb8, Size: 0x00001b40, Max: 0x00020000, ABSOLUTE)

    Exec Addr    Load Addr    Size         Type   Attr      Idx    E Section Name        Object

    0x20000000   0x0802dbb8   0x00000001   Data   RW            7    .data               main.o
    0x20000001   0x0802dbb9   0x00000001   Data   RW          364    .data               key.o
    0x20000002   0x0802dbba   0x00000008   Data   RW          604    .data               lcd.o
    0x2000000a   0x0802dbc2   0x00000002   PAD
    0x2000000c   0x0802dbc4   0x00000010   Data   RW          923    .data               sdio_sdcard.o
    0x2000001c   0x0802dbd4   0x00000040   Data   RW         1156    .data               touch.o
    0x2000005c   0x0802dc14   0x00000002   Data   RW         1268    .data               w25qxx.o
    0x2000005e   0x0802dc16   0x00000004   Data   RW         1381    .data               delay.o
    0x20000062   0x0802dc1a   0x00000002   PAD
    0x20000064   0x0802dc1c   0x00000006   Data   RW         1440    .data               usart.o
    0x2000006a   0x0802dc22   0x00000002   Data   RW         1488    .data               uart2.o
    0x2000006c   0x0802dc24   0x00000010   Data   RW         1837    .data               stm32f4xx_rcc.o
    0x2000007c        -       0x0000000e   Zero   RW          602    .bss                lcd.o
    0x2000008a   0x0802dc34   0x00000006   PAD
    0x20000090        -       0x000002c0   Zero   RW          922    .bss                sdio_sdcard.o
    0x20000350        -       0x00001000   Zero   RW         1267    .bss                w25qxx.o
    0x20001350        -       0x000000c8   Zero   RW         1439    .bss                usart.o
    0x20001418        -       0x000000c8   Zero   RW         1487    .bss                uart2.o
    0x200014e0        -       0x00000060   Zero   RW         3184    .bss                c_w.l(libspace.o)
    0x20001540        -       0x00000200   Zero   RW         1634    HEAP                startup_stm32f40_41xxx.o
    0x20001740        -       0x00000400   Zero   RW         1633    STACK               startup_stm32f40_41xxx.o


==============================================================================

Image component sizes


      Code (inc. data)   RO Data    RW Data    ZI Data      Debug   Object Name

       268         16          0          4          0       2607   delay.o
       156         12          0          0          0       1677   dis_picture.o
         0          0       8826          0          0       1222   font.o
      1534         70          0          0          0      10205   gbk_libdrive.o
       248         24          0          1          0       1262   key.o
      3300        142          0          8         14      19676   lcd.o
        64          4          0          0          0        551   led.o
       776        204          0          1          0     289910   main.o
       180         24          0          0          0       2145   misc.o
         0          0     153600          0          0        584   picture.o
       448         28          0         16        704      11614   sdio_sdcard.o
       292         20          0          0          0       1877   spi.o
        64         26        392          0       1536        856   startup_stm32f40_41xxx.o
       282          6          0          0          0       1873   stm32f4xx_fsmc.o
       240          0          0          0          0       3615   stm32f4xx_gpio.o
        26          0          0          0          0       4214   stm32f4xx_it.o
       392         48          0         16          0       5937   stm32f4xx_rcc.o
        80         14          0          0          0       3557   stm32f4xx_sdio.o
       112          0          0          0          0       3594   stm32f4xx_spi.o
       438          8          0          0          0       5601   stm32f4xx_usart.o
       340         32          0          0          0       1521   system_stm32f4xx.o
      4536        348        125         64          0      12016   touch.o
       308         22          0          2        200       2579   uart2.o
       140         34          0          0          0       1264   uart3.o
       140         34          0          0          0       1263   uart4.o
       140         34          0          0          0       1263   uart5.o
       340         28          0          6        200       4360   usart.o
       996         98          0          2       4096       9274   w25qxx.o

    ----------------------------------------------------------------------
     15874       1276     162980        124       6756     406117   Object Totals
         0          0         32          0          0          0   (incl. Generated)
        34          0          5          4          6          0   (incl. Padding)

    ----------------------------------------------------------------------

      Code (inc. data)   RO Data    RW Data    ZI Data      Debug   Library Member Name

        24          4          0          0          0         84   __2printf.o
         8          0          0          0          0         68   __main.o
       392          4         17          0          0         92   __printf_flags_ss_wp.o
        14          0          0          0          0         68   __printf_wp.o
         0          0          0          0          0          0   __rtentry.o
        12          0          0          0          0          0   __rtentry2.o
         6          0          0          0          0          0   __rtentry4.o
        52          8          0          0          0          0   __scatter.o
        26          0          0          0          0          0   __scatter_copy.o
        28          0          0          0          0          0   __scatter_zi.o
         6          0          0          0          0          0   _printf_a.o
         6          0          0          0          0          0   _printf_c.o
        44          0          0          0          0        108   _printf_char.o
        48          6          0          0          0         96   _printf_char_common.o
        36          4          0          0          0         80   _printf_char_file.o
        40          0          0          0          0         68   _printf_charcount.o
         6          0          0          0          0          0   _printf_d.o
       120         16          0          0          0         92   _printf_dec.o
         6          0          0          0          0          0   _printf_e.o
         6          0          0          0          0          0   _printf_f.o
      1054          0          0          0          0        216   _printf_fp_dec.o
       128         16          0          0          0         84   _printf_fp_infnan.o
         6          0          0          0          0          0   _printf_g.o
       148          4         40          0          0        160   _printf_hex_int_ll_ptr.o
         6          0          0          0          0          0   _printf_i.o
       178          0          0          0          0         88   _printf_intcommon.o
        10          0          0          0          0          0   _printf_l.o
         6          0          0          0          0          0   _printf_lc.o
        10          0          0          0          0          0   _printf_ll.o
         6          0          0          0          0          0   _printf_lld.o
         6          0          0          0          0          0   _printf_lli.o
         6          0          0          0          0          0   _printf_llo.o
         6          0          0          0          0          0   _printf_llu.o
         6          0          0          0          0          0   _printf_llx.o
       124         16          0          0          0         92   _printf_longlong_dec.o
         6          0          0          0          0          0   _printf_ls.o
         6          0          0          0          0          0   _printf_n.o
         6          0          0          0          0          0   _printf_o.o
       112         10          0          0          0        124   _printf_oct_int_ll.o
         6          0          0          0          0          0   _printf_p.o
        78          0          0          0          0        108   _printf_pad.o
         0          0          0          0          0          0   _printf_percent.o
         4          0          0          0          0          0   _printf_percent_end.o
         6          0          0          0          0          0   _printf_s.o
        82          0          0          0          0         80   _printf_str.o
        36          0          0          0          0         84   _printf_truncate.o
         6          0          0          0          0          0   _printf_u.o
        44          0          0          0          0        108   _printf_wchar.o
       188          6          8          0          0         92   _printf_wctomb.o
         6          0          0          0          0          0   _printf_x.o
        22          0          0          0          0        100   _rserrno.o
        10          0          0          0          0         68   _sputc.o
        64          0          0          0          0         92   _wcrtomb.o
       228          4        148          0          0         96   bigflt0.o
      1936        128          0          0          0        672   btod.o
        36          4          0          0          0         76   c89vsprintf.o
        18          0          0          0          0         80   exit.o
         8          0          0          0          0         68   ferror.o
         6          0          0          0          0        152   heapauxi.o
        44         10        272          0          0         76   lc_ctype_c.o
        44         10         28          0          0         76   lc_numeric_c.o
         2          0          0          0          0          0   libinit.o
        34          0          0          0          0          0   libinit2.o
         2          0          0          0          0          0   libshutdown.o
         2          0          0          0          0          0   libshutdown2.o
         8          4          0          0         96         68   libspace.o
       138          0          0          0          0         80   lludiv10.o
        16          4          0          0          0         76   rt_ctype_table.o
         8          4          0          0          0         68   rt_errno_addr_intlibspace.o
         8          4          0          0          0         68   rt_locale_intlibspace.o
        68          0          0          0          0         68   rt_memclr.o
        78          0          0          0          0         80   rt_memclr_w.o
         2          0          0          0          0          0   rtexit.o
        10          0          0          0          0          0   rtexit2.o
       128          0          0          0          0         68   strcmpv7m.o
        62          0          0          0          0         76   strlen.o
        74          0          0          0          0         80   sys_stackheap_outer.o
         2          0          0          0          0         68   use_no_semi.o
         2          0          0          0          0         68   use_no_semi_2.o
        24          0          0          0          0        116   dcmpi.o
        90          4          0          0          0        140   dfixu.o
        38          0          0          0          0        116   dflt_clz.o
       120          4          0          0          0        140   dleqf.o
       340         12          0          0          0        152   dmul.o
       156          4          0          0          0        140   dnaninf.o
        12          0          0          0          0        116   dretinf.o
       108          0          0          0          0        128   drleqf.o
       408         56          0          0          0        168   dsqrt_umaal.o
        86          4          0          0          0        132   f2d.o
       140          4          0          0          0        132   fnaninf.o
        10          0          0          0          0        116   fpinit.o
         4          0          0          0          0        116   printf1.o
         0          0          0          0          0          0   usenofp.o
        48          0          0          0          0        124   fpclassify.o
       122          0          0          0          0        148   sqrt.o

    ----------------------------------------------------------------------
      7950        354        516          0         96       6400   Library Totals
        18          0          3          0          0          0   (incl. Padding)

    ----------------------------------------------------------------------

      Code (inc. data)   RO Data    RW Data    ZI Data      Debug   Library Name

      6226        266        513          0         96       4416   c_w.l
      1536         88          0          0          0       1712   fz_wm.l
       170          0          0          0          0        272   m_wm.l

    ----------------------------------------------------------------------
      7950        354        516          0         96       6400   Library Totals

    ----------------------------------------------------------------------

==============================================================================


      Code (inc. data)   RO Data    RW Data    ZI Data      Debug   

     23824       1630     163496        124       6852     396073   Grand Totals
     23824       1630     163496        124       6852     396073   ELF Image Totals
     23824       1630     163496        124          0          0   ROM Totals

==============================================================================

    Total RO  Size (Code + RO Data)               187320 ( 182.93kB)
    Total RW  Size (RW Data + ZI Data)              6976 (   6.81kB)
    Total ROM Size (Code + RO Data + RW Data)     187444 ( 183.05kB)

==============================================================================

