Component: ARM Compiler 5.06 update 7 (build 960) Tool: armlink [4d3601]

==============================================================================

Section Cross References

    main.o(.text) refers to misc.o(.text) for NVIC_PriorityGroupConfig
    main.o(.text) refers to delay.o(.text) for delay_init
    main.o(.text) refers to usart.o(.text) for uart_init
    main.o(.text) refers to led.o(.text) for LED_Init
    main.o(.text) refers to lcd.o(.text) for LCD_Init
    main.o(.text) refers to key.o(.text) for KEY_Init
    main.o(.text) refers to timer.o(.text) for TIM3_Int_Init
    main.o(.text) refers to ov5640.o(.text) for OV5640_Init
    main.o(.text) refers to dcmi.o(.text) for rgb565
    main.o(.text) refers to lcd.o(.data) for POINT_COLOR
    main.o(.text) refers to main.o(.data) for Com1SendFlag
    main.o(.text) refers to printf.o(.text) for printf
    system_stm32f4xx.o(.text) refers to system_stm32f4xx.o(.data) for SystemCoreClock
    led.o(.text) refers to stm32f4xx_rcc.o(.text) for RCC_AHB1PeriphClockCmd
    led.o(.text) refers to stm32f4xx_gpio.o(.text) for GPIO_Init
    lcd.o(.text) refers to delay.o(.text) for delay_us
    lcd.o(.text) refers to lcd.o(.bss) for lcddev
    lcd.o(.text) refers to lcd.o(.data) for POINT_COLOR
    lcd.o(.text) refers to stm32f4xx_rcc.o(.text) for RCC_AHB1PeriphClockCmd
    lcd.o(.text) refers to stm32f4xx_gpio.o(.text) for GPIO_Init
    lcd.o(.text) refers to stm32f4xx_fsmc.o(.text) for FSMC_NORSRAMInit
    lcd.o(.text) refers to lcd.o(.constdata) for asc2_1206
    key.o(.text) refers to stm32f4xx_rcc.o(.text) for RCC_AHB1PeriphClockCmd
    key.o(.text) refers to stm32f4xx_gpio.o(.text) for GPIO_Init
    key.o(.text) refers to key.o(.data) for Key_times
    dcmi.o(.text) refers to stm32f4xx_dcmi.o(.text) for DCMI_GetITStatus
    dcmi.o(.text) refers to stm32f4xx_rcc.o(.text) for RCC_AHB1PeriphClockCmd
    dcmi.o(.text) refers to stm32f4xx_dma.o(.text) for DMA_DeInit
    dcmi.o(.text) refers to stm32f4xx_gpio.o(.text) for GPIO_Init
    dcmi.o(.text) refers to misc.o(.text) for NVIC_Init
    dcmi.o(.text) refers to lcd.o(.text) for LCD_Display_Dir
    dcmi.o(.text) refers to ov5640.o(.text) for OV5640_OutSize_Set
    dcmi.o(.text) refers to dcmi.o(.data) for ov_frame
    dcmi.o(.text) refers to dcmi.o(.bss) for DCMI_InitStructure
    dcmi.o(.text) refers to lcd.o(.data) for POINT_COLOR
    ov5640.o(.text) refers to sccb.o(.text) for SCCB_Start
    ov5640.o(.text) refers to stm32f4xx_rcc.o(.text) for RCC_AHB1PeriphClockCmd
    ov5640.o(.text) refers to stm32f4xx_gpio.o(.text) for GPIO_Init
    ov5640.o(.text) refers to delay.o(.text) for delay_ms
    ov5640.o(.text) refers to ov5640.o(.constdata) for ov5640_init_reg_tbl
    sccb.o(.text) refers to stm32f4xx_rcc.o(.text) for RCC_AHB1PeriphClockCmd
    sccb.o(.text) refers to stm32f4xx_gpio.o(.text) for GPIO_Init
    sccb.o(.text) refers to delay.o(.text) for delay_us
    timer.o(.text) refers to stm32f4xx_rcc.o(.text) for RCC_APB1PeriphClockCmd
    timer.o(.text) refers to stm32f4xx_tim.o(.text) for TIM_TimeBaseInit
    timer.o(.text) refers to misc.o(.text) for NVIC_Init
    timer.o(.text) refers to timer.o(.data) for TimeS
    timer.o(.text) refers to main.o(.data) for Com1SendFlag
    delay.o(.text) refers to misc.o(.text) for SysTick_CLKSourceConfig
    delay.o(.text) refers to delay.o(.data) for fac_us
    usart.o(.rev16_text) refers (Special) to use_no_semi_2.o(.text) for __use_no_semihosting
    usart.o(.revsh_text) refers (Special) to use_no_semi_2.o(.text) for __use_no_semihosting
    usart.o(.text) refers (Special) to use_no_semi_2.o(.text) for __use_no_semihosting
    usart.o(.text) refers to stm32f4xx_rcc.o(.text) for RCC_AHB1PeriphClockCmd
    usart.o(.text) refers to stm32f4xx_gpio.o(.text) for GPIO_PinAFConfig
    usart.o(.text) refers to stm32f4xx_usart.o(.text) for USART_Init
    usart.o(.text) refers to misc.o(.text) for NVIC_Init
    usart.o(.text) refers to usart.o(.data) for USART_RX_STA
    usart.o(.text) refers to usart.o(.bss) for USART_RX_BUF
    usart.o(.bss) refers (Special) to use_no_semi_2.o(.text) for __use_no_semihosting
    usart.o(.data) refers (Special) to use_no_semi_2.o(.text) for __use_no_semihosting
    startup_stm32f40_41xxx.o(STACK) refers (Special) to heapauxi.o(.text) for __use_two_region_memory
    startup_stm32f40_41xxx.o(HEAP) refers (Special) to heapauxi.o(.text) for __use_two_region_memory
    startup_stm32f40_41xxx.o(RESET) refers (Special) to heapauxi.o(.text) for __use_two_region_memory
    startup_stm32f40_41xxx.o(RESET) refers to startup_stm32f40_41xxx.o(STACK) for __initial_sp
    startup_stm32f40_41xxx.o(RESET) refers to startup_stm32f40_41xxx.o(.text) for Reset_Handler
    startup_stm32f40_41xxx.o(RESET) refers to stm32f4xx_it.o(.text) for NMI_Handler
    startup_stm32f40_41xxx.o(RESET) refers to timer.o(.text) for TIM3_IRQHandler
    startup_stm32f40_41xxx.o(RESET) refers to usart.o(.text) for USART1_IRQHandler
[...]
    .bss                                     0x20000048   Section       14  lcd.o(.bss)
    .bss                                     0x20000056   Section       14  dcmi.o(.bss)
    .bss                                     0x20000064   Section      200  usart.o(.bss)
    .bss                                     0x2000012c   Section       96  libspace.o(.bss)
    HEAP                                     0x20000190   Section      512  startup_stm32f40_41xxx.o(HEAP)
    Heap_Mem                                 0x20000190   Data         512  startup_stm32f40_41xxx.o(HEAP)
    STACK                                    0x20000390   Section     1024  startup_stm32f40_41xxx.o(STACK)
    Stack_Mem                                0x20000390   Data        1024  startup_stm32f40_41xxx.o(STACK)
    __initial_sp                             0x20000790   Data           0  startup_stm32f40_41xxx.o(STACK)

    Global Symbols

    Symbol Name                              Value     Ov Type        Size  Object(Section)

    BuildAttributes$$THM_ISAv4$E$P$D$K$B$S$7EM$VFPi3$EXTD16$VFPS$VFMA$PE$A:L22UL41UL21$X:L11$S22US41US21$IEEE1$IW$USESV6$~STKCKD$USESV7$~SHL$OTIME$ROPI$IEEEJ$EBA8$UX$STANDARDLIB$REQ8$PRES8$EABIv2 0x00000000   Number         0  anon$$obj.o ABSOLUTE
    __ARM_use_no_argv                        0x00000000   Number         0  main.o ABSOLUTE
    _printf_flags                            0x00000000   Number         0  printf_stubs.o ABSOLUTE
    _printf_return_value                     0x00000000   Number         0  printf_stubs.o ABSOLUTE
    _printf_sizespec                         0x00000000   Number         0  printf_stubs.o ABSOLUTE
    _printf_widthprec                        0x00000000   Number         0  printf_stubs.o ABSOLUTE
    __ARM_exceptions_init                     - Undefined Weak Reference
    __alloca_initialize                       - Undefined Weak Reference
    __arm_fini_                               - Undefined Weak Reference
    __arm_preinit_                            - Undefined Weak Reference
    __cpp_initialize__aeabi_                  - Undefined Weak Reference
    __cxa_finalize                            - Undefined Weak Reference
    __sigvec_lookup                           - Undefined Weak Reference
    _atexit_init                              - Undefined Weak Reference
    _call_atexit_fns                          - Undefined Weak Reference
    _clock_init                               - Undefined Weak Reference
    _fp_trap_init                             - Undefined Weak Reference
    _fp_trap_shutdown                         - Undefined Weak Reference
    _get_lc_collate                           - Undefined Weak Reference
    _get_lc_monetary                          - Undefined Weak Reference
    _get_lc_time                              - Undefined Weak Reference
    _getenv_init                              - Undefined Weak Reference
    _handle_redirection                       - Undefined Weak Reference
    _init_alloc                               - Undefined Weak Reference
    _init_user_alloc                          - Undefined Weak Reference
    _initio                                   - Undefined Weak Reference
    _mutex_acquire                            - Undefined Weak Reference
    _mutex_release                            - Undefined Weak Reference
    _printf_mbtowc                            - Undefined Weak Reference
    _printf_wc                                - Undefined Weak Reference
    _rand_init                                - Undefined Weak Reference
    _signal_finish                            - Undefined Weak Reference
    _signal_init                              - Undefined Weak Reference
    _terminate_alloc                          - Undefined Weak Reference
    _terminate_user_alloc                     - Undefined Weak Reference
    _terminateio                              - Undefined Weak Reference
    __Vectors_Size                           0x00000188   Number         0  startup_stm32f40_41xxx.o ABSOLUTE
    __Vectors                                0x08000000   Data           4  startup_stm32f40_41xxx.o(RESET)
    __Vectors_End                            0x08000188   Data           0  startup_stm32f40_41xxx.o(RESET)
    __main                                   0x08000189   Thumb Code     8  __main.o(!!!main)
    __scatterload                            0x08000191   Thumb Code     0  __scatter.o(!!!scatter)
    __scatterload_rt2                        0x08000191   Thumb Code    44  __scatter.o(!!!scatter)
    __scatterload_rt2_thumb_only             0x08000191   Thumb Code     0  __scatter.o(!!!scatter)
    __scatterload_null                       0x0800019f   Thumb Code     0  __scatter.o(!!!scatter)
    __scatterload_copy                       0x080001c5   Thumb Code    26  __scatter_copy.o(!!handler_copy)
    __scatterload_zeroinit                   0x080001e1   Thumb Code    28  __scatter_zi.o(!!handler_zi)
    _printf_n                                0x080001fd   Thumb Code     0  _printf_n.o(.ARM.Collect$$_printf_percent$$00000001)
    _printf_percent                          0x080001fd   Thumb Code     0  _printf_percent.o(.ARM.Collect$$_printf_percent$$00000000)
    _printf_p                                0x08000203   Thumb Code     0  _printf_p.o(.ARM.Collect$$_printf_percent$$00000002)
    _printf_f                                0x08000209   Thumb Code     0  _printf_f.o(.ARM.Collect$$_printf_percent$$00000003)
    _printf_e                                0x0800020f   Thumb Code     0  _printf_e.o(.ARM.Collect$$_printf_percent$$00000004)
    _printf_g                                0x08000215   Thumb Code     0  _printf_g.o(.ARM.Collect$$_printf_percent$$00000005)
    _printf_a                                0x0800021b   Thumb Code     0  _printf_a.o(.ARM.Collect$$_printf_percent$$00000006)
    _printf_ll                               0x08000221   Thumb Code     0  _printf_ll.o(.ARM.Collect$$_printf_percent$$00000007)
    _printf_i                                0x0800022b   Thumb Code     0  _printf_i.o(.ARM.Collect$$_printf_percent$$00000008)
    _printf_d                                0x08000231   Thumb Code     0  _printf_d.o(.ARM.Collect$$_printf_percent$$00000009)
    _printf_u                                0x08000237   Thumb Code     0  _printf_u.o(.ARM.Collect$$_printf_percent$$0000000A)
    _printf_o                                0x0800023d   Thumb Code     0  _printf_o.o(.ARM.Collect$$_printf_percent$$0000000B)
    _printf_x                                0x08000243   Thumb Code     0  _printf_x.o(.ARM.Collect$$_printf_percent$$0000000C)
    _printf_lli                              0x08000249   Thumb Code     0  _printf_lli.o(.ARM.Collect$$_printf_percent$$0000000D)
    _printf_lld                              0x0800024f   Thumb Code     0  _printf_lld.o(.ARM.Collect$$_printf_percent$$0000000E)
    _printf_llu                              0x08000255   Thumb Code     0  _printf_llu.o(.ARM.Collect$$_printf_percent$$0000000F)
    _printf_llo                              0x0800025b   Thumb Code     0  _printf_llo.o(.ARM.Collect$$_printf_percent$$00000010)
    _printf_llx                              0x08000261   Thumb Code     0  _printf_llx.o(.ARM.Collect$$_printf_percent$$00000011)
    _printf_l                                0x08000267   Thumb Code     0  _printf_l.o(.ARM.Collect$$_printf_percent$$00000012)
    _printf_c                                0x08000271   Thumb Code     0  _printf_c.o(.ARM.Collect$$_printf_percent$$00000013)
    _printf_s                                0x08000277   Thumb Code     0  _printf_s.o(.ARM.Collect$$_printf_percent$$00000014)
    _printf_lc                               0x0800027d   Thumb Code     0  _printf_lc.o(.ARM.Collect$$_printf_percent$$00000015)
    _printf_ls                               0x08000283   Thumb Code     0  _printf_ls.o(.ARM.Collect$$_printf_percent$$00000016)
    _printf_percent_end                      0x08000289   Thumb Code     0  _printf_percent_end.o(.ARM.Collect$$_printf_percent$$00000017)
    __rt_lib_init                            0x0800028d   Thumb Code     0  libinit.o(.ARM.Collect$$libinit$$00000000)
    __rt_lib_init_fp_1                       0x0800028f   Thumb Code     0  libinit2.o(.ARM.Collect$$libinit$$00000001)
    __rt_lib_init_heap_1                     0x08000293   Thumb Code     0  libinit2.o(.ARM.Collect$$libinit$$0000000A)
    __rt_lib_init_lc_common                  0x08000293   Thumb Code     0  libinit2.o(.ARM.Collect$$libinit$$0000000F)
    __rt_lib_init_preinit_1                  0x08000293   Thumb Code     0  libinit2.o(.ARM.Collect$$libinit$$00000004)
    __rt_lib_init_rand_1                     0x08000293   Thumb Code     0  libinit2.o(.ARM.Collect$$libinit$$0000000E)
    __rt_lib_init_user_alloc_1               0x08000293   Thumb Code     0  libinit2.o(.ARM.Collect$$libinit$$0000000C)
    __rt_lib_init_lc_collate_1               0x08000299   Thumb Code     0  libinit2.o(.ARM.Collect$$libinit$$00000011)
    __rt_lib_init_lc_ctype_2                 0x08000299   Thumb Code     0  libinit2.o(.ARM.Collect$$libinit$$00000012)
    __rt_lib_init_lc_ctype_1                 0x080002a5   Thumb Code     0  libinit2.o(.ARM.Collect$$libinit$$00000013)
    __rt_lib_init_lc_monetary_1              0x080002a5   Thumb Code     0  libinit2.o(.ARM.Collect$$libinit$$00000015)
    __rt_lib_init_lc_numeric_2               0x080002a5   Thumb Code     0  libinit2.o(.ARM.Collect$$libinit$$00000016)
    __rt_lib_init_alloca_1                   0x080002af   Thumb Code     0  libinit2.o(.ARM.Collect$$libinit$$0000002E)
    __rt_lib_init_argv_1                     0x080002af   Thumb Code     0  libinit2.o(.ARM.Collect$$libinit$$0000002C)
    __rt_lib_init_atexit_1                   0x080002af   Thumb Code     0  libinit2.o(.ARM.Collect$$libinit$$0000001B)
    __rt_lib_init_clock_1                    0x080002af   Thumb Code     0  libinit2.o(.ARM.Collect$$libinit$$00000021)
    __rt_lib_init_cpp_1                      0x080002af   Thumb Code     0  libinit2.o(.ARM.Collect$$libinit$$00000032)
    __rt_lib_init_exceptions_1               0x080002af   Thumb Code     0  libinit2.o(.ARM.Collect$$libinit$$00000030)
    __rt_lib_init_fp_trap_1                  0x080002af   Thumb Code     0  libinit2.o(.ARM.Collect$$libinit$$0000001F)
    __rt_lib_init_getenv_1                   0x080002af   Thumb Code     0  libinit2.o(.ARM.Collect$$libinit$$00000023)
    __rt_lib_init_lc_numeric_1               0x080002af   Thumb Code     0  libinit2.o(.ARM.Collect$$libinit$$00000017)
    __rt_lib_init_lc_time_1                  0x080002af   Thumb Code     0  libinit2.o(.ARM.Collect$$libinit$$00000019)
    __rt_lib_init_return                     0x080002af   Thumb Code     0  libinit2.o(.ARM.Collect$$libinit$$00000033)
    __rt_lib_init_signal_1                   0x080002af   Thumb Code     0  libinit2.o(.ARM.Collect$$libinit$$0000001D)
    __rt_lib_init_stdio_1                    0x080002af   Thumb Code     0  libinit2.o(.ARM.Collect$$libinit$$00000025)
    __rt_lib_shutdown                        0x080002b1   Thumb Code     0  libshutdown.o(.ARM.Collect$$libshutdown$$00000000)
    __rt_lib_shutdown_cpp_1                  0x080002b3   Thumb Code     0  libshutdown2.o(.ARM.Collect$$libshutdown$$00000004)
    __rt_lib_shutdown_fini_1                 0x080002b3   Thumb Code     0  libshutdown2.o(.ARM.Collect$$libshutdown$$00000002)
    __rt_lib_shutdown_fp_trap_1              0x080002b3   Thumb Code     0  libshutdown2.o(.ARM.Collect$$libshutdown$$00000009)
    __rt_lib_shutdown_heap_1                 0x080002b3   Thumb Code     0  libshutdown2.o(.ARM.Collect$$libshutdown$$00000011)
    __rt_lib_shutdown_return                 0x080002b3   Thumb Code     0  libshutdown2.o(.ARM.Collect$$libshutdown$$00000012)
    __rt_lib_shutdown_signal_1               0x080002b3   Thumb Code     0  libshutdown2.o(.ARM.Collect$$libshutdown$$0000000C)
    __rt_lib_shutdown_stdio_1                0x080002b3   Thumb Code     0  libshutdown2.o(.ARM.Collect$$libshutdown$$00000006)
    __rt_lib_shutdown_user_alloc_1           0x080002b3   Thumb Code     0  libshutdown2.o(.ARM.Collect$$libshutdown$$0000000E)
    __rt_entry                               0x080002b5   Thumb Code     0  __rtentry.o(.ARM.Collect$$rtentry$$00000000)
    __rt_entry_presh_1                       0x080002b5   Thumb Code     0  __rtentry2.o(.ARM.Collect$$rtentry$$00000002)
    __rt_entry_sh                            0x080002b5   Thumb Code     0  __rtentry4.o(.ARM.Collect$$rtentry$$00000004)
    __rt_entry_li                            0x080002bb   Thumb Code     0  __rtentry2.o(.ARM.Collect$$rtentry$$0000000A)
    __rt_entry_postsh_1                      0x080002bb   Thumb Code     0  __rtentry2.o(.ARM.Collect$$rtentry$$00000009)
    __rt_entry_main                          0x080002bf   Thumb Code     0  __rtentry2.o(.ARM.Collect$$rtentry$$0000000D)
    __rt_entry_postli_1                      0x080002bf   Thumb Code     0  __rtentry2.o(.ARM.Collect$$rtentry$$0000000C)
    __rt_exit                                0x080002c7   Thumb Code     0  rtexit.o(.ARM.Collect$$rtexit$$00000000)
    __rt_exit_ls                             0x080002c9   Thumb Code     0  rtexit2.o(.ARM.Collect$$rtexit$$00000003)
    __rt_exit_prels_1                        0x080002c9   Thumb Code     0  rtexit2.o(.ARM.Collect$$rtexit$$00000002)
    __rt_exit_exit                           0x080002cd   Thumb Code     0  rtexit2.o(.ARM.Collect$$rtexit$$00000004)
    main                                     0x080002d5   Thumb Code   244  main.o(.text)
    NMI_Handler                              0x08000429   Thumb Code     2  stm32f4xx_it.o(.text)
    HardFault_Handler                        0x0800042b   Thumb Code     4  stm32f4xx_it.o(.text)
    MemManage_Handler                        0x0800042f   Thumb Code     4  stm32f4xx_it.o(.text)
    BusFault_Handler                         0x08000433   Thumb Code     4  stm32f4xx_it.o(.text)
    UsageFault_Handler                       0x08000437   Thumb Code     4  stm32f4xx_it.o(.text)
    SVC_Handler                              0x0800043b   Thumb Code     2  stm32f4xx_it.o(.text)
    DebugMon_Handler                         0x0800043d   Thumb Code     2  stm32f4xx_it.o(.text)
    PendSV_Handler                           0x0800043f   Thumb Code     2  stm32f4xx_it.o(.text)
    SysTick_Handler                          0x08000441   Thumb Code     2  stm32f4xx_it.o(.text)
    SystemInit                               0x08000521   Thumb Code    88  system_stm32f4xx.o(.text)
    SystemCoreClockUpdate                    0x08000579   Thumb Code   174  system_stm32f4xx.o(.text)
    LED_Init                                 0x08000655   Thumb Code    60  led.o(.text)
    LCD_WR_REG                               0x08000695   Thumb Code    18  lcd.o(.text)
    LCD_WR_DATA                              0x080006a7   Thumb Code    20  lcd.o(.text)
    LCD_RD_DATA                              0x080006bb   Thumb Code    16  lcd.o(.text)
    LCD_WriteReg                             0x080006cb   Thumb Code    24  lcd.o(.text)
    LCD_ReadReg                              0x080006e3   Thumb Code    22  lcd.o(.text)
    LCD_WriteRAM_Prepare                     0x080006f9   Thumb Code    10  lcd.o(.text)
    LCD_WriteRAM                             0x08000703   Thumb Code     8  lcd.o(.text)
    LCD_BGR2RGB                              0x0800070b   Thumb Code    26  lcd.o(.text)
    opt_delay                                0x08000725   Thumb Code    14  lcd.o(.text)
    LCD_SetCursor                            0x08000733   Thumb Code   262  lcd.o(.text)
    LCD_ReadPoint                            0x08000839   Thumb Code   356  lcd.o(.text)
    LCD_DisplayOn                            0x0800099d   Thumb Code    80  lcd.o(.text)
    LCD_DisplayOff                           0x080009ed   Thumb Code    78  lcd.o(.text)
    LCD_Scan_Dir                             0x08000a3b   Thumb Code   734  lcd.o(.text)
    LCD_DrawPoint                            0x08000d19   Thumb Code    28  lcd.o(.text)
    LCD_Fast_DrawPoint                       0x08000d35   Thumb Code   282  lcd.o(.text)
    LCD_Display_Dir                          0x08000e4f   Thumb Code   378  lcd.o(.text)
    LCD_Set_Window                           0x08000fc9   Thumb Code   382  lcd.o(.text)
    LCD_Clear                                0x08001147   Thumb Code   100  lcd.o(.text)
    LCD_Init                                 0x080011ab   Thumb Code 14208  lcd.o(.text)
    LCD_Fill                                 0x0800492b   Thumb Code   180  lcd.o(.text)
    LCD_Color_Fill                           0x080049df   Thumb Code    92  lcd.o(.text)
    LCD_DrawLine                             0x08004a3b   Thumb Code   176  lcd.o(.text)
    LCD_DrawRectangle                        0x08004aeb   Thumb Code    60  lcd.o(.text)
    LCD_Draw_Circle                          0x08004b27   Thumb Code   166  lcd.o(.text)
    LCD_ShowChar                             0x08004bcd   Thumb Code   272  lcd.o(.text)
    LCD_Pow                                  0x08004cdd   Thumb Code    22  lcd.o(.text)
    LCD_ShowNum                              0x08004cf3   Thumb Code   148  lcd.o(.text)
    LCD_ShowxNum                             0x08004d87   Thumb Code   190  lcd.o(.text)
    LCD_ShowString                           0x08004e45   Thumb Code   102  lcd.o(.text)
    KEY_Init                                 0x08004ec5   Thumb Code    62  key.o(.text)
    KEY_Scan                                 0x08004f03   Thumb Code   334  key.o(.text)
    DCMI_IRQHandler                          0x08005069   Thumb Code    44  dcmi.o(.text)
    DCMI_DMA_Init                            0x08005095   Thumb Code    94  dcmi.o(.text)
    My_DCMI_Init                             0x080050f3   Thumb Code   282  dcmi.o(.text)
    DCMI_Stop                                0x0800520d   Thumb Code    34  dcmi.o(.text)
    DCMI_Start                               0x0800522f   Thumb Code    76  dcmi.o(.text)
    DCMI_Set_Window                          0x0800527b   Thumb Code    78  dcmi.o(.text)
    DCMI_CR_Set                              0x080052c9   Thumb Code    58  dcmi.o(.text)
    rgb565                                   0x08005303   Thumb Code   134  dcmi.o(.text)
    OV5640_WR_Reg                            0x080053c5   Thumb Code    60  ov5640.o(.text)
    OV5640_RD_Reg                            0x08005401   Thumb Code    60  ov5640.o(.text)
    OV5640_Flash_Ctrl                        0x0800543d   Thumb Code    50  ov5640.o(.text)
    OV5640_Init                              0x0800546f   Thumb Code   278  ov5640.o(.text)
    OV5640_JPEG_Mode                         0x08005585   Thumb Code    36  ov5640.o(.text)
    OV5640_RGB565_Mode                       0x080055a9   Thumb Code    36  ov5640.o(.text)
    OV5640_Exposure                          0x080055cd   Thumb Code   154  ov5640.o(.text)
    OV5640_Light_Mode                        0x08005667   Thumb Code    66  ov5640.o(.text)
    OV5640_Color_Saturation                  0x080056a9   Thumb Code   120  ov5640.o(.text)
    OV5640_Brightness                        0x08005721   Thumb Code    90  ov5640.o(.text)
    OV5640_Contrast                          0x0800577b   Thumb Code   120  ov5640.o(.text)
    OV5640_Sharpness                         0x080057f3   Thumb Code   122  ov5640.o(.text)
    OV5640_Special_Effects                   0x0800586d   Thumb Code   152  ov5640.o(.text)
    OV5640_Test_Pattern                      0x08005905   Thumb Code    50  ov5640.o(.text)
    OV5640_OutSize_Set                       0x08005937   Thumb Code   128  ov5640.o(.text)
    OV5640_ImageWin_Set                      0x080059b7   Thumb Code   160  ov5640.o(.text)
    OV5640_Focus_Init                        0x08005a57   Thumb Code   180  ov5640.o(.text)
    OV5640_Focus_Single                      0x08005b0b   Thumb Code    60  ov5640.o(.text)
    OV5640_Focus_Constant                    0x08005b47   Thumb Code   124  ov5640.o(.text)
    SCCB_Init                                0x08005bcd   Thumb Code    78  sccb.o(.text)
    SCCB_Start                               0x08005c1b   Thumb Code    42  sccb.o(.text)
    SCCB_Stop                                0x08005c45   Thumb Code    42  sccb.o(.text)
    SCCB_No_Ack                              0x08005c6f   Thumb Code    56  sccb.o(.text)
    SCCB_WR_Byte                             0x08005ca7   Thumb Code   154  sccb.o(.text)
    SCCB_RD_Byte                             0x08005d41   Thumb Code   104  sccb.o(.text)
    SCCB_WR_Reg                              0x08005da9   Thumb Code    62  sccb.o(.text)
    SCCB_RD_Reg                              0x08005de7   Thumb Code    78  sccb.o(.text)
    TIM3_Int_Init                            0x08005e41   Thumb Code    88  timer.o(.text)
    TIM3_IRQHandler                          0x08005e99   Thumb Code    68  timer.o(.text)
    delay_init                               0x08005eed   Thumb Code    52  delay.o(.text)
    delay_us                                 0x08005f21   Thumb Code    72  delay.o(.text)
    delay_xms                                0x08005f69   Thumb Code    72  delay.o(.text)
    delay_ms                                 0x08005fb1   Thumb Code    56  delay.o(.text)
    _sys_exit                                0x08005ff1   Thumb Code     4  usart.o(.text)
    fputc                                    0x08005ff5   Thumb Code    22  usart.o(.text)
    uart_init                                0x0800600b   Thumb Code   172  usart.o(.text)
    USART1_IRQHandler                        0x080060b7   Thumb Code   122  usart.o(.text)
    Reset_Handler                            0x08006141   Thumb Code     8  startup_stm32f40_41xxx.o(.text)
    ADC_IRQHandler                           0x0800615b   Thumb Code     0  startup_stm32f40_41xxx.o(.text)
    CAN1_RX0_IRQHandler                      0x0800615b   Thumb Code     0  startup_stm32f40_41xxx.o(.text)
    CAN1_RX1_IRQHandler                      0x0800615b   Thumb Code     0  startup_stm32f40_41xxx.o(.text)
    CAN1_SCE_IRQHandler                      0x0800615b   Thumb Code     0  startup_stm32f40_41xxx.o(.text)
    CAN1_TX_IRQHandler                       0x0800615b   Thumb Code     0  startup_stm32f40_41xxx.o(.text)
    CAN2_RX0_IRQHandler                      0x0800615b   Thumb Code     0  startup_stm32f40_41xxx.o(.text)
    CAN2_RX1_IRQHandler                      0x0800615b   Thumb Code     0  startup_stm32f40_41xxx.o(.text)
    CAN2_SCE_IRQHandler                      0x0800615b   Thumb Code     0  startup_stm32f40_41xxx.o(.text)
    CAN2_TX_IRQHandler                       0x0800615b   Thumb Code     0  startup_stm32f40_41xxx.o(.text)
    CRYP_IRQHandler                          0x0800615b   Thumb Code     0  startup_stm32f40_41xxx.o(.text)
    DMA1_Stream0_IRQHandler                  0x0800615b   Thumb Code     0  startup_stm32f40_41xxx.o(.text)
    DMA1_Stream1_IRQHandler                  0x0800615b   Thumb Code     0  startup_stm32f40_41xxx.o(.text)
    DMA1_Stream2_IRQHandler                  0x0800615b   Thumb Code     0  startup_stm32f40_41xxx.o(.text)
    DMA1_Stream3_IRQHandler                  0x0800615b   Thumb Code     0  startup_stm32f40_41xxx.o(.text)
    DMA1_Stream4_IRQHandler                  0x0800615b   Thumb Code     0  startup_stm32f40_41xxx.o(.text)
    DMA1_Stream5_IRQHandler                  0x0800615b   Thumb Code     0  startup_stm32f40_41xxx.o(.text)
    DMA1_Stream6_IRQHandler                  0x0800615b   Thumb Code     0  startup_stm32f40_41xxx.o(.text)
    DMA1_Stream7_IRQHandler                  0x0800615b   Thumb Code     0  startup_stm32f40_41xxx.o(.text)
    DMA2_Stream0_IRQHandler                  0x0800615b   Thumb Code     0  startup_stm32f40_41xxx.o(.text)
    DMA2_Stream1_IRQHandler                  0x0800615b   Thumb Code     0  startup_stm32f40_41xxx.o(.text)
    DMA2_Stream2_IRQHandler                  0x0800615b   Thumb Code     0  startup_stm32f40_41xxx.o(.text)
    DMA2_Stream3_IRQHandler                  0x0800615b   Thumb Code     0  startup_stm32f40_41xxx.o(.text)
    DMA2_Stream4_IRQHandler                  0x0800615b   Thumb Code     0  startup_stm32f40_41xxx.o(.text)
    DMA2_Stream5_IRQHandler                  0x0800615b   Thumb Code     0  startup_stm32f40_41xxx.o(.text)
    DMA2_Stream6_IRQHandler                  0x0800615b   Thumb Code     0  startup_stm32f40_41xxx.o(.text)
    DMA2_Stream7_IRQHandler                  0x0800615b   Thumb Code     0  startup_stm32f40_41xxx.o(.text)
    ETH_IRQHandler                           0x0800615b   Thumb Code     0  startup_stm32f40_41xxx.o(.text)
    ETH_WKUP_IRQHandler                      0x0800615b   Thumb Code     0  startup_stm32f40_41xxx.o(.text)
    EXTI0_IRQHandler                         0x0800615b   Thumb Code     0  startup_stm32f40_41xxx.o(.text)
    EXTI15_10_IRQHandler                     0x0800615b   Thumb Code     0  startup_stm32f40_41xxx.o(.text)
    EXTI1_IRQHandler                         0x0800615b   Thumb Code     0  startup_stm32f40_41xxx.o(.text)
    EXTI2_IRQHandler                         0x0800615b   Thumb Code     0  startup_stm32f40_41xxx.o(.text)
    EXTI3_IRQHandler                         0x0800615b   Thumb Code     0  startup_stm32f40_41xxx.o(.text)
    EXTI4_IRQHandler                         0x0800615b   Thumb Code     0  startup_stm32f40_41xxx.o(.text)
    EXTI9_5_IRQHandler                       0x0800615b   Thumb Code     0  startup_stm32f40_41xxx.o(.text)
    FLASH_IRQHandler                         0x0800615b   Thumb Code     0  startup_stm32f40_41xxx.o(.text)
    FPU_IRQHandler                           0x0800615b   Thumb Code     0  startup_stm32f40_41xxx.o(.text)
    FSMC_IRQHandler                          0x0800615b   Thumb Code     0  startup_stm32f40_41xxx.o(.text)
    HASH_RNG_IRQHandler                      0x0800615b   Thumb Code     0  startup_stm32f40_41xxx.o(.text)
    I2C1_ER_IRQHandler                       0x0800615b   Thumb Code     0  startup_stm32f40_41xxx.o(.text)
    I2C1_EV_IRQHandler                       0x0800615b   Thumb Code     0  startup_stm32f40_41xxx.o(.text)
    I2C2_ER_IRQHandler                       0x0800615b   Thumb Code     0  startup_stm32f40_41xxx.o(.text)
    I2C2_EV_IRQHandler                       0x0800615b   Thumb Code     0  startup_stm32f40_41xxx.o(.text)
    I2C3_ER_IRQHandler                       0x0800615b   Thumb Code     0  startup_stm32f40_41xxx.o(.text)
    I2C3_EV_IRQHandler                       0x0800615b   Thumb Code     0  startup_stm32f40_41xxx.o(.text)
    OTG_FS_IRQHandler                        0x0800615b   Thumb Code     0  startup_stm32f40_41xxx.o(.text)
    OTG_FS_WKUP_IRQHandler                   0x0800615b   Thumb Code     0  startup_stm32f40_41xxx.o(.text)
    OTG_HS_EP1_IN_IRQHandler                 0x0800615b   Thumb Code     0  startup_stm32f40_41xxx.o(.text)
    OTG_HS_EP1_OUT_IRQHandler                0x0800615b   Thumb Code     0  startup_stm32f40_41xxx.o(.text)
    OTG_HS_IRQHandler                        0x0800615b   Thumb Code     0  startup_stm32f40_41xxx.o(.text)
    OTG_HS_WKUP_IRQHandler                   0x0800615b   Thumb Code     0  startup_stm32f40_41xxx.o(.text)
    PVD_IRQHandler                           0x0800615b   Thumb Code     0  startup_stm32f40_41xxx.o(.text)
    RCC_IRQHandler                           0x0800615b   Thumb Code     0  startup_stm32f40_41xxx.o(.text)
    RTC_Alarm_IRQHandler                     0x0800615b   Thumb Code     0  startup_stm32f40_41xxx.o(.text)
    RTC_WKUP_IRQHandler                      0x0800615b   Thumb Code     0  startup_stm32f40_41xxx.o(.text)
    SDIO_IRQHandler                          0x0800615b   Thumb Code     0  startup_stm32f40_41xxx.o(.text)
    SPI1_IRQHandler                          0x0800615b   Thumb Code     0  startup_stm32f40_41xxx.o(.text)
    SPI2_IRQHandler                          0x0800615b   Thumb Code     0  startup_stm32f40_41xxx.o(.text)
    SPI3_IRQHandler                          0x0800615b   Thumb Code     0  startup_stm32f40_41xxx.o(.text)
    TAMP_STAMP_IRQHandler                    0x0800615b   Thumb Code     0  startup_stm32f40_41xxx.o(.text)
    TIM1_BRK_TIM9_IRQHandler                 0x0800615b   Thumb Code     0  startup_stm32f40_41xxx.o(.text)
    TIM1_CC_IRQHandler                       0x0800615b   Thumb Code     0  startup_stm32f40_41xxx.o(.text)
    TIM1_TRG_COM_TIM11_IRQHandler            0x0800615b   Thumb Code     0  startup_stm32f40_41xxx.o(.text)
    TIM1_UP_TIM10_IRQHandler                 0x0800615b   Thumb Code     0  startup_stm32f40_41xxx.o(.text)
    TIM2_IRQHandler                          0x0800615b   Thumb Code     0  startup_stm32f40_41xxx.o(.text)
    TIM4_IRQHandler                          0x0800615b   Thumb Code     0  startup_stm32f40_41xxx.o(.text)
    TIM5_IRQHandler                          0x0800615b   Thumb Code     0  startup_stm32f40_41xxx.o(.text)
    TIM6_DAC_IRQHandler                      0x0800615b   Thumb Code     0  startup_stm32f40_41xxx.o(.text)
    TIM7_IRQHandler                          0x0800615b   Thumb Code     0  startup_stm32f40_41xxx.o(.text)
    TIM8_BRK_TIM12_IRQHandler                0x0800615b   Thumb Code     0  startup_stm32f40_41xxx.o(.text)
    TIM8_CC_IRQHandler                       0x0800615b   Thumb Code     0  startup_stm32f40_41xxx.o(.text)
    TIM8_TRG_COM_TIM14_IRQHandler            0x0800615b   Thumb Code     0  startup_stm32f40_41xxx.o(.text)
    TIM8_UP_TIM13_IRQHandler                 0x0800615b   Thumb Code     0  startup_stm32f40_41xxx.o(.text)
    UART4_IRQHandler                         0x0800615b   Thumb Code     0  startup_stm32f40_41xxx.o(.text)
    UART5_IRQHandler                         0x0800615b   Thumb Code     0  startup_stm32f40_41xxx.o(.text)
    USART2_IRQHandler                        0x0800615b   Thumb Code     0  startup_stm32f40_41xxx.o(.text)
    USART3_IRQHandler                        0x0800615b   Thumb Code     0  startup_stm32f40_41xxx.o(.text)
    USART6_IRQHandler                        0x0800615b   Thumb Code     0  startup_stm32f40_41xxx.o(.text)
    WWDG_IRQHandler                          0x0800615b   Thumb Code     0  startup_stm32f40_41xxx.o(.text)
    __user_initial_stackheap                 0x0800615d   Thumb Code     0  startup_stm32f40_41xxx.o(.text)
    NVIC_PriorityGroupConfig                 0x08006181   Thumb Code    10  misc.o(.text)
    NVIC_Init                                0x0800618b   Thumb Code   106  misc.o(.text)
    NVIC_SetVectorTable                      0x080061f5   Thumb Code    14  misc.o(.text)
    NVIC_SystemLPConfig                      0x08006203   Thumb Code    34  misc.o(.text)
    SysTick_CLKSourceConfig                  0x08006225   Thumb Code    40  misc.o(.text)
    DCMI_DeInit                              0x08006261   Thumb Code    24  stm32f4xx_dcmi.o(.text)
    DCMI_Init                                0x08006279   Thumb Code    60  stm32f4xx_dcmi.o(.text)
    DCMI_StructInit                          0x080062b5   Thumb Code    18  stm32f4xx_dcmi.o(.text)
    DCMI_CROPConfig                          0x080062c7   Thumb Code    26  stm32f4xx_dcmi.o(.text)
    DCMI_CROPCmd                             0x080062e1   Thumb Code    30  stm32f4xx_dcmi.o(.text)
    DCMI_SetEmbeddedSynchroCodes             0x080062ff   Thumb Code    26  stm32f4xx_dcmi.o(.text)
    DCMI_JPEGCmd                             0x08006319   Thumb Code    30  stm32f4xx_dcmi.o(.text)
    DCMI_Cmd                                 0x08006337   Thumb Code    30  stm32f4xx_dcmi.o(.text)
    DCMI_CaptureCmd                          0x08006355   Thumb Code    30  stm32f4xx_dcmi.o(.text)
    DCMI_ReadData                            0x08006373   Thumb Code     6  stm32f4xx_dcmi.o(.text)
    DCMI_ITConfig                            0x08006379   Thumb Code    30  stm32f4xx_dcmi.o(.text)
    DCMI_GetFlagStatus                       0x08006397   Thumb Code    46  stm32f4xx_dcmi.o(.text)
    DCMI_ClearFlag                           0x080063c5   Thumb Code     6  stm32f4xx_dcmi.o(.text)
    DCMI_GetITStatus                         0x080063cb   Thumb Code    24  stm32f4xx_dcmi.o(.text)
    DCMI_ClearITPendingBit                   0x080063e3   Thumb Code     6  stm32f4xx_dcmi.o(.text)
    DMA_DeInit                               0x080063ed   Thumb Code   324  stm32f4xx_dma.o(.text)
    DMA_Init                                 0x08006531   Thumb Code    82  stm32f4xx_dma.o(.text)
    DMA_StructInit                           0x08006583   Thumb Code    34  stm32f4xx_dma.o(.text)
    DMA_Cmd                                  0x080065a5   Thumb Code    22  stm32f4xx_dma.o(.text)
    DMA_PeriphIncOffsetSizeConfig            0x080065bb   Thumb Code    22  stm32f4xx_dma.o(.text)
    DMA_FlowControllerConfig                 0x080065d1   Thumb Code    22  stm32f4xx_dma.o(.text)
    DMA_SetCurrDataCounter                   0x080065e7   Thumb Code     4  stm32f4xx_dma.o(.text)
    DMA_GetCurrDataCounter                   0x080065eb   Thumb Code     8  stm32f4xx_dma.o(.text)
    DMA_DoubleBufferModeConfig               0x080065f3   Thumb Code    24  stm32f4xx_dma.o(.text)
    DMA_DoubleBufferModeCmd                  0x0800660b   Thumb Code    22  stm32f4xx_dma.o(.text)
    DMA_MemoryTargetConfig                   0x08006621   Thumb Code    10  stm32f4xx_dma.o(.text)
    DMA_GetCurrentMemoryTarget               0x0800662b   Thumb Code    20  stm32f4xx_dma.o(.text)
    DMA_GetCmdStatus                         0x0800663f   Thumb Code    20  stm32f4xx_dma.o(.text)
    DMA_GetFIFOStatus                        0x08006653   Thumb Code    12  stm32f4xx_dma.o(.text)
    DMA_GetFlagStatus                        0x0800665f   Thumb Code    56  stm32f4xx_dma.o(.text)
    DMA_ClearFlag                            0x08006697   Thumb Code    40  stm32f4xx_dma.o(.text)
    DMA_ITConfig                             0x080066bf   Thumb Code    58  stm32f4xx_dma.o(.text)
    DMA_GetITStatus                          0x080066f9   Thumb Code    84  stm32f4xx_dma.o(.text)
    DMA_ClearITPendingBit                    0x0800674d   Thumb Code    40  stm32f4xx_dma.o(.text)
    FSMC_NORSRAMDeInit                       0x08006795   Thumb Code    54  stm32f4xx_fsmc.o(.text)
    FSMC_NORSRAMInit                         0x080067cb   Thumb Code   230  stm32f4xx_fsmc.o(.text)
    FSMC_NORSRAMStructInit                   0x080068b1   Thumb Code    48  stm32f4xx_fsmc.o(.text)
    FSMC_NORSRAMCmd                          0x080068e1   Thumb Code    46  stm32f4xx_fsmc.o(.text)
    FSMC_NANDDeInit                          0x0800690f   Thumb Code    62  stm32f4xx_fsmc.o(.text)
    FSMC_NANDInit                            0x0800694d   Thumb Code   132  stm32f4xx_fsmc.o(.text)
    FSMC_NANDStructInit                      0x080069d1   Thumb Code    54  stm32f4xx_fsmc.o(.text)
    FSMC_NANDCmd                             0x08006a07   Thumb Code    86  stm32f4xx_fsmc.o(.text)
    FSMC_NANDECCCmd                          0x08006a5d   Thumb Code    86  stm32f4xx_fsmc.o(.text)
    FSMC_GetECC                              0x08006ab3   Thumb Code    24  stm32f4xx_fsmc.o(.text)
    FSMC_PCCARDDeInit                        0x08006acb   Thumb Code    36  stm32f4xx_fsmc.o(.text)
    FSMC_PCCARDInit                          0x08006aef   Thumb Code   130  stm32f4xx_fsmc.o(.text)
    FSMC_PCCARDStructInit                    0x08006b71   Thumb Code    60  stm32f4xx_fsmc.o(.text)
    FSMC_PCCARDCmd                           0x08006bad   Thumb Code    44  stm32f4xx_fsmc.o(.text)
    FSMC_ITConfig                            0x08006bd9   Thumb Code   128  stm32f4xx_fsmc.o(.text)
    FSMC_GetFlagStatus                       0x08006c59   Thumb Code    54  stm32f4xx_fsmc.o(.text)
    FSMC_ClearFlag                           0x08006c8f   Thumb Code    74  stm32f4xx_fsmc.o(.text)
    FSMC_GetITStatus                         0x08006cd9   Thumb Code    62  stm32f4xx_fsmc.o(.text)
    FSMC_ClearITPendingBit                   0x08006d17   Thumb Code    66  stm32f4xx_fsmc.o(.text)
    GPIO_DeInit                              0x08006d5d   Thumb Code   268  stm32f4xx_gpio.o(.text)
    GPIO_Init                                0x08006e69   Thumb Code   144  stm32f4xx_gpio.o(.text)
    GPIO_StructInit                          0x08006ef9   Thumb Code    18  stm32f4xx_gpio.o(.text)
    GPIO_PinLockConfig                       0x08006f0b   Thumb Code    34  stm32f4xx_gpio.o(.text)
    GPIO_ReadInputDataBit                    0x08006f2d   Thumb Code    18  stm32f4xx_gpio.o(.text)
    GPIO_ReadInputData                       0x08006f3f   Thumb Code     8  stm32f4xx_gpio.o(.text)
    GPIO_ReadOutputDataBit                   0x08006f47   Thumb Code    18  stm32f4xx_gpio.o(.text)
    GPIO_ReadOutputData                      0x08006f59   Thumb Code     8  stm32f4xx_gpio.o(.text)
    GPIO_SetBits                             0x08006f61   Thumb Code     4  stm32f4xx_gpio.o(.text)
    GPIO_ResetBits                           0x08006f65   Thumb Code     4  stm32f4xx_gpio.o(.text)
    GPIO_WriteBit                            0x08006f69   Thumb Code    10  stm32f4xx_gpio.o(.text)
    GPIO_Write                               0x08006f73   Thumb Code     4  stm32f4xx_gpio.o(.text)
    GPIO_ToggleBits                          0x08006f77   Thumb Code     8  stm32f4xx_gpio.o(.text)
    GPIO_PinAFConfig                         0x08006f7f   Thumb Code    70  stm32f4xx_gpio.o(.text)
    RCC_DeInit                               0x08006ff1   Thumb Code    82  stm32f4xx_rcc.o(.text)
    RCC_HSEConfig                            0x08007043   Thumb Code    14  stm32f4xx_rcc.o(.text)
    RCC_GetFlagStatus                        0x08007051   Thumb Code    60  stm32f4xx_rcc.o(.text)
    RCC_WaitForHSEStartUp                    0x0800708d   Thumb Code    56  stm32f4xx_rcc.o(.text)
    RCC_AdjustHSICalibrationValue            0x080070c5   Thumb Code    20  stm32f4xx_rcc.o(.text)
    RCC_HSICmd                               0x080070d9   Thumb Code     6  stm32f4xx_rcc.o(.text)
    RCC_LSEConfig                            0x080070df   Thumb Code    46  stm32f4xx_rcc.o(.text)
    RCC_LSICmd                               0x0800710d   Thumb Code     6  stm32f4xx_rcc.o(.text)
    RCC_PLLConfig                            0x08007113   Thumb Code    32  stm32f4xx_rcc.o(.text)
    RCC_PLLCmd                               0x08007133   Thumb Code     6  stm32f4xx_rcc.o(.text)
    RCC_PLLI2SConfig                         0x08007139   Thumb Code    14  stm32f4xx_rcc.o(.text)
    RCC_PLLI2SCmd                            0x08007147   Thumb Code     6  stm32f4xx_rcc.o(.text)
    RCC_PLLSAIConfig                         0x0800714d   Thumb Code    20  stm32f4xx_rcc.o(.text)
    RCC_PLLSAICmd                            0x08007161   Thumb Code     6  stm32f4xx_rcc.o(.text)
    RCC_ClockSecuritySystemCmd               0x08007167   Thumb Code     6  stm32f4xx_rcc.o(.text)
    RCC_MCO1Config                           0x0800716d   Thumb Code    28  stm32f4xx_rcc.o(.text)
    RCC_MCO2Config                           0x08007189   Thumb Code    28  stm32f4xx_rcc.o(.text)
    RCC_SYSCLKConfig                         0x080071a5   Thumb Code    20  stm32f4xx_rcc.o(.text)
    RCC_GetSYSCLKSource                      0x080071b9   Thumb Code    12  stm32f4xx_rcc.o(.text)
    RCC_HCLKConfig                           0x080071c5   Thumb Code    20  stm32f4xx_rcc.o(.text)
    RCC_PCLK1Config                          0x080071d9   Thumb Code    20  stm32f4xx_rcc.o(.text)
    RCC_PCLK2Config                          0x080071ed   Thumb Code    22  stm32f4xx_rcc.o(.text)
    RCC_GetClocksFreq                        0x08007203   Thumb Code   222  stm32f4xx_rcc.o(.text)
    RCC_RTCCLKConfig                         0x080072e1   Thumb Code    54  stm32f4xx_rcc.o(.text)
    RCC_RTCCLKCmd                            0x08007317   Thumb Code     8  stm32f4xx_rcc.o(.text)
    RCC_BackupResetCmd                       0x0800731f   Thumb Code     8  stm32f4xx_rcc.o(.text)
    RCC_I2SCLKConfig                         0x08007327   Thumb Code     6  stm32f4xx_rcc.o(.text)
    RCC_SAIPLLI2SClkDivConfig                0x0800732d   Thumb Code    26  stm32f4xx_rcc.o(.text)
    RCC_SAIPLLSAIClkDivConfig                0x08007347   Thumb Code    28  stm32f4xx_rcc.o(.text)
    RCC_SAIBlockACLKConfig                   0x08007363   Thumb Code    20  stm32f4xx_rcc.o(.text)
    RCC_SAIBlockBCLKConfig                   0x08007377   Thumb Code    20  stm32f4xx_rcc.o(.text)
    RCC_LTDCCLKDivConfig                     0x0800738b   Thumb Code    20  stm32f4xx_rcc.o(.text)
    RCC_TIMCLKPresConfig                     0x0800739f   Thumb Code     6  stm32f4xx_rcc.o(.text)
    RCC_AHB1PeriphClockCmd                   0x080073a5   Thumb Code    34  stm32f4xx_rcc.o(.text)
    RCC_AHB2PeriphClockCmd                   0x080073c7   Thumb Code    78  stm32f4xx_rcc.o(.text)
    RCC_AHB3PeriphClockCmd                   0x08007415   Thumb Code    34  stm32f4xx_rcc.o(.text)
    RCC_APB1PeriphClockCmd                   0x08007437   Thumb Code    34  stm32f4xx_rcc.o(.text)
    RCC_APB2PeriphClockCmd                   0x08007459   Thumb Code    34  stm32f4xx_rcc.o(.text)
    RCC_AHB1PeriphResetCmd                   0x0800747b   Thumb Code    34  stm32f4xx_rcc.o(.text)
    RCC_AHB2PeriphResetCmd                   0x0800749d   Thumb Code    34  stm32f4xx_rcc.o(.text)
    RCC_AHB3PeriphResetCmd                   0x080074bf   Thumb Code    34  stm32f4xx_rcc.o(.text)
    RCC_APB1PeriphResetCmd                   0x080074e1   Thumb Code    34  stm32f4xx_rcc.o(.text)
    RCC_APB2PeriphResetCmd                   0x08007503   Thumb Code    34  stm32f4xx_rcc.o(.text)
    RCC_AHB1PeriphClockLPModeCmd             0x08007525   Thumb Code    34  stm32f4xx_rcc.o(.text)
    RCC_AHB2PeriphClockLPModeCmd             0x08007547   Thumb Code    34  stm32f4xx_rcc.o(.text)
    RCC_AHB3PeriphClockLPModeCmd             0x08007569   Thumb Code    34  stm32f4xx_rcc.o(.text)
    RCC_APB1PeriphClockLPModeCmd             0x0800758b   Thumb Code    34  stm32f4xx_rcc.o(.text)
    RCC_APB2PeriphClockLPModeCmd             0x080075ad   Thumb Code    34  stm32f4xx_rcc.o(.text)
    RCC_LSEModeConfig                        0x080075cf   Thumb Code    40  stm32f4xx_rcc.o(.text)
    RCC_ITConfig                             0x080075f7   Thumb Code    34  stm32f4xx_rcc.o(.text)
    RCC_ClearFlag                            0x08007619   Thumb Code    18  stm32f4xx_rcc.o(.text)
    RCC_GetITStatus                          0x0800762b   Thumb Code    22  stm32f4xx_rcc.o(.text)
    RCC_ClearITPendingBit                    0x08007641   Thumb Code     8  stm32f4xx_rcc.o(.text)
    TIM_DeInit                               0x0800764d   Thumb Code   346  stm32f4xx_tim.o(.text)
    TIM_TimeBaseInit                         0x080077a7   Thumb Code   104  stm32f4xx_tim.o(.text)
    TIM_TimeBaseStructInit                   0x0800780f   Thumb Code    18  stm32f4xx_tim.o(.text)
    TIM_PrescalerConfig                      0x08007821   Thumb Code     6  stm32f4xx_tim.o(.text)
    TIM_CounterModeConfig                    0x08007827   Thumb Code    18  stm32f4xx_tim.o(.text)
    TIM_SetCounter                           0x08007839   Thumb Code     4  stm32f4xx_tim.o(.text)
    TIM_SetAutoreload                        0x0800783d   Thumb Code     4  stm32f4xx_tim.o(.text)
    TIM_GetCounter                           0x08007841   Thumb Code     6  stm32f4xx_tim.o(.text)
    TIM_GetPrescaler                         0x08007847   Thumb Code     6  stm32f4xx_tim.o(.text)
    TIM_UpdateDisableConfig                  0x0800784d   Thumb Code    24  stm32f4xx_tim.o(.text)
    TIM_UpdateRequestConfig                  0x08007865   Thumb Code    24  stm32f4xx_tim.o(.text)
    TIM_ARRPreloadConfig                     0x0800787d   Thumb Code    24  stm32f4xx_tim.o(.text)
    TIM_SelectOnePulseMode                   0x08007895   Thumb Code    18  stm32f4xx_tim.o(.text)
    TIM_SetClockDivision                     0x080078a7   Thumb Code    18  stm32f4xx_tim.o(.text)
    TIM_Cmd                                  0x080078b9   Thumb Code    24  stm32f4xx_tim.o(.text)
    TIM_OC1Init                              0x080078d1   Thumb Code   114  stm32f4xx_tim.o(.text)
    TIM_OC2Init                              0x08007943   Thumb Code   154  stm32f4xx_tim.o(.text)
    TIM_OC3Init                              0x080079dd   Thumb Code   204  stm32f4xx_tim.o(.text)
    TIM_OC4Init                              0x08007aa9   Thumb Code   112  stm32f4xx_tim.o(.text)
    TIM_OCStructInit                         0x08007b19   Thumb Code    20  stm32f4xx_tim.o(.text)
    TIM_SelectOCxM                           0x08007b2d   Thumb Code    86  stm32f4xx_tim.o(.text)
    TIM_SetCompare1                          0x08007b83   Thumb Code     4  stm32f4xx_tim.o(.text)
    TIM_SetCompare2                          0x08007b87   Thumb Code     4  stm32f4xx_tim.o(.text)
    TIM_SetCompare3                          0x08007b8b   Thumb Code     4  stm32f4xx_tim.o(.text)
    TIM_SetCompare4                          0x08007b8f   Thumb Code     4  stm32f4xx_tim.o(.text)
    TIM_ForcedOC1Config                      0x08007b93   Thumb Code    18  stm32f4xx_tim.o(.text)
    TIM_ForcedOC2Config                      0x08007ba5   Thumb Code    26  stm32f4xx_tim.o(.text)
    TIM_ForcedOC3Config                      0x08007bbf   Thumb Code    18  stm32f4xx_tim.o(.text)
    TIM_ForcedOC4Config                      0x08007bd1   Thumb Code    26  stm32f4xx_tim.o(.text)
    TIM_OC1PreloadConfig                     0x08007beb   Thumb Code    18  stm32f4xx_tim.o(.text)
    TIM_OC2PreloadConfig                     0x08007bfd   Thumb Code    26  stm32f4xx_tim.o(.text)
    TIM_OC3PreloadConfig                     0x08007c17   Thumb Code    18  stm32f4xx_tim.o(.text)
    TIM_OC4PreloadConfig                     0x08007c29   Thumb Code    26  stm32f4xx_tim.o(.text)
    TIM_OC1FastConfig                        0x08007c43   Thumb Code    18  stm32f4xx_tim.o(.text)
    TIM_OC2FastConfig                        0x08007c55   Thumb Code    26  stm32f4xx_tim.o(.text)
    TIM_OC3FastConfig                        0x08007c6f   Thumb Code    18  stm32f4xx_tim.o(.text)
    TIM_OC4FastConfig                        0x08007c81   Thumb Code    26  stm32f4xx_tim.o(.text)
    TIM_ClearOC1Ref                          0x08007c9b   Thumb Code    18  stm32f4xx_tim.o(.text)
    TIM_ClearOC2Ref                          0x08007cad   Thumb Code    24  stm32f4xx_tim.o(.text)
    TIM_ClearOC3Ref                          0x08007cc5   Thumb Code    18  stm32f4xx_tim.o(.text)
    TIM_ClearOC4Ref                          0x08007cd7   Thumb Code    24  stm32f4xx_tim.o(.text)
    TIM_OC1PolarityConfig                    0x08007cef   Thumb Code    18  stm32f4xx_tim.o(.text)
    TIM_OC1NPolarityConfig                   0x08007d01   Thumb Code    18  stm32f4xx_tim.o(.text)
    TIM_OC2PolarityConfig                    0x08007d13   Thumb Code    26  stm32f4xx_tim.o(.text)
    TIM_OC2NPolarityConfig                   0x08007d2d   Thumb Code    26  stm32f4xx_tim.o(.text)
    TIM_OC3PolarityConfig                    0x08007d47   Thumb Code    26  stm32f4xx_tim.o(.text)
    TIM_OC3NPolarityConfig                   0x08007d61   Thumb Code    26  stm32f4xx_tim.o(.text)
    TIM_OC4PolarityConfig                    0x08007d7b   Thumb Code    26  stm32f4xx_tim.o(.text)
    TIM_CCxCmd                               0x08007d95   Thumb Code    30  stm32f4xx_tim.o(.text)
    TIM_CCxNCmd                              0x08007db3   Thumb Code    30  stm32f4xx_tim.o(.text)
    TIM_SetIC4Prescaler                      0x08007dd1   Thumb Code    26  stm32f4xx_tim.o(.text)
    TIM_SetIC3Prescaler                      0x08007e3b   Thumb Code    18  stm32f4xx_tim.o(.text)
    TIM_SetIC2Prescaler                      0x08007e95   Thumb Code    26  stm32f4xx_tim.o(.text)
    TIM_SetIC1Prescaler                      0x08007f09   Thumb Code    18  stm32f4xx_tim.o(.text)
    TIM_ICInit                               0x08007f55   Thumb Code   110  stm32f4xx_tim.o(.text)
    TIM_ICStructInit                         0x08007fc3   Thumb Code    18  stm32f4xx_tim.o(.text)
    TIM_PWMIConfig                           0x08007fd5   Thumb Code   124  stm32f4xx_tim.o(.text)
    TIM_GetCapture1                          0x08008051   Thumb Code     6  stm32f4xx_tim.o(.text)
    TIM_GetCapture2                          0x08008057   Thumb Code     6  stm32f4xx_tim.o(.text)
    TIM_GetCapture3                          0x0800805d   Thumb Code     6  stm32f4xx_tim.o(.text)
    TIM_GetCapture4                          0x08008063   Thumb Code     6  stm32f4xx_tim.o(.text)
    TIM_BDTRConfig                           0x08008069   Thumb Code    32  stm32f4xx_tim.o(.text)
    TIM_BDTRStructInit                       0x08008089   Thumb Code    18  stm32f4xx_tim.o(.text)
    TIM_CtrlPWMOutputs                       0x0800809b   Thumb Code    30  stm32f4xx_tim.o(.text)
    TIM_SelectCOM                            0x080080b9   Thumb Code    24  stm32f4xx_tim.o(.text)
    TIM_CCPreloadControl                     0x080080d1   Thumb Code    24  stm32f4xx_tim.o(.text)
    TIM_ITConfig                             0x080080e9   Thumb Code    18  stm32f4xx_tim.o(.text)
    TIM_GenerateEvent                        0x080080fb   Thumb Code     4  stm32f4xx_tim.o(.text)
    TIM_GetFlagStatus                        0x080080ff   Thumb Code    18  stm32f4xx_tim.o(.text)
    TIM_ClearFlag                            0x08008111   Thumb Code     6  stm32f4xx_tim.o(.text)
    TIM_GetITStatus                          0x08008117   Thumb Code    34  stm32f4xx_tim.o(.text)
    TIM_ClearITPendingBit                    0x08008139   Thumb Code     6  stm32f4xx_tim.o(.text)
    TIM_DMAConfig                            0x0800813f   Thumb Code    10  stm32f4xx_tim.o(.text)
    TIM_DMACmd                               0x08008149   Thumb Code    18  stm32f4xx_tim.o(.text)
    TIM_SelectCCDMA                          0x0800815b   Thumb Code    24  stm32f4xx_tim.o(.text)
    TIM_InternalClockConfig                  0x08008173   Thumb Code    12  stm32f4xx_tim.o(.text)
    TIM_SelectInputTrigger                   0x0800817f   Thumb Code    18  stm32f4xx_tim.o(.text)
    TIM_ITRxExternalClockConfig              0x08008191   Thumb Code    24  stm32f4xx_tim.o(.text)
    TIM_TIxExternalClockConfig               0x080081a9   Thumb Code    62  stm32f4xx_tim.o(.text)
    TIM_ETRConfig                            0x080081e7   Thumb Code    28  stm32f4xx_tim.o(.text)
    TIM_ETRClockMode1Config                  0x08008203   Thumb Code    54  stm32f4xx_tim.o(.text)
    TIM_ETRClockMode2Config                  0x08008239   Thumb Code    32  stm32f4xx_tim.o(.text)
    TIM_SelectOutputTrigger                  0x08008259   Thumb Code    18  stm32f4xx_tim.o(.text)
    TIM_SelectSlaveMode                      0x0800826b   Thumb Code    18  stm32f4xx_tim.o(.text)
    TIM_SelectMasterSlaveMode                0x0800827d   Thumb Code    18  stm32f4xx_tim.o(.text)
    TIM_EncoderInterfaceConfig               0x0800828f   Thumb Code    66  stm32f4xx_tim.o(.text)
    TIM_SelectHallSensor                     0x080082d1   Thumb Code    24  stm32f4xx_tim.o(.text)
    TIM_RemapConfig                          0x080082e9   Thumb Code     6  stm32f4xx_tim.o(.text)
    USART_DeInit                             0x080082f1   Thumb Code   206  stm32f4xx_usart.o(.text)
    USART_Init                               0x080083bf   Thumb Code   204  stm32f4xx_usart.o(.text)
    USART_StructInit                         0x0800848b   Thumb Code    24  stm32f4xx_usart.o(.text)
    USART_ClockInit                          0x080084a3   Thumb Code    32  stm32f4xx_usart.o(.text)
    USART_ClockStructInit                    0x080084c3   Thumb Code    12  stm32f4xx_usart.o(.text)
    USART_Cmd                                0x080084cf   Thumb Code    24  stm32f4xx_usart.o(.text)
    USART_SetPrescaler                       0x080084e7   Thumb Code    16  stm32f4xx_usart.o(.text)
    USART_OverSampling8Cmd                   0x080084f7   Thumb Code    22  stm32f4xx_usart.o(.text)
    USART_OneBitMethodCmd                    0x0800850d   Thumb Code    24  stm32f4xx_usart.o(.text)
    USART_SendData                           0x08008525   Thumb Code     8  stm32f4xx_usart.o(.text)
    USART_ReceiveData                        0x0800852d   Thumb Code    10  stm32f4xx_usart.o(.text)
    USART_SetAddress                         0x08008537   Thumb Code    18  stm32f4xx_usart.o(.text)
    USART_ReceiverWakeUpCmd                  0x08008549   Thumb Code    24  stm32f4xx_usart.o(.text)
    USART_WakeUpConfig                       0x08008561   Thumb Code    18  stm32f4xx_usart.o(.text)
    USART_LINBreakDetectLengthConfig         0x08008573   Thumb Code    18  stm32f4xx_usart.o(.text)
    USART_LINCmd                             0x08008585   Thumb Code    24  stm32f4xx_usart.o(.text)
    USART_SendBreak                          0x0800859d   Thumb Code    10  stm32f4xx_usart.o(.text)
    USART_HalfDuplexCmd                      0x080085a7   Thumb Code    24  stm32f4xx_usart.o(.text)
    USART_SetGuardTime                       0x080085bf   Thumb Code    16  stm32f4xx_usart.o(.text)
    USART_SmartCardCmd                       0x080085cf   Thumb Code    24  stm32f4xx_usart.o(.text)
    USART_SmartCardNACKCmd                   0x080085e7   Thumb Code    24  stm32f4xx_usart.o(.text)
    USART_IrDAConfig                         0x080085ff   Thumb Code    18  stm32f4xx_usart.o(.text)
    USART_IrDACmd                            0x08008611   Thumb Code    24  stm32f4xx_usart.o(.text)
    USART_DMACmd                             0x08008629   Thumb Code    18  stm32f4xx_usart.o(.text)
    USART_ITConfig                           0x0800863b   Thumb Code    74  stm32f4xx_usart.o(.text)
    USART_GetFlagStatus                      0x08008685   Thumb Code    26  stm32f4xx_usart.o(.text)
    USART_ClearFlag                          0x0800869f   Thumb Code    18  stm32f4xx_usart.o(.text)
    USART_GetITStatus                        0x080086b1   Thumb Code   118  stm32f4xx_usart.o(.text)
    USART_ClearITPendingBit                  0x08008727   Thumb Code    30  stm32f4xx_usart.o(.text)
    __use_no_semihosting                     0x08008745   Thumb Code     2  use_no_semi_2.o(.text)
    printf                                   0x08008749   Thumb Code    20  printf.o(.text)
    __use_two_region_memory                  0x08008761   Thumb Code     2  heapauxi.o(.text)
    __rt_heap_escrow$2region                 0x08008763   Thumb Code     2  heapauxi.o(.text)
    __rt_heap_expand$2region                 0x08008765   Thumb Code     2  heapauxi.o(.text)
    __I$use$semihosting                      0x08008767   Thumb Code     0  use_no_semi.o(.text)
    __use_no_semihosting_swi                 0x08008767   Thumb Code     2  use_no_semi.o(.text)
    _printf_pre_padding                      0x08008769   Thumb Code    44  _printf_pad.o(.text)
    _printf_post_padding                     0x08008795   Thumb Code    34  _printf_pad.o(.text)
    _printf_truncate_signed                  0x080087b7   Thumb Code    18  _printf_truncate.o(.text)
    _printf_truncate_unsigned                0x080087c9   Thumb Code    18  _printf_truncate.o(.text)
    _printf_str                              0x080087db   Thumb Code    82  _printf_str.o(.text)
    _printf_int_dec                          0x0800882d   Thumb Code   104  _printf_dec.o(.text)
    _printf_charcount                        0x080088a5   Thumb Code    40  _printf_charcount.o(.text)
    _printf_char_file                        0x080088cd   Thumb Code    32  _printf_char_file.o(.text)
    _printf_wctomb                           0x080088f1   Thumb Code   182  _printf_wctomb.o(.text)
    _printf_longlong_dec                     0x080089ad   Thumb Code   108  _printf_longlong_dec.o(.text)
    _printf_longlong_oct                     0x08008a29   Thumb Code    66  _printf_oct_int_ll.o(.text)
    _printf_int_oct                          0x08008a6b   Thumb Code    24  _printf_oct_int_ll.o(.text)
    _printf_ll_oct                           0x08008a83   Thumb Code    12  _printf_oct_int_ll.o(.text)
    _printf_longlong_hex                     0x08008a99   Thumb Code    86  _printf_hex_int_ll_ptr.o(.text)
    _printf_int_hex                          0x08008aef   Thumb Code    28  _printf_hex_int_ll_ptr.o(.text)
    _printf_ll_hex                           0x08008b0b   Thumb Code    12  _printf_hex_int_ll_ptr.o(.text)
    _printf_hex_ptr                          0x08008b17   Thumb Code    18  _printf_hex_int_ll_ptr.o(.text)
    __printf                                 0x08008b2d   Thumb Code   388  __printf_flags_ss_wp.o(.text)
    _ll_udiv10                               0x08008cb5   Thumb Code   138  lludiv10.o(.text)
    _printf_int_common                       0x08008d3f   Thumb Code   178  _printf_intcommon.o(.text)
    __lib_sel_fp_printf                      0x08008df1   Thumb Code     2  _printf_fp_dec.o(.text)
    _printf_fp_dec_real                      0x08008fa3   Thumb Code   620  _printf_fp_dec.o(.text)
    _printf_fp_hex_real                      0x08009211   Thumb Code   756  _printf_fp_hex.o(.text)
    _printf_char_common                      0x08009517   Thumb Code    32  _printf_char_common.o(.text)
    _printf_cs_common                        0x0800953d   Thumb Code    20  _printf_char.o(.text)
    _printf_char                             0x08009551   Thumb Code    16  _printf_char.o(.text)
    _printf_string                           0x08009561   Thumb Code     8  _printf_char.o(.text)
    _printf_lcs_common                       0x08009569   Thumb Code    20  _printf_wchar.o(.text)
    _printf_wchar                            0x0800957d   Thumb Code    16  _printf_wchar.o(.text)
    _printf_wstring                          0x0800958d   Thumb Code     8  _printf_wchar.o(.text)
    ferror                                   0x08009595   Thumb Code     8  ferror.o(.text)
    _wcrtomb                                 0x0800959d   Thumb Code    64  _wcrtomb.o(.text)
    __user_setup_stackheap                   0x080095dd   Thumb Code    74  sys_stackheap_outer.o(.text)
    __rt_ctype_table                         0x08009629   Thumb Code    16  rt_ctype_table.o(.text)
    __rt_locale                              0x08009639   Thumb Code     8  rt_locale_intlibspace.o(.text)
    _printf_fp_infnan                        0x08009641   Thumb Code   112  _printf_fp_infnan.o(.text)
    _btod_etento                             0x080096c1   Thumb Code   224  bigflt0.o(.text)
    exit                                     0x080097a5   Thumb Code    18  exit.o(.text)
    __user_libspace                          0x080097b9   Thumb Code     8  libspace.o(.text)
    __user_perproc_libspace                  0x080097b9   Thumb Code     0  libspace.o(.text)
    __user_perthread_libspace                0x080097b9   Thumb Code     0  libspace.o(.text)
    strcmp                                   0x080097c1   Thumb Code   128  strcmpv7m.o(.text)
    _btod_d2e                                0x08009841   Thumb Code    62  btod.o(CL$$btod_d2e)
    _d2e_denorm_low                          0x0800987f   Thumb Code    70  btod.o(CL$$btod_d2e_denorm_low)
    _d2e_norm_op1                            0x080098c5   Thumb Code    96  btod.o(CL$$btod_d2e_norm_op1)
    __btod_div_common                        0x08009925   Thumb Code   696  btod.o(CL$$btod_div_common)
    _e2e                                     0x08009c5d   Thumb Code   220  btod.o(CL$$btod_e2e)
    _btod_ediv                               0x08009d39   Thumb Code    42  btod.o(CL$$btod_ediv)
    _btod_emul                               0x08009d63   Thumb Code    42  btod.o(CL$$btod_emul)
    __btod_mult_common                       0x08009d8d   Thumb Code   580  btod.o(CL$$btod_mult_common)
    __ARM_fpclassify                         0x08009fd1   Thumb Code    48  fpclassify.o(i.__ARM_fpclassify)
    _is_digit                                0x0800a001   Thumb Code    14  __printf_wp.o(i._is_digit)
    _get_lc_numeric                          0x0800a011   Thumb Code    44  lc_numeric_c.o(locale$$code)
    _get_lc_ctype                            0x0800a03d   Thumb Code    44  lc_ctype_c.o(locale$$code)
    _fp_init                                 0x0800a069   Thumb Code    10  fpinit.o(x$fpl$fpinit)
    __fplib_config_fpu_vfp                   0x0800a071   Thumb Code     0  fpinit.o(x$fpl$fpinit)
    __fplib_config_pureend_doubles           0x0800a071   Thumb Code     0  fpinit.o(x$fpl$fpinit)
    _printf_fp_dec                           0x0800a073   Thumb Code     4  printf1.o(x$fpl$printf1)
    _printf_fp_hex                           0x0800a077   Thumb Code     4  printf2.o(x$fpl$printf2)
    __I$use$fp                               0x0800a07a   Number         0  usenofp.o(x$fpl$usenofp)
    asc2_1206                                0x0800a07a   Data        1140  lcd.o(.constdata)
    asc2_1608                                0x0800a4ee   Data        1520  lcd.o(.constdata)
    asc2_2412                                0x0800aade   Data        3420  lcd.o(.constdata)
    OV5640_jpeg_reg_tbl                      0x0800b83a   Data         164  ov5640.o(.constdata)
    ov5640_rgb565_reg_tbl                    0x0800b8de   Data         180  ov5640.o(.constdata)
    ov5640_init_reg_tbl                      0x0800b992   Data         828  ov5640.o(.constdata)
    OV5640_AF_Config                         0x0800bcce   Data        4077  ov5640.o(.constdata)
    FSMC_DefaultTimingStruct                 0x0800cd48   Data          28  stm32f4xx_fsmc.o(.constdata)
    Region$$Table$$Base                      0x0800ce60   Number         0  anon$$obj.o(Region$$Table)
    Region$$Table$$Limit                     0x0800ce80   Number         0  anon$$obj.o(Region$$Table)
    __ctype                                  0x0800cea9   Data           0  lc_ctype_c.o(locale$$data)
    Com1SendFlag                             0x20000000   Data           1  main.o(.data)
    SystemCoreClock                          0x20000004   Data           4  system_stm32f4xx.o(.data)
    AHBPrescTable                            0x20000008   Data          16  system_stm32f4xx.o(.data)
    POINT_COLOR                              0x20000018   Data           2  lcd.o(.data)
    BACK_COLOR                               0x2000001a   Data           2  lcd.o(.data)
    Key_Flag                                 0x2000001c   Data           1  key.o(.data)
    key_up                                   0x2000001d   Data           1  key.o(.data)
    Key_times                                0x2000001e   Data           6  key.o(.data)
    Key_Time_out                             0x20000024   Data           6  key.o(.data)
    ov_frame                                 0x2000002a   Data           1  dcmi.o(.data)
    TimeS                                    0x2000002b   Data           1  timer.o(.data)
    __stdout                                 0x20000030   Data           4  usart.o(.data)
    USART_RX_STA                             0x20000034   Data           2  usart.o(.data)
    lcddev                                   0x20000048   Data          14  lcd.o(.bss)
    DCMI_InitStructure                       0x20000056   Data          14  dcmi.o(.bss)
    USART_RX_BUF                             0x20000064   Data         200  usart.o(.bss)
    __libspace_start                         0x2000012c   Data          96  libspace.o(.bss)
    __temporary_stack_top$libspace           0x2000018c   Data           0  libspace.o(.bss)



==============================================================================

Memory Map of the image

  Image Entry point : 0x08000189

  Load Region LR_IROM1 (Base: 0x08000000, Size: 0x0000cff4, Max: 0x00100000, ABSOLUTE)

    Execution Region ER_IROM1 (Exec base: 0x08000000, Load base: 0x08000000, Size: 0x0000cfac, Max: 0x00100000, ABSOLUTE)

    Exec Addr    Load Addr    Size         Type   Attr      Idx    E Section Name        Object

    0x08000000   0x08000000   0x00000188   Data   RO          499    RESET               startup_stm32f40_41xxx.o
    0x08000188   0x08000188   0x00000008   Code   RO          677  * !!!main             c_w.l(__main.o)
    0x08000190   0x08000190   0x00000034   Code   RO         1002    !!!scatter          c_w.l(__scatter.o)
    0x080001c4   0x080001c4   0x0000001a   Code   RO         1004    !!handler_copy      c_w.l(__scatter_copy.o)
    0x080001de   0x080001de   0x00000002   PAD
    0x080001e0   0x080001e0   0x0000001c   Code   RO         1006    !!handler_zi        c_w.l(__scatter_zi.o)
    0x080001fc   0x080001fc   0x00000000   Code   RO          761    .ARM.Collect$$_printf_percent$$00000000  c_w.l(_printf_percent.o)
    0x080001fc   0x080001fc   0x00000006   Code   RO          750    .ARM.Collect$$_printf_percent$$00000001  c_w.l(_printf_n.o)
    0x08000202   0x08000202   0x00000006   Code   RO          752    .ARM.Collect$$_printf_percent$$00000002  c_w.l(_printf_p.o)
    0x08000208   0x08000208   0x00000006   Code   RO          757    .ARM.Collect$$_printf_percent$$00000003  c_w.l(_printf_f.o)
    0x0800020e   0x0800020e   0x00000006   Code   RO          758    .ARM.Collect$$_printf_percent$$00000004  c_w.l(_printf_e.o)
    0x08000214   0x08000214   0x00000006   Code   RO          759    .ARM.Collect$$_printf_percent$$00000005  c_w.l(_printf_g.o)
    0x0800021a   0x0800021a   0x00000006   Code   RO          760    .ARM.Collect$$_printf_percent$$00000006  c_w.l(_printf_a.o)
    0x08000220   0x08000220   0x0000000a   Code   RO          765    .ARM.Collect$$_printf_percent$$00000007  c_w.l(_printf_ll.o)
    0x0800022a   0x0800022a   0x00000006   Code   RO          754    .ARM.Collect$$_printf_percent$$00000008  c_w.l(_printf_i.o)
    0x08000230   0x08000230   0x00000006   Code   RO          755    .ARM.Collect$$_printf_percent$$00000009  c_w.l(_printf_d.o)
    0x08000236   0x08000236   0x00000006   Code   RO          756    .ARM.Collect$$_printf_percent$$0000000A  c_w.l(_printf_u.o)
    0x0800023c   0x0800023c   0x00000006   Code   RO          753    .ARM.Collect$$_printf_percent$$0000000B  c_w.l(_printf_o.o)
    0x08000242   0x08000242   0x00000006   Code   RO          751    .ARM.Collect$$_printf_percent$$0000000C  c_w.l(_printf_x.o)
    0x08000248   0x08000248   0x00000006   Code   RO          762    .ARM.Collect$$_printf_percent$$0000000D  c_w.l(_printf_lli.o)
    0x0800024e   0x0800024e   0x00000006   Code   RO          763    .ARM.Collect$$_printf_percent$$0000000E  c_w.l(_printf_lld.o)
    0x08000254   0x08000254   0x00000006   Code   RO          764    .ARM.Collect$$_printf_percent$$0000000F  c_w.l(_printf_llu.o)
    0x0800025a   0x0800025a   0x00000006   Code   RO          769    .ARM.Collect$$_printf_percent$$00000010  c_w.l(_printf_llo.o)
    0x08000260   0x08000260   0x00000006   Code   RO          770    .ARM.Collect$$_printf_percent$$00000011  c_w.l(_printf_llx.o)
    0x08000266   0x08000266   0x0000000a   Code   RO          766    .ARM.Collect$$_printf_percent$$00000012  c_w.l(_printf_l.o)
    0x08000270   0x08000270   0x00000006   Code   RO          748    .ARM.Collect$$_printf_percent$$00000013  c_w.l(_printf_c.o)
    0x08000276   0x08000276   0x00000006   Code   RO          749    .ARM.Collect$$_printf_percent$$00000014  c_w.l(_printf_s.o)
    0x0800027c   0x0800027c   0x00000006   Code   RO          767    .ARM.Collect$$_printf_percent$$00000015  c_w.l(_printf_lc.o)
    0x08000282   0x08000282   0x00000006   Code   RO          768    .ARM.Collect$$_printf_percent$$00000016  c_w.l(_printf_ls.o)
    0x08000288   0x08000288   0x00000004   Code   RO          809    .ARM.Collect$$_printf_percent$$00000017  c_w.l(_printf_percent_end.o)
    0x0800028c   0x0800028c   0x00000002   Code   RO          864    .ARM.Collect$$libinit$$00000000  c_w.l(libinit.o)
    0x0800028e   0x0800028e   0x00000004   Code   RO          880    .ARM.Collect$$libinit$$00000001  c_w.l(libinit2.o)
    0x08000292   0x08000292   0x00000000   Code   RO          883    .ARM.Collect$$libinit$$00000004  c_w.l(libinit2.o)
    0x08000292   0x08000292   0x00000000   Code   RO          886    .ARM.Collect$$libinit$$0000000A  c_w.l(libinit2.o)
    0x08000292   0x08000292   0x00000000   Code   RO          888    .ARM.Collect$$libinit$$0000000C  c_w.l(libinit2.o)
    0x08000292   0x08000292   0x00000000   Code   RO          890    .ARM.Collect$$libinit$$0000000E  c_w.l(libinit2.o)
    0x08000292   0x08000292   0x00000006   Code   RO          891    .ARM.Collect$$libinit$$0000000F  c_w.l(libinit2.o)
    0x08000298   0x08000298   0x00000000   Code   RO          893    .ARM.Collect$$libinit$$00000011  c_w.l(libinit2.o)
    0x08000298   0x08000298   0x0000000c   Code   RO          894    .ARM.Collect$$libinit$$00000012  c_w.l(libinit2.o)
    0x080002a4   0x080002a4   0x00000000   Code   RO          895    .ARM.Collect$$libinit$$00000013  c_w.l(libinit2.o)
    0x080002a4   0x080002a4   0x00000000   Code   RO          897    .ARM.Collect$$libinit$$00000015  c_w.l(libinit2.o)
    0x080002a4   0x080002a4   0x0000000a   Code   RO          898    .ARM.Collect$$libinit$$00000016  c_w.l(libinit2.o)
    0x080002ae   0x080002ae   0x00000000   Code   RO          899    .ARM.Collect$$libinit$$00000017  c_w.l(libinit2.o)
    0x080002ae   0x080002ae   0x00000000   Code   RO          901    .ARM.Collect$$libinit$$00000019  c_w.l(libinit2.o)
    0x080002ae   0x080002ae   0x00000000   Code   RO          903    .ARM.Collect$$libinit$$0000001B  c_w.l(libinit2.o)
    0x080002ae   0x080002ae   0x00000000   Code   RO          905    .ARM.Collect$$libinit$$0000001D  c_w.l(libinit2.o)
    0x080002ae   0x080002ae   0x00000000   Code   RO          907    .ARM.Collect$$libinit$$0000001F  c_w.l(libinit2.o)
    0x080002ae   0x080002ae   0x00000000   Code   RO          909    .ARM.Collect$$libinit$$00000021  c_w.l(libinit2.o)
    0x080002ae   0x080002ae   0x00000000   Code   RO          911    .ARM.Collect$$libinit$$00000023  c_w.l(libinit2.o)
    0x080002ae   0x080002ae   0x00000000   Code   RO          913    .ARM.Collect$$libinit$$00000025  c_w.l(libinit2.o)
    0x080002ae   0x080002ae   0x00000000   Code   RO          917    .ARM.Collect$$libinit$$0000002C  c_w.l(libinit2.o)
    0x080002ae   0x080002ae   0x00000000   Code   RO          919    .ARM.Collect$$libinit$$0000002E  c_w.l(libinit2.o)
    0x080002ae   0x080002ae   0x00000000   Code   RO          921    .ARM.Collect$$libinit$$00000030  c_w.l(libinit2.o)
    0x080002ae   0x080002ae   0x00000000   Code   RO          923    .ARM.Collect$$libinit$$00000032  c_w.l(libinit2.o)
    0x080002ae   0x080002ae   0x00000002   Code   RO          924    .ARM.Collect$$libinit$$00000033  c_w.l(libinit2.o)
    0x080002b0   0x080002b0   0x00000002   Code   RO          942    .ARM.Collect$$libshutdown$$00000000  c_w.l(libshutdown.o)
    0x080002b2   0x080002b2   0x00000000   Code   RO          952    .ARM.Collect$$libshutdown$$00000002  c_w.l(libshutdown2.o)
    0x080002b2   0x080002b2   0x00000000   Code   RO          954    .ARM.Collect$$libshutdown$$00000004  c_w.l(libshutdown2.o)
    0x080002b2   0x080002b2   0x00000000   Code   RO          956    .ARM.Collect$$libshutdown$$00000006  c_w.l(libshutdown2.o)
    0x080002b2   0x080002b2   0x00000000   Code   RO          959    .ARM.Collect$$libshutdown$$00000009  c_w.l(libshutdown2.o)
    0x080002b2   0x080002b2   0x00000000   Code   RO          962    .ARM.Collect$$libshutdown$$0000000C  c_w.l(libshutdown2.o)
    0x080002b2   0x080002b2   0x00000000   Code   RO          964    .ARM.Collect$$libshutdown$$0000000E  c_w.l(libshutdown2.o)
    0x080002b2   0x080002b2   0x00000000   Code   RO          967    .ARM.Collect$$libshutdown$$00000011  c_w.l(libshutdown2.o)
    0x080002b2   0x080002b2   0x00000002   Code   RO          968    .ARM.Collect$$libshutdown$$00000012  c_w.l(libshutdown2.o)
    0x080002b4   0x080002b4   0x00000000   Code   RO          681    .ARM.Collect$$rtentry$$00000000  c_w.l(__rtentry.o)
    0x080002b4   0x080002b4   0x00000000   Code   RO          780    .ARM.Collect$$rtentry$$00000002  c_w.l(__rtentry2.o)
    0x080002b4   0x080002b4   0x00000006   Code   RO          792    .ARM.Collect$$rtentry$$00000004  c_w.l(__rtentry4.o)
    0x080002ba   0x080002ba   0x00000000   Code   RO          782    .ARM.Collect$$rtentry$$00000009  c_w.l(__rtentry2.o)
    0x080002ba   0x080002ba   0x00000004   Code   RO          783    .ARM.Collect$$rtentry$$0000000A  c_w.l(__rtentry2.o)
    0x080002be   0x080002be   0x00000000   Code   RO          785    .ARM.Collect$$rtentry$$0000000C  c_w.l(__rtentry2.o)
    0x080002be   0x080002be   0x00000008   Code   RO          786    .ARM.Collect$$rtentry$$0000000D  c_w.l(__rtentry2.o)
    0x080002c6   0x080002c6   0x00000002   Code   RO          873    .ARM.Collect$$rtexit$$00000000  c_w.l(rtexit.o)
    0x080002c8   0x080002c8   0x00000000   Code   RO          926    .ARM.Collect$$rtexit$$00000002  c_w.l(rtexit2.o)
    0x080002c8   0x080002c8   0x00000004   Code   RO          927    .ARM.Collect$$rtexit$$00000003  c_w.l(rtexit2.o)
    0x080002cc   0x080002cc   0x00000006   Code   RO          928    .ARM.Collect$$rtexit$$00000004  c_w.l(rtexit2.o)
    0x080002d2   0x080002d2   0x00000002   PAD
    0x080002d4   0x080002d4   0x00000154   Code   RO            3    .text               main.o
    0x08000428   0x08000428   0x0000001a   Code   RO          172    .text               stm32f4xx_it.o
    0x08000442   0x08000442   0x00000002   PAD
    0x08000444   0x08000444   0x00000210   Code   RO          221    .text               system_stm32f4xx.o
    0x08000654   0x08000654   0x00000040   Code   RO          247    .text               led.o
    0x08000694   0x08000694   0x00004830   Code   RO          267    .text               lcd.o
    0x08004ec4   0x08004ec4   0x000001a4   Code   RO          305    .text               key.o
    0x08005068   0x08005068   0x0000035c   Code   RO          328    .text               dcmi.o
    0x080053c4   0x080053c4   0x00000808   Code   RO          352    .text               ov5640.o
    0x08005bcc   0x08005bcc   0x00000274   Code   RO          385    .text               sccb.o
    0x08005e40   0x08005e40   0x000000ac   Code   RO          405    .text               timer.o
    0x08005eec   0x08005eec   0x00000104   Code   RO          428    .text               delay.o
    0x08005ff0   0x08005ff0   0x00000150   Code   RO          468    .text               usart.o
    0x08006140   0x08006140   0x00000040   Code   RO          500    .text               startup_stm32f40_41xxx.o
    0x08006180   0x08006180   0x000000e0   Code   RO          506    .text               misc.o
    0x08006260   0x08006260   0x0000018c   Code   RO          526    .text               stm32f4xx_dcmi.o
    0x080063ec   0x080063ec   0x000003a8   Code   RO          546    .text               stm32f4xx_dma.o
    0x08006794   0x08006794   0x000005c8   Code   RO          566    .text               stm32f4xx_fsmc.o
    0x08006d5c   0x08006d5c   0x00000294   Code   RO          589    .text               stm32f4xx_gpio.o
    0x08006ff0   0x08006ff0   0x0000065c   Code   RO          609    .text               stm32f4xx_rcc.o
    0x0800764c   0x0800764c   0x00000ca2   Code   RO          631    .text               stm32f4xx_tim.o
    0x080082ee   0x080082ee   0x00000002   PAD
    0x080082f0   0x080082f0   0x00000454   Code   RO          651    .text               stm32f4xx_usart.o
    0x08008744   0x08008744   0x00000002   Code   RO          671    .text               c_w.l(use_no_semi_2.o)
    0x08008746   0x08008746   0x00000002   PAD
    0x08008748   0x08008748   0x00000018   Code   RO          673    .text               c_w.l(printf.o)
    0x08008760   0x08008760   0x00000006   Code   RO          675    .text               c_w.l(heapauxi.o)
    0x08008766   0x08008766   0x00000002   Code   RO          679    .text               c_w.l(use_no_semi.o)
    0x08008768   0x08008768   0x0000004e   Code   RO          684    .text               c_w.l(_printf_pad.o)
    0x080087b6   0x080087b6   0x00000024   Code   RO          686    .text               c_w.l(_printf_truncate.o)
    0x080087da   0x080087da   0x00000052   Code   RO          688    .text               c_w.l(_printf_str.o)
    0x0800882c   0x0800882c   0x00000078   Code   RO          690    .text               c_w.l(_printf_dec.o)
    0x080088a4   0x080088a4   0x00000028   Code   RO          692    .text               c_w.l(_printf_charcount.o)
    0x080088cc   0x080088cc   0x00000024   Code   RO          694    .text               c_w.l(_printf_char_file.o)
    0x080088f0   0x080088f0   0x000000bc   Code   RO          696    .text               c_w.l(_printf_wctomb.o)
    0x080089ac   0x080089ac   0x0000007c   Code   RO          699    .text               c_w.l(_printf_longlong_dec.o)
    0x08008a28   0x08008a28   0x00000070   Code   RO          705    .text               c_w.l(_printf_oct_int_ll.o)
    0x08008a98   0x08008a98   0x00000094   Code   RO          725    .text               c_w.l(_printf_hex_int_ll_ptr.o)
    0x08008b2c   0x08008b2c   0x00000188   Code   RO          745    .text               c_w.l(__printf_flags_ss_wp.o)
    0x08008cb4   0x08008cb4   0x0000008a   Code   RO          794    .text               c_w.l(lludiv10.o)
    0x08008d3e   0x08008d3e   0x000000b2   Code   RO          796    .text               c_w.l(_printf_intcommon.o)
    0x08008df0   0x08008df0   0x0000041e   Code   RO          798    .text               c_w.l(_printf_fp_dec.o)
    0x0800920e   0x0800920e   0x00000002   PAD
    0x08009210   0x08009210   0x000002fc   Code   RO          800    .text               c_w.l(_printf_fp_hex.o)
    0x0800950c   0x0800950c   0x00000030   Code   RO          803    .text               c_w.l(_printf_char_common.o)
    0x0800953c   0x0800953c   0x0000002c   Code   RO          805    .text               c_w.l(_printf_char.o)
    0x08009568   0x08009568   0x0000002c   Code   RO          807    .text               c_w.l(_printf_wchar.o)
    0x08009594   0x08009594   0x00000008   Code   RO          810    .text               c_w.l(ferror.o)
    0x0800959c   0x0800959c   0x00000040   Code   RO          814    .text               c_w.l(_wcrtomb.o)
    0x080095dc   0x080095dc   0x0000004a   Code   RO          816    .text               c_w.l(sys_stackheap_outer.o)
    0x08009626   0x08009626   0x00000002   PAD
    0x08009628   0x08009628   0x00000010   Code   RO          818    .text               c_w.l(rt_ctype_table.o)
    0x08009638   0x08009638   0x00000008   Code   RO          823    .text               c_w.l(rt_locale_intlibspace.o)
    0x08009640   0x08009640   0x00000080   Code   RO          825    .text               c_w.l(_printf_fp_infnan.o)
    0x080096c0   0x080096c0   0x000000e4   Code   RO          829    .text               c_w.l(bigflt0.o)
    0x080097a4   0x080097a4   0x00000012   Code   RO          857    .text               c_w.l(exit.o)
    0x080097b6   0x080097b6   0x00000002   PAD
    0x080097b8   0x080097b8   0x00000008   Code   RO          870    .text               c_w.l(libspace.o)
    0x080097c0   0x080097c0   0x00000080   Code   RO          878    .text               c_w.l(strcmpv7m.o)
    0x08009840   0x08009840   0x0000003e   Code   RO          832    CL$$btod_d2e        c_w.l(btod.o)
    0x0800987e   0x0800987e   0x00000046   Code   RO          834    CL$$btod_d2e_denorm_low  c_w.l(btod.o)
    0x080098c4   0x080098c4   0x00000060   Code   RO          833    CL$$btod_d2e_norm_op1  c_w.l(btod.o)
    0x08009924   0x08009924   0x00000338   Code   RO          842    CL$$btod_div_common  c_w.l(btod.o)
    0x08009c5c   0x08009c5c   0x000000dc   Code   RO          839    CL$$btod_e2e        c_w.l(btod.o)
    0x08009d38   0x08009d38   0x0000002a   Code   RO          836    CL$$btod_ediv       c_w.l(btod.o)
    0x08009d62   0x08009d62   0x0000002a   Code   RO          835    CL$$btod_emul       c_w.l(btod.o)
    0x08009d8c   0x08009d8c   0x00000244   Code   RO          841    CL$$btod_mult_common  c_w.l(btod.o)
    0x08009fd0   0x08009fd0   0x00000030   Code   RO          868    i.__ARM_fpclassify  m_wm.l(fpclassify.o)
    0x0800a000   0x0800a000   0x0000000e   Code   RO          738    i._is_digit         c_w.l(__printf_wp.o)
    0x0800a00e   0x0800a00e   0x00000002   PAD
    0x0800a010   0x0800a010   0x0000002c   Code   RO          855    locale$$code        c_w.l(lc_numeric_c.o)
    0x0800a03c   0x0800a03c   0x0000002c   Code   RO          876    locale$$code        c_w.l(lc_ctype_c.o)
    0x0800a068   0x0800a068   0x0000000a   Code   RO          934    x$fpl$fpinit        fz_wm.l(fpinit.o)
    0x0800a072   0x0800a072   0x00000004   Code   RO          771    x$fpl$printf1       fz_wm.l(printf1.o)
    0x0800a076   0x0800a076   0x00000004   Code   RO          773    x$fpl$printf2       fz_wm.l(printf2.o)
    0x0800a07a   0x0800a07a   0x00000000   Code   RO          867    x$fpl$usenofp       fz_wm.l(usenofp.o)
    0x0800a07a   0x0800a07a   0x000017c0   Data   RO          269    .constdata          lcd.o
    0x0800b83a   0x0800b83a   0x0000150d   Data   RO          353    .constdata          ov5640.o
    0x0800cd47   0x0800cd47   0x00000001   PAD
    0x0800cd48   0x0800cd48   0x0000001c   Data   RO          567    .constdata          stm32f4xx_fsmc.o
    0x0800cd64   0x0800cd64   0x00000008   Data   RO          697    .constdata          c_w.l(_printf_wctomb.o)
    0x0800cd6c   0x0800cd6c   0x00000028   Data   RO          726    .constdata          c_w.l(_printf_hex_int_ll_ptr.o)
    0x0800cd94   0x0800cd94   0x00000011   Data   RO          746    .constdata          c_w.l(__printf_flags_ss_wp.o)
    0x0800cda5   0x0800cda5   0x00000026   Data   RO          801    .constdata          c_w.l(_printf_fp_hex.o)
    0x0800cdcb   0x0800cdcb   0x00000001   PAD
    0x0800cdcc   0x0800cdcc   0x00000094   Data   RO          830    .constdata          c_w.l(bigflt0.o)
    0x0800ce60   0x0800ce60   0x00000020   Data   RO         1000    Region$$Table       anon$$obj.o
    0x0800ce80   0x0800ce80   0x0000001c   Data   RO          854    locale$$data        c_w.l(lc_numeric_c.o)
    0x0800ce9c   0x0800ce9c   0x00000110   Data   RO          875    locale$$data        c_w.l(lc_ctype_c.o)


    Execution Region RW_IRAM1 (Exec base: 0x20000000, Load base: 0x0800cfac, Size: 0x00000790, Max: 0x00020000, ABSOLUTE)

    Exec Addr    Load Addr    Size         Type   Attr      Idx    E Section Name        Object

    0x20000000   0x0800cfac   0x00000001   Data   RW            4    .data               main.o
    0x20000001   0x0800cfad   0x00000003   PAD
    0x20000004   0x0800cfb0   0x00000014   Data   RW          222    .data               system_stm32f4xx.o
    0x20000018   0x0800cfc4   0x00000004   Data   RW          270    .data               lcd.o
    0x2000001c   0x0800cfc8   0x0000000e   Data   RW          306    .data               key.o
    0x2000002a   0x0800cfd6   0x00000001   Data   RW          330    .data               dcmi.o
    0x2000002b   0x0800cfd7   0x00000001   Data   RW          406    .data               timer.o
    0x2000002c   0x0800cfd8   0x00000004   Data   RW          429    .data               delay.o
    0x20000030   0x0800cfdc   0x00000006   Data   RW          470    .data               usart.o
    0x20000036   0x0800cfe2   0x00000010   Data   RW          610    .data               stm32f4xx_rcc.o
    0x20000046   0x0800cff2   0x00000002   PAD
    0x20000048        -       0x0000000e   Zero   RW          268    .bss                lcd.o
    0x20000056        -       0x0000000e   Zero   RW          329    .bss                dcmi.o
    0x20000064        -       0x000000c8   Zero   RW          469    .bss                usart.o
    0x2000012c        -       0x00000060   Zero   RW          871    .bss                c_w.l(libspace.o)
    0x2000018c   0x0800cff2   0x00000004   PAD
    0x20000190        -       0x00000200   Zero   RW          498    HEAP                startup_stm32f40_41xxx.o
    0x20000390        -       0x00000400   Zero   RW          497    STACK               startup_stm32f40_41xxx.o


==============================================================================

Image component sizes


      Code (inc. data)   RO Data    RW Data    ZI Data      Debug   Object Name

       860         60          0          1         14       3531   dcmi.o
       260          8          0          4          0       1513   delay.o
       420         24          0         14          0       1541   key.o
     18480        156       6080          4         14      22765   lcd.o
        64          4          0          0          0        543   led.o
       340         96          0          1          0     306882   main.o
       224         20          0          0          0       1853   misc.o
      2056         70       5389          0          0       7444   ov5640.o
       628         12          0          0          0       2087   sccb.o
        64         26        392          0       1536        852   startup_stm32f40_41xxx.o
       396          4          0          0          0       3514   stm32f4xx_dcmi.o
       936         32          0          0          0       6429   stm32f4xx_dma.o
      1480         18         28          0          0       5702   stm32f4xx_fsmc.o
       660         44          0          0          0       4193   stm32f4xx_gpio.o
        26          0          0          0          0       1238   stm32f4xx_it.o
      1628         52          0         16          0      13088   stm32f4xx_rcc.o
      3234         60          0          0          0      23048   stm32f4xx_tim.o
      1108         34          0          0          0       7916   stm32f4xx_usart.o
       528         46          0         20          0       1831   system_stm32f4xx.o
       172         16          0          1          0       1088   timer.o
       336         16          0          6        200       3354   usart.o

    ----------------------------------------------------------------------
     33904        798      11922         72       1764     420412   Object Totals
         0          0         32          0          0          0   (incl. Generated)
         4          0          1          5          0          0   (incl. Padding)

    ----------------------------------------------------------------------

      Code (inc. data)   RO Data    RW Data    ZI Data      Debug   Library Member Name

         8          0          0          0          0         68   __main.o
       392          4         17          0          0         92   __printf_flags_ss_wp.o
        14          0          0          0          0         68   __printf_wp.o
         0          0          0          0          0          0   __rtentry.o
        12          0          0          0          0          0   __rtentry2.o
         6          0          0          0          0          0   __rtentry4.o
        52          8          0          0          0          0   __scatter.o
        26          0          0          0          0          0   __scatter_copy.o
        28          0          0          0          0          0   __scatter_zi.o
         6          0          0          0          0          0   _printf_a.o
         6          0          0          0          0          0   _printf_c.o
        44          0          0          0          0        108   _printf_char.o
        48          6          0          0          0         96   _printf_char_common.o
        36          4          0          0          0         80   _printf_char_file.o
        40          0          0          0          0         68   _printf_charcount.o
         6          0          0          0          0          0   _printf_d.o
       120         16          0          0          0         92   _printf_dec.o
         6          0          0          0          0          0   _printf_e.o
         6          0          0          0          0          0   _printf_f.o
      1054          0          0          0          0        216   _printf_fp_dec.o
       764          8         38          0          0        100   _printf_fp_hex.o
       128         16          0          0          0         84   _printf_fp_infnan.o
         6          0          0          0          0          0   _printf_g.o
       148          4         40          0          0        160   _printf_hex_int_ll_ptr.o
         6          0          0          0          0          0   _printf_i.o
       178          0          0          0          0         88   _printf_intcommon.o
        10          0          0          0          0          0   _printf_l.o
         6          0          0          0          0          0   _printf_lc.o
        10          0          0          0          0          0   _printf_ll.o
         6          0          0          0          0          0   _printf_lld.o
         6          0          0          0          0          0   _printf_lli.o
         6          0          0          0          0          0   _printf_llo.o
         6          0          0          0          0          0   _printf_llu.o
         6          0          0          0          0          0   _printf_llx.o
       124         16          0          0          0         92   _printf_longlong_dec.o
         6          0          0          0          0          0   _printf_ls.o
         6          0          0          0          0          0   _printf_n.o
         6          0          0          0          0          0   _printf_o.o
       112         10          0          0          0        124   _printf_oct_int_ll.o
         6          0          0          0          0          0   _printf_p.o
        78          0          0          0          0        108   _printf_pad.o
         0          0          0          0          0          0   _printf_percent.o
         4          0          0          0          0          0   _printf_percent_end.o
         6          0          0          0          0          0   _printf_s.o
        82          0          0          0          0         80   _printf_str.o
        36          0          0          0          0         84   _printf_truncate.o
         6          0          0          0          0          0   _printf_u.o
        44          0          0          0          0        108   _printf_wchar.o
       188          6          8          0          0         92   _printf_wctomb.o
         6          0          0          0          0          0   _printf_x.o
        64          0          0          0          0         92   _wcrtomb.o
       228          4        148          0          0         96   bigflt0.o
      1936        128          0          0          0        672   btod.o
        18          0          0          0          0         80   exit.o
         8          0          0          0          0         68   ferror.o
         6          0          0          0          0        152   heapauxi.o
        44         10        272          0          0         76   lc_ctype_c.o
        44         10         28          0          0         76   lc_numeric_c.o
         2          0          0          0          0          0   libinit.o
        34          0          0          0          0          0   libinit2.o
         2          0          0          0          0          0   libshutdown.o
         2          0          0          0          0          0   libshutdown2.o
         8          4          0          0         96         68   libspace.o
       138          0          0          0          0         80   lludiv10.o
        24          4          0          0          0         84   printf.o
        16          4          0          0          0         76   rt_ctype_table.o
         8          4          0          0          0         68   rt_locale_intlibspace.o
         2          0          0          0          0          0   rtexit.o
        10          0          0          0          0          0   rtexit2.o
       128          0          0          0          0         68   strcmpv7m.o
        74          0          0          0          0         80   sys_stackheap_outer.o
         2          0          0          0          0         68   use_no_semi.o
         2          0          0          0          0         68   use_no_semi_2.o
        10          0          0          0          0        116   fpinit.o
         4          0          0          0          0        116   printf1.o
         4          0          0          0          0        116   printf2.o
         0          0          0          0          0          0   usenofp.o
        48          0          0          0          0        124   fpclassify.o

    ----------------------------------------------------------------------
      6786        266        552          0        100       4452   Library Totals
        14          0          1          0          4          0   (incl. Padding)

    ----------------------------------------------------------------------

      Code (inc. data)   RO Data    RW Data    ZI Data      Debug   Library Name

      6706        266        551          0         96       3980   c_w.l
        18          0          0          0          0        348   fz_wm.l
        48          0          0          0          0        124   m_wm.l

    ----------------------------------------------------------------------
      6786        266        552          0        100       4452   Library Totals

    ----------------------------------------------------------------------

==============================================================================


      Code (inc. data)   RO Data    RW Data    ZI Data      Debug   

     40690       1064      12474         72       1864     418332   Grand Totals
     40690       1064      12474         72       1864     418332   ELF Image Totals
     40690       1064      12474         72          0          0   ROM Totals

==============================================================================

    Total RO  Size (Code + RO Data)                53164 (  51.92kB)
    Total RW  Size (RW Data + ZI Data)              1936 (   1.89kB)
    Total ROM Size (Code + RO Data + RW Data)      53236 (  51.99kB)

==============================================================================

