Component: ARM Compiler 5.06 update 7 (build 960) Tool: armlink [4d3601]

==============================================================================

Section Cross References

    main.o(.text) refers to misc.o(.text) for NVIC_PriorityGroupConfig
    main.o(.text) refers to delay.o(.text) for delay_init
    main.o(.text) refers to usart.o(.text) for uart_init
    main.o(.text) refers to led.o(.text) for LED_Init
    main.o(.text) refers to lcd.o(.text) for LCD_Init
    main.o(.text) refers to key.o(.text) for KEY_Init
    main.o(.text) refers to timer.o(.text) for TIM3_Int_Init
    main.o(.text) refers to ov7670.o(.text) for OV7670_Init
    main.o(.text) refers to dcmi.o(.text) for QVGA
    main.o(.text) refers to lcd.o(.data) for POINT_COLOR
    main.o(.text) refers to main.o(.data) for Com1SendFlag
    main.o(.text) refers to printf.o(.text) for printf
    system_stm32f4xx.o(.text) refers to system_stm32f4xx.o(.data) for SystemCoreClock
    led.o(.text) refers to stm32f4xx_rcc.o(.text) for RCC_AHB1PeriphClockCmd
    led.o(.text) refers to stm32f4xx_gpio.o(.text) for GPIO_Init
    lcd.o(.text) refers to delay.o(.text) for delay_us
    lcd.o(.text) refers to lcd.o(.bss) for lcddev
    lcd.o(.text) refers to lcd.o(.data) for POINT_COLOR
    lcd.o(.text) refers to stm32f4xx_rcc.o(.text) for RCC_AHB1PeriphClockCmd
    lcd.o(.text) refers to stm32f4xx_gpio.o(.text) for GPIO_Init
    lcd.o(.text) refers to stm32f4xx_fsmc.o(.text) for FSMC_NORSRAMInit
    lcd.o(.text) refers to lcd.o(.constdata) for asc2_1206
    key.o(.text) refers to stm32f4xx_rcc.o(.text) for RCC_AHB1PeriphClockCmd
    key.o(.text) refers to stm32f4xx_gpio.o(.text) for GPIO_Init
    key.o(.text) refers to key.o(.data) for Key_times
    dcmi.o(.text) refers to stm32f4xx_dcmi.o(.text) for DCMI_GetITStatus
    dcmi.o(.text) refers to stm32f4xx_rcc.o(.text) for RCC_AHB1PeriphClockCmd
    dcmi.o(.text) refers to stm32f4xx_dma.o(.text) for DMA_DeInit
    dcmi.o(.text) refers to stm32f4xx_gpio.o(.text) for GPIO_Init
    dcmi.o(.text) refers to misc.o(.text) for NVIC_Init
    dcmi.o(.text) refers to lcd.o(.text) for LCD_Display_Dir
    dcmi.o(.text) refers to ov7670.o(.text) for OV7670_Window_Set
    dcmi.o(.text) refers to dcmi.o(.data) for ov_frame
    dcmi.o(.text) refers to dcmi.o(.bss) for DCMI_InitStructure
    dcmi.o(.text) refers to lcd.o(.data) for POINT_COLOR
    timer.o(.text) refers to stm32f4xx_rcc.o(.text) for RCC_APB1PeriphClockCmd
    timer.o(.text) refers to stm32f4xx_tim.o(.text) for TIM_TimeBaseInit
    timer.o(.text) refers to misc.o(.text) for NVIC_Init
    timer.o(.text) refers to timer.o(.data) for TimeS
    timer.o(.text) refers to main.o(.data) for Com1SendFlag
    ov7670.o(.text) refers to _printf_percent.o(.ARM.Collect$$_printf_percent$$00000000) for _printf_percent
    ov7670.o(.text) refers to _printf_x.o(.ARM.Collect$$_printf_percent$$0000000C) for _printf_x
    ov7670.o(.text) refers to _printf_hex_int_ll_ptr.o(.text) for _printf_longlong_hex
    ov7670.o(.text) refers to stm32f4xx_rcc.o(.text) for RCC_AHB1PeriphClockCmd
    ov7670.o(.text) refers to stm32f4xx_gpio.o(.text) for GPIO_Init
    ov7670.o(.text) refers to delay.o(.text) for delay_ms
    ov7670.o(.text) refers to sccb.o(.text) for SCCB_Init
    ov7670.o(.text) refers to __2printf.o(.text) for __2printf
    ov7670.o(.text) refers to ov7670.o(.constdata) for ov7670_init_reg_tb2
    sccb.o(.text) refers to stm32f4xx_rcc.o(.text) for RCC_AHB1PeriphClockCmd
    sccb.o(.text) refers to stm32f4xx_gpio.o(.text) for GPIO_Init
    sccb.o(.text) refers to delay.o(.text) for delay_us
    delay.o(.text) refers to misc.o(.text) for SysTick_CLKSourceConfig
    delay.o(.text) refers to delay.o(.data) for fac_us
    usart.o(.rev16_text) refers (Special) to use_no_semi_2.o(.text) for __use_no_semihosting
    usart.o(.revsh_text) refers (Special) to use_no_semi_2.o(.text) for __use_no_semihosting
    usart.o(.text) refers (Special) to use_no_semi_2.o(.text) for __use_no_semihosting
    usart.o(.text) refers to stm32f4xx_rcc.o(.text) for RCC_AHB1PeriphClockCmd
    usart.o(.text) refers to stm32f4xx_gpio.o(.text) for GPIO_PinAFConfig
    usart.o(.text) refers to stm32f4xx_usart.o(.text) for USART_Init
    usart.o(.text) refers to misc.o(.text) for NVIC_Init
    usart.o(.text) refers to usart.o(.data) for USART_RX_STA
    usart.o(.text) refers to usart.o(.bss) for USART_RX_BUF
    usart.o(.bss) refers (Special) to use_no_semi_2.o(.text) for __use_no_semihosting
    usart.o(.data) refers (Special) to use_no_semi_2.o(.text) for __use_no_semihosting
    startup_stm32f40_41xxx.o(STACK) refers (Special) to heapauxi.o(.text) for __use_two_region_memory
    startup_stm32f40_41xxx.o(HEAP) refers (Special) to heapauxi.o(.text) for __use_two_region_memory
    startup_stm32f40_41xxx.o(RESET) refers (Special) to heapauxi.o(.text) for __use_two_region_memory
    startup_stm32f40_41xxx.o(RESET) refers to startup_stm32f40_41xxx.o(STACK) for __initial_sp
[...]
    .data                                    0x2000001c   Section       14  key.o(.data)
    .data                                    0x2000002a   Section        1  dcmi.o(.data)
    .data                                    0x2000002b   Section        1  timer.o(.data)
    .data                                    0x2000002c   Section        4  delay.o(.data)
    fac_us                                   0x2000002c   Data           1  delay.o(.data)
    fac_ms                                   0x2000002e   Data           2  delay.o(.data)
    .data                                    0x20000030   Section        6  usart.o(.data)
    .data                                    0x20000036   Section       16  stm32f4xx_rcc.o(.data)
    APBAHBPrescTable                         0x20000036   Data          16  stm32f4xx_rcc.o(.data)
    .bss                                     0x20000048   Section       14  lcd.o(.bss)
    .bss                                     0x20000056   Section       14  dcmi.o(.bss)
    .bss                                     0x20000064   Section      200  usart.o(.bss)
    .bss                                     0x2000012c   Section       96  libspace.o(.bss)
    HEAP                                     0x20000190   Section      512  startup_stm32f40_41xxx.o(HEAP)
    Heap_Mem                                 0x20000190   Data         512  startup_stm32f40_41xxx.o(HEAP)
    STACK                                    0x20000390   Section     1024  startup_stm32f40_41xxx.o(STACK)
    Stack_Mem                                0x20000390   Data        1024  startup_stm32f40_41xxx.o(STACK)
    __initial_sp                             0x20000790   Data           0  startup_stm32f40_41xxx.o(STACK)

    Global Symbols

    Symbol Name                              Value     Ov Type        Size  Object(Section)

    BuildAttributes$$THM_ISAv4$E$P$D$K$B$S$7EM$VFPi3$EXTD16$VFPS$VFMA$PE$A:L22UL41UL21$X:L11$S22US41US21$IEEE1$IW$USESV6$~STKCKD$USESV7$~SHL$OTIME$ROPI$IEEEJ$EBA8$UX$STANDARDLIB$REQ8$PRES8$EABIv2 0x00000000   Number         0  anon$$obj.o ABSOLUTE
    __ARM_use_no_argv                        0x00000000   Number         0  main.o ABSOLUTE
    _printf_flags                            0x00000000   Number         0  printf_stubs.o ABSOLUTE
    _printf_return_value                     0x00000000   Number         0  printf_stubs.o ABSOLUTE
    _printf_sizespec                         0x00000000   Number         0  printf_stubs.o ABSOLUTE
    _printf_widthprec                        0x00000000   Number         0  printf_stubs.o ABSOLUTE
    __ARM_exceptions_init                     - Undefined Weak Reference
    __alloca_initialize                       - Undefined Weak Reference
    __arm_fini_                               - Undefined Weak Reference
    __arm_preinit_                            - Undefined Weak Reference
    __cpp_initialize__aeabi_                  - Undefined Weak Reference
    __cxa_finalize                            - Undefined Weak Reference
    __sigvec_lookup                           - Undefined Weak Reference
    _atexit_init                              - Undefined Weak Reference
    _call_atexit_fns                          - Undefined Weak Reference
    _clock_init                               - Undefined Weak Reference
    _fp_trap_init                             - Undefined Weak Reference
    _fp_trap_shutdown                         - Undefined Weak Reference
    _get_lc_collate                           - Undefined Weak Reference
    _get_lc_monetary                          - Undefined Weak Reference
    _get_lc_time                              - Undefined Weak Reference
    _getenv_init                              - Undefined Weak Reference
    _handle_redirection                       - Undefined Weak Reference
    _init_alloc                               - Undefined Weak Reference
    _init_user_alloc                          - Undefined Weak Reference
    _initio                                   - Undefined Weak Reference
    _mutex_acquire                            - Undefined Weak Reference
    _mutex_release                            - Undefined Weak Reference
    _printf_mbtowc                            - Undefined Weak Reference
    _printf_wc                                - Undefined Weak Reference
    _rand_init                                - Undefined Weak Reference
    _signal_finish                            - Undefined Weak Reference
    _signal_init                              - Undefined Weak Reference
    _terminate_alloc                          - Undefined Weak Reference
    _terminate_user_alloc                     - Undefined Weak Reference
    _terminateio                              - Undefined Weak Reference
    __Vectors_Size                           0x00000188   Number         0  startup_stm32f40_41xxx.o ABSOLUTE
    __Vectors                                0x08000000   Data           4  startup_stm32f40_41xxx.o(RESET)
    __Vectors_End                            0x08000188   Data           0  startup_stm32f40_41xxx.o(RESET)
    __main                                   0x08000189   Thumb Code     8  __main.o(!!!main)
    __scatterload                            0x08000191   Thumb Code     0  __scatter.o(!!!scatter)
    __scatterload_rt2                        0x08000191   Thumb Code    44  __scatter.o(!!!scatter)
    __scatterload_rt2_thumb_only             0x08000191   Thumb Code     0  __scatter.o(!!!scatter)
    __scatterload_null                       0x0800019f   Thumb Code     0  __scatter.o(!!!scatter)
    __scatterload_copy                       0x080001c5   Thumb Code    26  __scatter_copy.o(!!handler_copy)
    __scatterload_zeroinit                   0x080001e1   Thumb Code    28  __scatter_zi.o(!!handler_zi)
    _printf_n                                0x080001fd   Thumb Code     0  _printf_n.o(.ARM.Collect$$_printf_percent$$00000001)
    _printf_percent                          0x080001fd   Thumb Code     0  _printf_percent.o(.ARM.Collect$$_printf_percent$$00000000)
    _printf_p                                0x08000203   Thumb Code     0  _printf_p.o(.ARM.Collect$$_printf_percent$$00000002)
    _printf_f                                0x08000209   Thumb Code     0  _printf_f.o(.ARM.Collect$$_printf_percent$$00000003)
    _printf_e                                0x0800020f   Thumb Code     0  _printf_e.o(.ARM.Collect$$_printf_percent$$00000004)
    _printf_g                                0x08000215   Thumb Code     0  _printf_g.o(.ARM.Collect$$_printf_percent$$00000005)
    _printf_a                                0x0800021b   Thumb Code     0  _printf_a.o(.ARM.Collect$$_printf_percent$$00000006)
    _printf_ll                               0x08000221   Thumb Code     0  _printf_ll.o(.ARM.Collect$$_printf_percent$$00000007)
    _printf_i                                0x0800022b   Thumb Code     0  _printf_i.o(.ARM.Collect$$_printf_percent$$00000008)
    _printf_d                                0x08000231   Thumb Code     0  _printf_d.o(.ARM.Collect$$_printf_percent$$00000009)
    _printf_u                                0x08000237   Thumb Code     0  _printf_u.o(.ARM.Collect$$_printf_percent$$0000000A)
    _printf_o                                0x0800023d   Thumb Code     0  _printf_o.o(.ARM.Collect$$_printf_percent$$0000000B)
    _printf_x                                0x08000243   Thumb Code     0  _printf_x.o(.ARM.Collect$$_printf_percent$$0000000C)
    _printf_lli                              0x08000249   Thumb Code     0  _printf_lli.o(.ARM.Collect$$_printf_percent$$0000000D)
    _printf_lld                              0x0800024f   Thumb Code     0  _printf_lld.o(.ARM.Collect$$_printf_percent$$0000000E)
    _printf_llu                              0x08000255   Thumb Code     0  _printf_llu.o(.ARM.Collect$$_printf_percent$$0000000F)
    _printf_llo                              0x0800025b   Thumb Code     0  _printf_llo.o(.ARM.Collect$$_printf_percent$$00000010)
    _printf_llx                              0x08000261   Thumb Code     0  _printf_llx.o(.ARM.Collect$$_printf_percent$$00000011)
    _printf_l                                0x08000267   Thumb Code     0  _printf_l.o(.ARM.Collect$$_printf_percent$$00000012)
    _printf_c                                0x08000271   Thumb Code     0  _printf_c.o(.ARM.Collect$$_printf_percent$$00000013)
    _printf_s                                0x08000277   Thumb Code     0  _printf_s.o(.ARM.Collect$$_printf_percent$$00000014)
    _printf_lc                               0x0800027d   Thumb Code     0  _printf_lc.o(.ARM.Collect$$_printf_percent$$00000015)
    _printf_ls                               0x08000283   Thumb Code     0  _printf_ls.o(.ARM.Collect$$_printf_percent$$00000016)
    _printf_percent_end                      0x08000289   Thumb Code     0  _printf_percent_end.o(.ARM.Collect$$_printf_percent$$00000017)
    __rt_lib_init                            0x0800028d   Thumb Code     0  libinit.o(.ARM.Collect$$libinit$$00000000)
    __rt_lib_init_fp_1                       0x0800028f   Thumb Code     0  libinit2.o(.ARM.Collect$$libinit$$00000001)
    __rt_lib_init_heap_1                     0x08000293   Thumb Code     0  libinit2.o(.ARM.Collect$$libinit$$0000000A)
    __rt_lib_init_lc_common                  0x08000293   Thumb Code     0  libinit2.o(.ARM.Collect$$libinit$$0000000F)
    __rt_lib_init_preinit_1                  0x08000293   Thumb Code     0  libinit2.o(.ARM.Collect$$libinit$$00000004)
    __rt_lib_init_rand_1                     0x08000293   Thumb Code     0  libinit2.o(.ARM.Collect$$libinit$$0000000E)
    __rt_lib_init_user_alloc_1               0x08000293   Thumb Code     0  libinit2.o(.ARM.Collect$$libinit$$0000000C)
    __rt_lib_init_lc_collate_1               0x08000299   Thumb Code     0  libinit2.o(.ARM.Collect$$libinit$$00000011)
    __rt_lib_init_lc_ctype_2                 0x08000299   Thumb Code     0  libinit2.o(.ARM.Collect$$libinit$$00000012)
    __rt_lib_init_lc_ctype_1                 0x080002a5   Thumb Code     0  libinit2.o(.ARM.Collect$$libinit$$00000013)
    __rt_lib_init_lc_monetary_1              0x080002a5   Thumb Code     0  libinit2.o(.ARM.Collect$$libinit$$00000015)
    __rt_lib_init_lc_numeric_2               0x080002a5   Thumb Code     0  libinit2.o(.ARM.Collect$$libinit$$00000016)
    __rt_lib_init_alloca_1                   0x080002af   Thumb Code     0  libinit2.o(.ARM.Collect$$libinit$$0000002E)
    __rt_lib_init_argv_1                     0x080002af   Thumb Code     0  libinit2.o(.ARM.Collect$$libinit$$0000002C)
    __rt_lib_init_atexit_1                   0x080002af   Thumb Code     0  libinit2.o(.ARM.Collect$$libinit$$0000001B)
    __rt_lib_init_clock_1                    0x080002af   Thumb Code     0  libinit2.o(.ARM.Collect$$libinit$$00000021)
    __rt_lib_init_cpp_1                      0x080002af   Thumb Code     0  libinit2.o(.ARM.Collect$$libinit$$00000032)
    __rt_lib_init_exceptions_1               0x080002af   Thumb Code     0  libinit2.o(.ARM.Collect$$libinit$$00000030)
    __rt_lib_init_fp_trap_1                  0x080002af   Thumb Code     0  libinit2.o(.ARM.Collect$$libinit$$0000001F)
    __rt_lib_init_getenv_1                   0x080002af   Thumb Code     0  libinit2.o(.ARM.Collect$$libinit$$00000023)
    __rt_lib_init_lc_numeric_1               0x080002af   Thumb Code     0  libinit2.o(.ARM.Collect$$libinit$$00000017)
    __rt_lib_init_lc_time_1                  0x080002af   Thumb Code     0  libinit2.o(.ARM.Collect$$libinit$$00000019)
    __rt_lib_init_return                     0x080002af   Thumb Code     0  libinit2.o(.ARM.Collect$$libinit$$00000033)
    __rt_lib_init_signal_1                   0x080002af   Thumb Code     0  libinit2.o(.ARM.Collect$$libinit$$0000001D)
    __rt_lib_init_stdio_1                    0x080002af   Thumb Code     0  libinit2.o(.ARM.Collect$$libinit$$00000025)
    __rt_lib_shutdown                        0x080002b1   Thumb Code     0  libshutdown.o(.ARM.Collect$$libshutdown$$00000000)
    __rt_lib_shutdown_cpp_1                  0x080002b3   Thumb Code     0  libshutdown2.o(.ARM.Collect$$libshutdown$$00000004)
    __rt_lib_shutdown_fini_1                 0x080002b3   Thumb Code     0  libshutdown2.o(.ARM.Collect$$libshutdown$$00000002)
    __rt_lib_shutdown_fp_trap_1              0x080002b3   Thumb Code     0  libshutdown2.o(.ARM.Collect$$libshutdown$$00000009)
    __rt_lib_shutdown_heap_1                 0x080002b3   Thumb Code     0  libshutdown2.o(.ARM.Collect$$libshutdown$$00000011)
    __rt_lib_shutdown_return                 0x080002b3   Thumb Code     0  libshutdown2.o(.ARM.Collect$$libshutdown$$00000012)
    __rt_lib_shutdown_signal_1               0x080002b3   Thumb Code     0  libshutdown2.o(.ARM.Collect$$libshutdown$$0000000C)
    __rt_lib_shutdown_stdio_1                0x080002b3   Thumb Code     0  libshutdown2.o(.ARM.Collect$$libshutdown$$00000006)
    __rt_lib_shutdown_user_alloc_1           0x080002b3   Thumb Code     0  libshutdown2.o(.ARM.Collect$$libshutdown$$0000000E)
    __rt_entry                               0x080002b5   Thumb Code     0  __rtentry.o(.ARM.Collect$$rtentry$$00000000)
    __rt_entry_presh_1                       0x080002b5   Thumb Code     0  __rtentry2.o(.ARM.Collect$$rtentry$$00000002)
    __rt_entry_sh                            0x080002b5   Thumb Code     0  __rtentry4.o(.ARM.Collect$$rtentry$$00000004)
    __rt_entry_li                            0x080002bb   Thumb Code     0  __rtentry2.o(.ARM.Collect$$rtentry$$0000000A)
    __rt_entry_postsh_1                      0x080002bb   Thumb Code     0  __rtentry2.o(.ARM.Collect$$rtentry$$00000009)
    __rt_entry_main                          0x080002bf   Thumb Code     0  __rtentry2.o(.ARM.Collect$$rtentry$$0000000D)
    __rt_entry_postli_1                      0x080002bf   Thumb Code     0  __rtentry2.o(.ARM.Collect$$rtentry$$0000000C)
    __rt_exit                                0x080002c7   Thumb Code     0  rtexit.o(.ARM.Collect$$rtexit$$00000000)
    __rt_exit_ls                             0x080002c9   Thumb Code     0  rtexit2.o(.ARM.Collect$$rtexit$$00000003)
    __rt_exit_prels_1                        0x080002c9   Thumb Code     0  rtexit2.o(.ARM.Collect$$rtexit$$00000002)
    __rt_exit_exit                           0x080002cd   Thumb Code     0  rtexit2.o(.ARM.Collect$$rtexit$$00000004)
    main                                     0x080002d5   Thumb Code   244  main.o(.text)
    NMI_Handler                              0x08000429   Thumb Code     2  stm32f4xx_it.o(.text)
    HardFault_Handler                        0x0800042b   Thumb Code     4  stm32f4xx_it.o(.text)
    MemManage_Handler                        0x0800042f   Thumb Code     4  stm32f4xx_it.o(.text)
    BusFault_Handler                         0x08000433   Thumb Code     4  stm32f4xx_it.o(.text)
    UsageFault_Handler                       0x08000437   Thumb Code     4  stm32f4xx_it.o(.text)
    SVC_Handler                              0x0800043b   Thumb Code     2  stm32f4xx_it.o(.text)
    DebugMon_Handler                         0x0800043d   Thumb Code     2  stm32f4xx_it.o(.text)
    PendSV_Handler                           0x0800043f   Thumb Code     2  stm32f4xx_it.o(.text)
    SysTick_Handler                          0x08000441   Thumb Code     2  stm32f4xx_it.o(.text)
    SystemInit                               0x08000521   Thumb Code    88  system_stm32f4xx.o(.text)
    SystemCoreClockUpdate                    0x08000579   Thumb Code   174  system_stm32f4xx.o(.text)
    LED_Init                                 0x08000655   Thumb Code    60  led.o(.text)
    LCD_WR_REG                               0x08000695   Thumb Code    18  lcd.o(.text)
    LCD_WR_DATA                              0x080006a7   Thumb Code    20  lcd.o(.text)
    LCD_RD_DATA                              0x080006bb   Thumb Code    16  lcd.o(.text)
    LCD_WriteReg                             0x080006cb   Thumb Code    24  lcd.o(.text)
    LCD_ReadReg                              0x080006e3   Thumb Code    22  lcd.o(.text)
    LCD_WriteRAM_Prepare                     0x080006f9   Thumb Code    10  lcd.o(.text)
    LCD_WriteRAM                             0x08000703   Thumb Code     8  lcd.o(.text)
    LCD_BGR2RGB                              0x0800070b   Thumb Code    26  lcd.o(.text)
    opt_delay                                0x08000725   Thumb Code    14  lcd.o(.text)
    LCD_SetCursor                            0x08000733   Thumb Code   262  lcd.o(.text)
    LCD_ReadPoint                            0x08000839   Thumb Code   356  lcd.o(.text)
    LCD_DisplayOn                            0x0800099d   Thumb Code    80  lcd.o(.text)
    LCD_DisplayOff                           0x080009ed   Thumb Code    78  lcd.o(.text)
    LCD_Scan_Dir                             0x08000a3b   Thumb Code   734  lcd.o(.text)
    LCD_DrawPoint                            0x08000d19   Thumb Code    28  lcd.o(.text)
    LCD_Fast_DrawPoint                       0x08000d35   Thumb Code   282  lcd.o(.text)
    LCD_Display_Dir                          0x08000e4f   Thumb Code   378  lcd.o(.text)
    LCD_Set_Window                           0x08000fc9   Thumb Code   382  lcd.o(.text)
    LCD_Clear                                0x08001147   Thumb Code   100  lcd.o(.text)
    LCD_Init                                 0x080011ab   Thumb Code 14208  lcd.o(.text)
    LCD_Fill                                 0x0800492b   Thumb Code   180  lcd.o(.text)
    LCD_Color_Fill                           0x080049df   Thumb Code    92  lcd.o(.text)
    LCD_DrawLine                             0x08004a3b   Thumb Code   176  lcd.o(.text)
    LCD_DrawRectangle                        0x08004aeb   Thumb Code    60  lcd.o(.text)
    LCD_Draw_Circle                          0x08004b27   Thumb Code   166  lcd.o(.text)
    LCD_ShowChar                             0x08004bcd   Thumb Code   272  lcd.o(.text)
    LCD_Pow                                  0x08004cdd   Thumb Code    22  lcd.o(.text)
    LCD_ShowNum                              0x08004cf3   Thumb Code   148  lcd.o(.text)
    LCD_ShowxNum                             0x08004d87   Thumb Code   190  lcd.o(.text)
    LCD_ShowString                           0x08004e45   Thumb Code   102  lcd.o(.text)
    KEY_Init                                 0x08004ec5   Thumb Code    62  key.o(.text)
    KEY_Scan                                 0x08004f03   Thumb Code   334  key.o(.text)
    DCMI_IRQHandler                          0x08005069   Thumb Code    44  dcmi.o(.text)
    DCMI_DMA_Init                            0x08005095   Thumb Code    94  dcmi.o(.text)
    My_DCMI_Init                             0x080050f3   Thumb Code   278  dcmi.o(.text)
    DCMI_Stop                                0x08005209   Thumb Code    34  dcmi.o(.text)
    DCMI_Start                               0x0800522b   Thumb Code    68  dcmi.o(.text)
    DCMI_Set_Window                          0x0800526f   Thumb Code    78  dcmi.o(.text)
    QVGA                                     0x080052bd   Thumb Code    90  dcmi.o(.text)
    TIM3_Int_Init                            0x08005355   Thumb Code    88  timer.o(.text)
    TIM3_IRQHandler                          0x080053ad   Thumb Code    68  timer.o(.text)
    OV7670_Init                              0x08005401   Thumb Code   222  ov7670.o(.text)
    OV7670_Light_Mode                        0x080054df   Thumb Code    92  ov7670.o(.text)
    OV7670_Color_Saturation                  0x0800553b   Thumb Code   122  ov7670.o(.text)
    OV7670_Brightness                        0x080055b5   Thumb Code    50  ov7670.o(.text)
    OV7670_Contrast                          0x080055e7   Thumb Code    50  ov7670.o(.text)
    OV7670_Special_Effects                   0x08005619   Thumb Code   106  ov7670.o(.text)
    OV7670_Window_Set                        0x08005683   Thumb Code   146  ov7670.o(.text)
    OV7670_config_window                     0x08005715   Thumb Code   196  ov7670.o(.text)
    OV7670_Config_320_240                    0x080057d9   Thumb Code    92  ov7670.o(.text)
    SCCB_Init                                0x08005835   Thumb Code   132  sccb.o(.text)
    SCCB_Start                               0x080058b9   Thumb Code    72  sccb.o(.text)
    SCCB_Stop                                0x08005901   Thumb Code    64  sccb.o(.text)
    SCCB_No_Ack                              0x08005941   Thumb Code    80  sccb.o(.text)
    SCCB_WR_Byte                             0x08005991   Thumb Code   154  sccb.o(.text)
    SCCB_RD_Byte                             0x08005a2b   Thumb Code   104  sccb.o(.text)
    SCCB_WR_Reg                              0x08005a93   Thumb Code    62  sccb.o(.text)
    SCCB_RD_Reg                              0x08005ad1   Thumb Code    78  sccb.o(.text)
    delay_init                               0x08005b31   Thumb Code    52  delay.o(.text)
    delay_us                                 0x08005b65   Thumb Code    72  delay.o(.text)
    delay_xms                                0x08005bad   Thumb Code    72  delay.o(.text)
    delay_ms                                 0x08005bf5   Thumb Code    56  delay.o(.text)
    _sys_exit                                0x08005c35   Thumb Code     4  usart.o(.text)
    fputc                                    0x08005c39   Thumb Code    22  usart.o(.text)
    uart_init                                0x08005c4f   Thumb Code   172  usart.o(.text)
    USART1_IRQHandler                        0x08005cfb   Thumb Code   122  usart.o(.text)
    Reset_Handler                            0x08005d85   Thumb Code     8  startup_stm32f40_41xxx.o(.text)
    ADC_IRQHandler                           0x08005d9f   Thumb Code     0  startup_stm32f40_41xxx.o(.text)
    CAN1_RX0_IRQHandler                      0x08005d9f   Thumb Code     0  startup_stm32f40_41xxx.o(.text)
    CAN1_RX1_IRQHandler                      0x08005d9f   Thumb Code     0  startup_stm32f40_41xxx.o(.text)
    CAN1_SCE_IRQHandler                      0x08005d9f   Thumb Code     0  startup_stm32f40_41xxx.o(.text)
    CAN1_TX_IRQHandler                       0x08005d9f   Thumb Code     0  startup_stm32f40_41xxx.o(.text)
    CAN2_RX0_IRQHandler                      0x08005d9f   Thumb Code     0  startup_stm32f40_41xxx.o(.text)
    CAN2_RX1_IRQHandler                      0x08005d9f   Thumb Code     0  startup_stm32f40_41xxx.o(.text)
    CAN2_SCE_IRQHandler                      0x08005d9f   Thumb Code     0  startup_stm32f40_41xxx.o(.text)
    CAN2_TX_IRQHandler                       0x08005d9f   Thumb Code     0  startup_stm32f40_41xxx.o(.text)
    CRYP_IRQHandler                          0x08005d9f   Thumb Code     0  startup_stm32f40_41xxx.o(.text)
    DMA1_Stream0_IRQHandler                  0x08005d9f   Thumb Code     0  startup_stm32f40_41xxx.o(.text)
    DMA1_Stream1_IRQHandler                  0x08005d9f   Thumb Code     0  startup_stm32f40_41xxx.o(.text)
    DMA1_Stream2_IRQHandler                  0x08005d9f   Thumb Code     0  startup_stm32f40_41xxx.o(.text)
    DMA1_Stream3_IRQHandler                  0x08005d9f   Thumb Code     0  startup_stm32f40_41xxx.o(.text)
    DMA1_Stream4_IRQHandler                  0x08005d9f   Thumb Code     0  startup_stm32f40_41xxx.o(.text)
    DMA1_Stream5_IRQHandler                  0x08005d9f   Thumb Code     0  startup_stm32f40_41xxx.o(.text)
    DMA1_Stream6_IRQHandler                  0x08005d9f   Thumb Code     0  startup_stm32f40_41xxx.o(.text)
    DMA1_Stream7_IRQHandler                  0x08005d9f   Thumb Code     0  startup_stm32f40_41xxx.o(.text)
    DMA2_Stream0_IRQHandler                  0x08005d9f   Thumb Code     0  startup_stm32f40_41xxx.o(.text)
    DMA2_Stream1_IRQHandler                  0x08005d9f   Thumb Code     0  startup_stm32f40_41xxx.o(.text)
    DMA2_Stream2_IRQHandler                  0x08005d9f   Thumb Code     0  startup_stm32f40_41xxx.o(.text)
    DMA2_Stream3_IRQHandler                  0x08005d9f   Thumb Code     0  startup_stm32f40_41xxx.o(.text)
    DMA2_Stream4_IRQHandler                  0x08005d9f   Thumb Code     0  startup_stm32f40_41xxx.o(.text)
    DMA2_Stream5_IRQHandler                  0x08005d9f   Thumb Code     0  startup_stm32f40_41xxx.o(.text)
    DMA2_Stream6_IRQHandler                  0x08005d9f   Thumb Code     0  startup_stm32f40_41xxx.o(.text)
    DMA2_Stream7_IRQHandler                  0x08005d9f   Thumb Code     0  startup_stm32f40_41xxx.o(.text)
    ETH_IRQHandler                           0x08005d9f   Thumb Code     0  startup_stm32f40_41xxx.o(.text)
    ETH_WKUP_IRQHandler                      0x08005d9f   Thumb Code     0  startup_stm32f40_41xxx.o(.text)
    EXTI0_IRQHandler                         0x08005d9f   Thumb Code     0  startup_stm32f40_41xxx.o(.text)
    EXTI15_10_IRQHandler                     0x08005d9f   Thumb Code     0  startup_stm32f40_41xxx.o(.text)
    EXTI1_IRQHandler                         0x08005d9f   Thumb Code     0  startup_stm32f40_41xxx.o(.text)
    EXTI2_IRQHandler                         0x08005d9f   Thumb Code     0  startup_stm32f40_41xxx.o(.text)
    EXTI3_IRQHandler                         0x08005d9f   Thumb Code     0  startup_stm32f40_41xxx.o(.text)
    EXTI4_IRQHandler                         0x08005d9f   Thumb Code     0  startup_stm32f40_41xxx.o(.text)
    EXTI9_5_IRQHandler                       0x08005d9f   Thumb Code     0  startup_stm32f40_41xxx.o(.text)
    FLASH_IRQHandler                         0x08005d9f   Thumb Code     0  startup_stm32f40_41xxx.o(.text)
    FPU_IRQHandler                           0x08005d9f   Thumb Code     0  startup_stm32f40_41xxx.o(.text)
    FSMC_IRQHandler                          0x08005d9f   Thumb Code     0  startup_stm32f40_41xxx.o(.text)
    HASH_RNG_IRQHandler                      0x08005d9f   Thumb Code     0  startup_stm32f40_41xxx.o(.text)
    I2C1_ER_IRQHandler                       0x08005d9f   Thumb Code     0  startup_stm32f40_41xxx.o(.text)
    I2C1_EV_IRQHandler                       0x08005d9f   Thumb Code     0  startup_stm32f40_41xxx.o(.text)
    I2C2_ER_IRQHandler                       0x08005d9f   Thumb Code     0  startup_stm32f40_41xxx.o(.text)
    I2C2_EV_IRQHandler                       0x08005d9f   Thumb Code     0  startup_stm32f40_41xxx.o(.text)
    I2C3_ER_IRQHandler                       0x08005d9f   Thumb Code     0  startup_stm32f40_41xxx.o(.text)
    I2C3_EV_IRQHandler                       0x08005d9f   Thumb Code     0  startup_stm32f40_41xxx.o(.text)
    OTG_FS_IRQHandler                        0x08005d9f   Thumb Code     0  startup_stm32f40_41xxx.o(.text)
    OTG_FS_WKUP_IRQHandler                   0x08005d9f   Thumb Code     0  startup_stm32f40_41xxx.o(.text)
    OTG_HS_EP1_IN_IRQHandler                 0x08005d9f   Thumb Code     0  startup_stm32f40_41xxx.o(.text)
    OTG_HS_EP1_OUT_IRQHandler                0x08005d9f   Thumb Code     0  startup_stm32f40_41xxx.o(.text)
    OTG_HS_IRQHandler                        0x08005d9f   Thumb Code     0  startup_stm32f40_41xxx.o(.text)
    OTG_HS_WKUP_IRQHandler                   0x08005d9f   Thumb Code     0  startup_stm32f40_41xxx.o(.text)
    PVD_IRQHandler                           0x08005d9f   Thumb Code     0  startup_stm32f40_41xxx.o(.text)
    RCC_IRQHandler                           0x08005d9f   Thumb Code     0  startup_stm32f40_41xxx.o(.text)
    RTC_Alarm_IRQHandler                     0x08005d9f   Thumb Code     0  startup_stm32f40_41xxx.o(.text)
    RTC_WKUP_IRQHandler                      0x08005d9f   Thumb Code     0  startup_stm32f40_41xxx.o(.text)
    SDIO_IRQHandler                          0x08005d9f   Thumb Code     0  startup_stm32f40_41xxx.o(.text)
    SPI1_IRQHandler                          0x08005d9f   Thumb Code     0  startup_stm32f40_41xxx.o(.text)
    SPI2_IRQHandler                          0x08005d9f   Thumb Code     0  startup_stm32f40_41xxx.o(.text)
    SPI3_IRQHandler                          0x08005d9f   Thumb Code     0  startup_stm32f40_41xxx.o(.text)
    TAMP_STAMP_IRQHandler                    0x08005d9f   Thumb Code     0  startup_stm32f40_41xxx.o(.text)
    TIM1_BRK_TIM9_IRQHandler                 0x08005d9f   Thumb Code     0  startup_stm32f40_41xxx.o(.text)
    TIM1_CC_IRQHandler                       0x08005d9f   Thumb Code     0  startup_stm32f40_41xxx.o(.text)
    TIM1_TRG_COM_TIM11_IRQHandler            0x08005d9f   Thumb Code     0  startup_stm32f40_41xxx.o(.text)
    TIM1_UP_TIM10_IRQHandler                 0x08005d9f   Thumb Code     0  startup_stm32f40_41xxx.o(.text)
    TIM2_IRQHandler                          0x08005d9f   Thumb Code     0  startup_stm32f40_41xxx.o(.text)
    TIM4_IRQHandler                          0x08005d9f   Thumb Code     0  startup_stm32f40_41xxx.o(.text)
    TIM5_IRQHandler                          0x08005d9f   Thumb Code     0  startup_stm32f40_41xxx.o(.text)
    TIM6_DAC_IRQHandler                      0x08005d9f   Thumb Code     0  startup_stm32f40_41xxx.o(.text)
    TIM7_IRQHandler                          0x08005d9f   Thumb Code     0  startup_stm32f40_41xxx.o(.text)
    TIM8_BRK_TIM12_IRQHandler                0x08005d9f   Thumb Code     0  startup_stm32f40_41xxx.o(.text)
    TIM8_CC_IRQHandler                       0x08005d9f   Thumb Code     0  startup_stm32f40_41xxx.o(.text)
    TIM8_TRG_COM_TIM14_IRQHandler            0x08005d9f   Thumb Code     0  startup_stm32f40_41xxx.o(.text)
    TIM8_UP_TIM13_IRQHandler                 0x08005d9f   Thumb Code     0  startup_stm32f40_41xxx.o(.text)
    UART4_IRQHandler                         0x08005d9f   Thumb Code     0  startup_stm32f40_41xxx.o(.text)
    UART5_IRQHandler                         0x08005d9f   Thumb Code     0  startup_stm32f40_41xxx.o(.text)
    USART2_IRQHandler                        0x08005d9f   Thumb Code     0  startup_stm32f40_41xxx.o(.text)
    USART3_IRQHandler                        0x08005d9f   Thumb Code     0  startup_stm32f40_41xxx.o(.text)
    USART6_IRQHandler                        0x08005d9f   Thumb Code     0  startup_stm32f40_41xxx.o(.text)
    WWDG_IRQHandler                          0x08005d9f   Thumb Code     0  startup_stm32f40_41xxx.o(.text)
    __user_initial_stackheap                 0x08005da1   Thumb Code     0  startup_stm32f40_41xxx.o(.text)
    NVIC_PriorityGroupConfig                 0x08005dc5   Thumb Code    10  misc.o(.text)
    NVIC_Init                                0x08005dcf   Thumb Code   106  misc.o(.text)
    NVIC_SetVectorTable                      0x08005e39   Thumb Code    14  misc.o(.text)
    NVIC_SystemLPConfig                      0x08005e47   Thumb Code    34  misc.o(.text)
    SysTick_CLKSourceConfig                  0x08005e69   Thumb Code    40  misc.o(.text)
    DCMI_DeInit                              0x08005ea5   Thumb Code    24  stm32f4xx_dcmi.o(.text)
    DCMI_Init                                0x08005ebd   Thumb Code    60  stm32f4xx_dcmi.o(.text)
    DCMI_StructInit                          0x08005ef9   Thumb Code    18  stm32f4xx_dcmi.o(.text)
    DCMI_CROPConfig                          0x08005f0b   Thumb Code    26  stm32f4xx_dcmi.o(.text)
    DCMI_CROPCmd                             0x08005f25   Thumb Code    30  stm32f4xx_dcmi.o(.text)
    DCMI_SetEmbeddedSynchroCodes             0x08005f43   Thumb Code    26  stm32f4xx_dcmi.o(.text)
    DCMI_JPEGCmd                             0x08005f5d   Thumb Code    30  stm32f4xx_dcmi.o(.text)
    DCMI_Cmd                                 0x08005f7b   Thumb Code    30  stm32f4xx_dcmi.o(.text)
    DCMI_CaptureCmd                          0x08005f99   Thumb Code    30  stm32f4xx_dcmi.o(.text)
    DCMI_ReadData                            0x08005fb7   Thumb Code     6  stm32f4xx_dcmi.o(.text)
    DCMI_ITConfig                            0x08005fbd   Thumb Code    30  stm32f4xx_dcmi.o(.text)
    DCMI_GetFlagStatus                       0x08005fdb   Thumb Code    46  stm32f4xx_dcmi.o(.text)
    DCMI_ClearFlag                           0x08006009   Thumb Code     6  stm32f4xx_dcmi.o(.text)
    DCMI_GetITStatus                         0x0800600f   Thumb Code    24  stm32f4xx_dcmi.o(.text)
    DCMI_ClearITPendingBit                   0x08006027   Thumb Code     6  stm32f4xx_dcmi.o(.text)
    GPIO_DeInit                              0x08006031   Thumb Code   268  stm32f4xx_gpio.o(.text)
    GPIO_Init                                0x0800613d   Thumb Code   144  stm32f4xx_gpio.o(.text)
    GPIO_StructInit                          0x080061cd   Thumb Code    18  stm32f4xx_gpio.o(.text)
    GPIO_PinLockConfig                       0x080061df   Thumb Code    34  stm32f4xx_gpio.o(.text)
    GPIO_ReadInputDataBit                    0x08006201   Thumb Code    18  stm32f4xx_gpio.o(.text)
    GPIO_ReadInputData                       0x08006213   Thumb Code     8  stm32f4xx_gpio.o(.text)
    GPIO_ReadOutputDataBit                   0x0800621b   Thumb Code    18  stm32f4xx_gpio.o(.text)
    GPIO_ReadOutputData                      0x0800622d   Thumb Code     8  stm32f4xx_gpio.o(.text)
    GPIO_SetBits                             0x08006235   Thumb Code     4  stm32f4xx_gpio.o(.text)
    GPIO_ResetBits                           0x08006239   Thumb Code     4  stm32f4xx_gpio.o(.text)
    GPIO_WriteBit                            0x0800623d   Thumb Code    10  stm32f4xx_gpio.o(.text)
    GPIO_Write                               0x08006247   Thumb Code     4  stm32f4xx_gpio.o(.text)
    GPIO_ToggleBits                          0x0800624b   Thumb Code     8  stm32f4xx_gpio.o(.text)
    GPIO_PinAFConfig                         0x08006253   Thumb Code    70  stm32f4xx_gpio.o(.text)
    RCC_DeInit                               0x080062c5   Thumb Code    82  stm32f4xx_rcc.o(.text)
    RCC_HSEConfig                            0x08006317   Thumb Code    14  stm32f4xx_rcc.o(.text)
    RCC_GetFlagStatus                        0x08006325   Thumb Code    60  stm32f4xx_rcc.o(.text)
    RCC_WaitForHSEStartUp                    0x08006361   Thumb Code    56  stm32f4xx_rcc.o(.text)
    RCC_AdjustHSICalibrationValue            0x08006399   Thumb Code    20  stm32f4xx_rcc.o(.text)
    RCC_HSICmd                               0x080063ad   Thumb Code     6  stm32f4xx_rcc.o(.text)
    RCC_LSEConfig                            0x080063b3   Thumb Code    46  stm32f4xx_rcc.o(.text)
    RCC_LSICmd                               0x080063e1   Thumb Code     6  stm32f4xx_rcc.o(.text)
    RCC_PLLConfig                            0x080063e7   Thumb Code    32  stm32f4xx_rcc.o(.text)
    RCC_PLLCmd                               0x08006407   Thumb Code     6  stm32f4xx_rcc.o(.text)
    RCC_PLLI2SConfig                         0x0800640d   Thumb Code    14  stm32f4xx_rcc.o(.text)
    RCC_PLLI2SCmd                            0x0800641b   Thumb Code     6  stm32f4xx_rcc.o(.text)
    RCC_PLLSAIConfig                         0x08006421   Thumb Code    20  stm32f4xx_rcc.o(.text)
    RCC_PLLSAICmd                            0x08006435   Thumb Code     6  stm32f4xx_rcc.o(.text)
    RCC_ClockSecuritySystemCmd               0x0800643b   Thumb Code     6  stm32f4xx_rcc.o(.text)
    RCC_MCO1Config                           0x08006441   Thumb Code    28  stm32f4xx_rcc.o(.text)
    RCC_MCO2Config                           0x0800645d   Thumb Code    28  stm32f4xx_rcc.o(.text)
    RCC_SYSCLKConfig                         0x08006479   Thumb Code    20  stm32f4xx_rcc.o(.text)
    RCC_GetSYSCLKSource                      0x0800648d   Thumb Code    12  stm32f4xx_rcc.o(.text)
    RCC_HCLKConfig                           0x08006499   Thumb Code    20  stm32f4xx_rcc.o(.text)
    RCC_PCLK1Config                          0x080064ad   Thumb Code    20  stm32f4xx_rcc.o(.text)
    RCC_PCLK2Config                          0x080064c1   Thumb Code    22  stm32f4xx_rcc.o(.text)
    RCC_GetClocksFreq                        0x080064d7   Thumb Code   222  stm32f4xx_rcc.o(.text)
    RCC_RTCCLKConfig                         0x080065b5   Thumb Code    54  stm32f4xx_rcc.o(.text)
    RCC_RTCCLKCmd                            0x080065eb   Thumb Code     8  stm32f4xx_rcc.o(.text)
    RCC_BackupResetCmd                       0x080065f3   Thumb Code     8  stm32f4xx_rcc.o(.text)
    RCC_I2SCLKConfig                         0x080065fb   Thumb Code     6  stm32f4xx_rcc.o(.text)
    RCC_SAIPLLI2SClkDivConfig                0x08006601   Thumb Code    26  stm32f4xx_rcc.o(.text)
    RCC_SAIPLLSAIClkDivConfig                0x0800661b   Thumb Code    28  stm32f4xx_rcc.o(.text)
    RCC_SAIBlockACLKConfig                   0x08006637   Thumb Code    20  stm32f4xx_rcc.o(.text)
    RCC_SAIBlockBCLKConfig                   0x0800664b   Thumb Code    20  stm32f4xx_rcc.o(.text)
    RCC_LTDCCLKDivConfig                     0x0800665f   Thumb Code    20  stm32f4xx_rcc.o(.text)
    RCC_TIMCLKPresConfig                     0x08006673   Thumb Code     6  stm32f4xx_rcc.o(.text)
    RCC_AHB1PeriphClockCmd                   0x08006679   Thumb Code    34  stm32f4xx_rcc.o(.text)
    RCC_AHB2PeriphClockCmd                   0x0800669b   Thumb Code    78  stm32f4xx_rcc.o(.text)
    RCC_AHB3PeriphClockCmd                   0x080066e9   Thumb Code    34  stm32f4xx_rcc.o(.text)
    RCC_APB1PeriphClockCmd                   0x0800670b   Thumb Code    34  stm32f4xx_rcc.o(.text)
    RCC_APB2PeriphClockCmd                   0x0800672d   Thumb Code    34  stm32f4xx_rcc.o(.text)
    RCC_AHB1PeriphResetCmd                   0x0800674f   Thumb Code    34  stm32f4xx_rcc.o(.text)
    RCC_AHB2PeriphResetCmd                   0x08006771   Thumb Code    34  stm32f4xx_rcc.o(.text)
    RCC_AHB3PeriphResetCmd                   0x08006793   Thumb Code    34  stm32f4xx_rcc.o(.text)
    RCC_APB1PeriphResetCmd                   0x080067b5   Thumb Code    34  stm32f4xx_rcc.o(.text)
    RCC_APB2PeriphResetCmd                   0x080067d7   Thumb Code    34  stm32f4xx_rcc.o(.text)
    RCC_AHB1PeriphClockLPModeCmd             0x080067f9   Thumb Code    34  stm32f4xx_rcc.o(.text)
    RCC_AHB2PeriphClockLPModeCmd             0x0800681b   Thumb Code    34  stm32f4xx_rcc.o(.text)
    RCC_AHB3PeriphClockLPModeCmd             0x0800683d   Thumb Code    34  stm32f4xx_rcc.o(.text)
    RCC_APB1PeriphClockLPModeCmd             0x0800685f   Thumb Code    34  stm32f4xx_rcc.o(.text)
    RCC_APB2PeriphClockLPModeCmd             0x08006881   Thumb Code    34  stm32f4xx_rcc.o(.text)
    RCC_LSEModeConfig                        0x080068a3   Thumb Code    40  stm32f4xx_rcc.o(.text)
    RCC_ITConfig                             0x080068cb   Thumb Code    34  stm32f4xx_rcc.o(.text)
    RCC_ClearFlag                            0x080068ed   Thumb Code    18  stm32f4xx_rcc.o(.text)
    RCC_GetITStatus                          0x080068ff   Thumb Code    22  stm32f4xx_rcc.o(.text)
    RCC_ClearITPendingBit                    0x08006915   Thumb Code     8  stm32f4xx_rcc.o(.text)
    TIM_DeInit                               0x08006921   Thumb Code   346  stm32f4xx_tim.o(.text)
    TIM_TimeBaseInit                         0x08006a7b   Thumb Code   104  stm32f4xx_tim.o(.text)
    TIM_TimeBaseStructInit                   0x08006ae3   Thumb Code    18  stm32f4xx_tim.o(.text)
    TIM_PrescalerConfig                      0x08006af5   Thumb Code     6  stm32f4xx_tim.o(.text)
    TIM_CounterModeConfig                    0x08006afb   Thumb Code    18  stm32f4xx_tim.o(.text)
    TIM_SetCounter                           0x08006b0d   Thumb Code     4  stm32f4xx_tim.o(.text)
    TIM_SetAutoreload                        0x08006b11   Thumb Code     4  stm32f4xx_tim.o(.text)
    TIM_GetCounter                           0x08006b15   Thumb Code     6  stm32f4xx_tim.o(.text)
    TIM_GetPrescaler                         0x08006b1b   Thumb Code     6  stm32f4xx_tim.o(.text)
    TIM_UpdateDisableConfig                  0x08006b21   Thumb Code    24  stm32f4xx_tim.o(.text)
    TIM_UpdateRequestConfig                  0x08006b39   Thumb Code    24  stm32f4xx_tim.o(.text)
    TIM_ARRPreloadConfig                     0x08006b51   Thumb Code    24  stm32f4xx_tim.o(.text)
    TIM_SelectOnePulseMode                   0x08006b69   Thumb Code    18  stm32f4xx_tim.o(.text)
    TIM_SetClockDivision                     0x08006b7b   Thumb Code    18  stm32f4xx_tim.o(.text)
    TIM_Cmd                                  0x08006b8d   Thumb Code    24  stm32f4xx_tim.o(.text)
    TIM_OC1Init                              0x08006ba5   Thumb Code   114  stm32f4xx_tim.o(.text)
    TIM_OC2Init                              0x08006c17   Thumb Code   154  stm32f4xx_tim.o(.text)
    TIM_OC3Init                              0x08006cb1   Thumb Code   204  stm32f4xx_tim.o(.text)
    TIM_OC4Init                              0x08006d7d   Thumb Code   112  stm32f4xx_tim.o(.text)
    TIM_OCStructInit                         0x08006ded   Thumb Code    20  stm32f4xx_tim.o(.text)
    TIM_SelectOCxM                           0x08006e01   Thumb Code    86  stm32f4xx_tim.o(.text)
    TIM_SetCompare1                          0x08006e57   Thumb Code     4  stm32f4xx_tim.o(.text)
    TIM_SetCompare2                          0x08006e5b   Thumb Code     4  stm32f4xx_tim.o(.text)
    TIM_SetCompare3                          0x08006e5f   Thumb Code     4  stm32f4xx_tim.o(.text)
    TIM_SetCompare4                          0x08006e63   Thumb Code     4  stm32f4xx_tim.o(.text)
    TIM_ForcedOC1Config                      0x08006e67   Thumb Code    18  stm32f4xx_tim.o(.text)
    TIM_ForcedOC2Config                      0x08006e79   Thumb Code    26  stm32f4xx_tim.o(.text)
    TIM_ForcedOC3Config                      0x08006e93   Thumb Code    18  stm32f4xx_tim.o(.text)
    TIM_ForcedOC4Config                      0x08006ea5   Thumb Code    26  stm32f4xx_tim.o(.text)
    TIM_OC1PreloadConfig                     0x08006ebf   Thumb Code    18  stm32f4xx_tim.o(.text)
    TIM_OC2PreloadConfig                     0x08006ed1   Thumb Code    26  stm32f4xx_tim.o(.text)
    TIM_OC3PreloadConfig                     0x08006eeb   Thumb Code    18  stm32f4xx_tim.o(.text)
    TIM_OC4PreloadConfig                     0x08006efd   Thumb Code    26  stm32f4xx_tim.o(.text)
    TIM_OC1FastConfig                        0x08006f17   Thumb Code    18  stm32f4xx_tim.o(.text)
    TIM_OC2FastConfig                        0x08006f29   Thumb Code    26  stm32f4xx_tim.o(.text)
    TIM_OC3FastConfig                        0x08006f43   Thumb Code    18  stm32f4xx_tim.o(.text)
    TIM_OC4FastConfig                        0x08006f55   Thumb Code    26  stm32f4xx_tim.o(.text)
    TIM_ClearOC1Ref                          0x08006f6f   Thumb Code    18  stm32f4xx_tim.o(.text)
    TIM_ClearOC2Ref                          0x08006f81   Thumb Code    24  stm32f4xx_tim.o(.text)
    TIM_ClearOC3Ref                          0x08006f99   Thumb Code    18  stm32f4xx_tim.o(.text)
    TIM_ClearOC4Ref                          0x08006fab   Thumb Code    24  stm32f4xx_tim.o(.text)
    TIM_OC1PolarityConfig                    0x08006fc3   Thumb Code    18  stm32f4xx_tim.o(.text)
    TIM_OC1NPolarityConfig                   0x08006fd5   Thumb Code    18  stm32f4xx_tim.o(.text)
    TIM_OC2PolarityConfig                    0x08006fe7   Thumb Code    26  stm32f4xx_tim.o(.text)
    TIM_OC2NPolarityConfig                   0x08007001   Thumb Code    26  stm32f4xx_tim.o(.text)
    TIM_OC3PolarityConfig                    0x0800701b   Thumb Code    26  stm32f4xx_tim.o(.text)
    TIM_OC3NPolarityConfig                   0x08007035   Thumb Code    26  stm32f4xx_tim.o(.text)
    TIM_OC4PolarityConfig                    0x0800704f   Thumb Code    26  stm32f4xx_tim.o(.text)
    TIM_CCxCmd                               0x08007069   Thumb Code    30  stm32f4xx_tim.o(.text)
    TIM_CCxNCmd                              0x08007087   Thumb Code    30  stm32f4xx_tim.o(.text)
    TIM_SetIC4Prescaler                      0x080070a5   Thumb Code    26  stm32f4xx_tim.o(.text)
    TIM_SetIC3Prescaler                      0x0800710f   Thumb Code    18  stm32f4xx_tim.o(.text)
    TIM_SetIC2Prescaler                      0x08007169   Thumb Code    26  stm32f4xx_tim.o(.text)
    TIM_SetIC1Prescaler                      0x080071dd   Thumb Code    18  stm32f4xx_tim.o(.text)
    TIM_ICInit                               0x08007229   Thumb Code   110  stm32f4xx_tim.o(.text)
    TIM_ICStructInit                         0x08007297   Thumb Code    18  stm32f4xx_tim.o(.text)
    TIM_PWMIConfig                           0x080072a9   Thumb Code   124  stm32f4xx_tim.o(.text)
    TIM_GetCapture1                          0x08007325   Thumb Code     6  stm32f4xx_tim.o(.text)
    TIM_GetCapture2                          0x0800732b   Thumb Code     6  stm32f4xx_tim.o(.text)
    TIM_GetCapture3                          0x08007331   Thumb Code     6  stm32f4xx_tim.o(.text)
    TIM_GetCapture4                          0x08007337   Thumb Code     6  stm32f4xx_tim.o(.text)
    TIM_BDTRConfig                           0x0800733d   Thumb Code    32  stm32f4xx_tim.o(.text)
    TIM_BDTRStructInit                       0x0800735d   Thumb Code    18  stm32f4xx_tim.o(.text)
    TIM_CtrlPWMOutputs                       0x0800736f   Thumb Code    30  stm32f4xx_tim.o(.text)
    TIM_SelectCOM                            0x0800738d   Thumb Code    24  stm32f4xx_tim.o(.text)
    TIM_CCPreloadControl                     0x080073a5   Thumb Code    24  stm32f4xx_tim.o(.text)
    TIM_ITConfig                             0x080073bd   Thumb Code    18  stm32f4xx_tim.o(.text)
    TIM_GenerateEvent                        0x080073cf   Thumb Code     4  stm32f4xx_tim.o(.text)
    TIM_GetFlagStatus                        0x080073d3   Thumb Code    18  stm32f4xx_tim.o(.text)
    TIM_ClearFlag                            0x080073e5   Thumb Code     6  stm32f4xx_tim.o(.text)
    TIM_GetITStatus                          0x080073eb   Thumb Code    34  stm32f4xx_tim.o(.text)
    TIM_ClearITPendingBit                    0x0800740d   Thumb Code     6  stm32f4xx_tim.o(.text)
    TIM_DMAConfig                            0x08007413   Thumb Code    10  stm32f4xx_tim.o(.text)
    TIM_DMACmd                               0x0800741d   Thumb Code    18  stm32f4xx_tim.o(.text)
    TIM_SelectCCDMA                          0x0800742f   Thumb Code    24  stm32f4xx_tim.o(.text)
    TIM_InternalClockConfig                  0x08007447   Thumb Code    12  stm32f4xx_tim.o(.text)
    TIM_SelectInputTrigger                   0x08007453   Thumb Code    18  stm32f4xx_tim.o(.text)
    TIM_ITRxExternalClockConfig              0x08007465   Thumb Code    24  stm32f4xx_tim.o(.text)
    TIM_TIxExternalClockConfig               0x0800747d   Thumb Code    62  stm32f4xx_tim.o(.text)
    TIM_ETRConfig                            0x080074bb   Thumb Code    28  stm32f4xx_tim.o(.text)
    TIM_ETRClockMode1Config                  0x080074d7   Thumb Code    54  stm32f4xx_tim.o(.text)
    TIM_ETRClockMode2Config                  0x0800750d   Thumb Code    32  stm32f4xx_tim.o(.text)
    TIM_SelectOutputTrigger                  0x0800752d   Thumb Code    18  stm32f4xx_tim.o(.text)
    TIM_SelectSlaveMode                      0x0800753f   Thumb Code    18  stm32f4xx_tim.o(.text)
    TIM_SelectMasterSlaveMode                0x08007551   Thumb Code    18  stm32f4xx_tim.o(.text)
    TIM_EncoderInterfaceConfig               0x08007563   Thumb Code    66  stm32f4xx_tim.o(.text)
    TIM_SelectHallSensor                     0x080075a5   Thumb Code    24  stm32f4xx_tim.o(.text)
    TIM_RemapConfig                          0x080075bd   Thumb Code     6  stm32f4xx_tim.o(.text)
    USART_DeInit                             0x080075c5   Thumb Code   206  stm32f4xx_usart.o(.text)
    USART_Init                               0x08007693   Thumb Code   204  stm32f4xx_usart.o(.text)
    USART_StructInit                         0x0800775f   Thumb Code    24  stm32f4xx_usart.o(.text)
    USART_ClockInit                          0x08007777   Thumb Code    32  stm32f4xx_usart.o(.text)
    USART_ClockStructInit                    0x08007797   Thumb Code    12  stm32f4xx_usart.o(.text)
    USART_Cmd                                0x080077a3   Thumb Code    24  stm32f4xx_usart.o(.text)
    USART_SetPrescaler                       0x080077bb   Thumb Code    16  stm32f4xx_usart.o(.text)
    USART_OverSampling8Cmd                   0x080077cb   Thumb Code    22  stm32f4xx_usart.o(.text)
    USART_OneBitMethodCmd                    0x080077e1   Thumb Code    24  stm32f4xx_usart.o(.text)
    USART_SendData                           0x080077f9   Thumb Code     8  stm32f4xx_usart.o(.text)
    USART_ReceiveData                        0x08007801   Thumb Code    10  stm32f4xx_usart.o(.text)
    USART_SetAddress                         0x0800780b   Thumb Code    18  stm32f4xx_usart.o(.text)
    USART_ReceiverWakeUpCmd                  0x0800781d   Thumb Code    24  stm32f4xx_usart.o(.text)
    USART_WakeUpConfig                       0x08007835   Thumb Code    18  stm32f4xx_usart.o(.text)
    USART_LINBreakDetectLengthConfig         0x08007847   Thumb Code    18  stm32f4xx_usart.o(.text)
    USART_LINCmd                             0x08007859   Thumb Code    24  stm32f4xx_usart.o(.text)
    USART_SendBreak                          0x08007871   Thumb Code    10  stm32f4xx_usart.o(.text)
    USART_HalfDuplexCmd                      0x0800787b   Thumb Code    24  stm32f4xx_usart.o(.text)
    USART_SetGuardTime                       0x08007893   Thumb Code    16  stm32f4xx_usart.o(.text)
    USART_SmartCardCmd                       0x080078a3   Thumb Code    24  stm32f4xx_usart.o(.text)
    USART_SmartCardNACKCmd                   0x080078bb   Thumb Code    24  stm32f4xx_usart.o(.text)
    USART_IrDAConfig                         0x080078d3   Thumb Code    18  stm32f4xx_usart.o(.text)
    USART_IrDACmd                            0x080078e5   Thumb Code    24  stm32f4xx_usart.o(.text)
    USART_DMACmd                             0x080078fd   Thumb Code    18  stm32f4xx_usart.o(.text)
    USART_ITConfig                           0x0800790f   Thumb Code    74  stm32f4xx_usart.o(.text)
    USART_GetFlagStatus                      0x08007959   Thumb Code    26  stm32f4xx_usart.o(.text)
    USART_ClearFlag                          0x08007973   Thumb Code    18  stm32f4xx_usart.o(.text)
    USART_GetITStatus                        0x08007985   Thumb Code   118  stm32f4xx_usart.o(.text)
    USART_ClearITPendingBit                  0x080079fb   Thumb Code    30  stm32f4xx_usart.o(.text)
    DMA_DeInit                               0x08007a19   Thumb Code   324  stm32f4xx_dma.o(.text)
    DMA_Init                                 0x08007b5d   Thumb Code    82  stm32f4xx_dma.o(.text)
    DMA_StructInit                           0x08007baf   Thumb Code    34  stm32f4xx_dma.o(.text)
    DMA_Cmd                                  0x08007bd1   Thumb Code    22  stm32f4xx_dma.o(.text)
    DMA_PeriphIncOffsetSizeConfig            0x08007be7   Thumb Code    22  stm32f4xx_dma.o(.text)
    DMA_FlowControllerConfig                 0x08007bfd   Thumb Code    22  stm32f4xx_dma.o(.text)
    DMA_SetCurrDataCounter                   0x08007c13   Thumb Code     4  stm32f4xx_dma.o(.text)
    DMA_GetCurrDataCounter                   0x08007c17   Thumb Code     8  stm32f4xx_dma.o(.text)
    DMA_DoubleBufferModeConfig               0x08007c1f   Thumb Code    24  stm32f4xx_dma.o(.text)
    DMA_DoubleBufferModeCmd                  0x08007c37   Thumb Code    22  stm32f4xx_dma.o(.text)
    DMA_MemoryTargetConfig                   0x08007c4d   Thumb Code    10  stm32f4xx_dma.o(.text)
    DMA_GetCurrentMemoryTarget               0x08007c57   Thumb Code    20  stm32f4xx_dma.o(.text)
    DMA_GetCmdStatus                         0x08007c6b   Thumb Code    20  stm32f4xx_dma.o(.text)
    DMA_GetFIFOStatus                        0x08007c7f   Thumb Code    12  stm32f4xx_dma.o(.text)
    DMA_GetFlagStatus                        0x08007c8b   Thumb Code    56  stm32f4xx_dma.o(.text)
    DMA_ClearFlag                            0x08007cc3   Thumb Code    40  stm32f4xx_dma.o(.text)
    DMA_ITConfig                             0x08007ceb   Thumb Code    58  stm32f4xx_dma.o(.text)
    DMA_GetITStatus                          0x08007d25   Thumb Code    84  stm32f4xx_dma.o(.text)
    DMA_ClearITPendingBit                    0x08007d79   Thumb Code    40  stm32f4xx_dma.o(.text)
    FSMC_NORSRAMDeInit                       0x08007dc1   Thumb Code    54  stm32f4xx_fsmc.o(.text)
    FSMC_NORSRAMInit                         0x08007df7   Thumb Code   230  stm32f4xx_fsmc.o(.text)
    FSMC_NORSRAMStructInit                   0x08007edd   Thumb Code    48  stm32f4xx_fsmc.o(.text)
    FSMC_NORSRAMCmd                          0x08007f0d   Thumb Code    46  stm32f4xx_fsmc.o(.text)
    FSMC_NANDDeInit                          0x08007f3b   Thumb Code    62  stm32f4xx_fsmc.o(.text)
    FSMC_NANDInit                            0x08007f79   Thumb Code   132  stm32f4xx_fsmc.o(.text)
    FSMC_NANDStructInit                      0x08007ffd   Thumb Code    54  stm32f4xx_fsmc.o(.text)
    FSMC_NANDCmd                             0x08008033   Thumb Code    86  stm32f4xx_fsmc.o(.text)
    FSMC_NANDECCCmd                          0x08008089   Thumb Code    86  stm32f4xx_fsmc.o(.text)
    FSMC_GetECC                              0x080080df   Thumb Code    24  stm32f4xx_fsmc.o(.text)
    FSMC_PCCARDDeInit                        0x080080f7   Thumb Code    36  stm32f4xx_fsmc.o(.text)
    FSMC_PCCARDInit                          0x0800811b   Thumb Code   130  stm32f4xx_fsmc.o(.text)
    FSMC_PCCARDStructInit                    0x0800819d   Thumb Code    60  stm32f4xx_fsmc.o(.text)
    FSMC_PCCARDCmd                           0x080081d9   Thumb Code    44  stm32f4xx_fsmc.o(.text)
    FSMC_ITConfig                            0x08008205   Thumb Code   128  stm32f4xx_fsmc.o(.text)
    FSMC_GetFlagStatus                       0x08008285   Thumb Code    54  stm32f4xx_fsmc.o(.text)
    FSMC_ClearFlag                           0x080082bb   Thumb Code    74  stm32f4xx_fsmc.o(.text)
    FSMC_GetITStatus                         0x08008305   Thumb Code    62  stm32f4xx_fsmc.o(.text)
    FSMC_ClearITPendingBit                   0x08008343   Thumb Code    66  stm32f4xx_fsmc.o(.text)
    __use_no_semihosting                     0x08008389   Thumb Code     2  use_no_semi_2.o(.text)
    printf                                   0x0800838d   Thumb Code    20  printf.o(.text)
    __2printf                                0x080083a5   Thumb Code    20  __2printf.o(.text)
    _printf_longlong_hex                     0x080083bd   Thumb Code    86  _printf_hex_int_ll_ptr.o(.text)
    _printf_int_hex                          0x08008413   Thumb Code    28  _printf_hex_int_ll_ptr.o(.text)
    _printf_ll_hex                           0x0800842f   Thumb Code    12  _printf_hex_int_ll_ptr.o(.text)
    _printf_hex_ptr                          0x0800843b   Thumb Code    18  _printf_hex_int_ll_ptr.o(.text)
    __printf                                 0x08008451   Thumb Code   388  __printf_flags_ss_wp.o(.text)
    __use_two_region_memory                  0x080085d9   Thumb Code     2  heapauxi.o(.text)
    __rt_heap_escrow$2region                 0x080085db   Thumb Code     2  heapauxi.o(.text)
    __rt_heap_expand$2region                 0x080085dd   Thumb Code     2  heapauxi.o(.text)
    __I$use$semihosting                      0x080085df   Thumb Code     0  use_no_semi.o(.text)
    __use_no_semihosting_swi                 0x080085df   Thumb Code     2  use_no_semi.o(.text)
    _printf_pre_padding                      0x080085e1   Thumb Code    44  _printf_pad.o(.text)
    _printf_post_padding                     0x0800860d   Thumb Code    34  _printf_pad.o(.text)
    _printf_truncate_signed                  0x0800862f   Thumb Code    18  _printf_truncate.o(.text)
    _printf_truncate_unsigned                0x08008641   Thumb Code    18  _printf_truncate.o(.text)
    _printf_str                              0x08008653   Thumb Code    82  _printf_str.o(.text)
    _printf_int_common                       0x080086a5   Thumb Code   178  _printf_intcommon.o(.text)
    _printf_int_dec                          0x08008759   Thumb Code   104  _printf_dec.o(.text)
    _printf_charcount                        0x080087d1   Thumb Code    40  _printf_charcount.o(.text)
    _printf_char_file                        0x080087f9   Thumb Code    32  _printf_char_file.o(.text)
    _printf_wctomb                           0x0800881d   Thumb Code   182  _printf_wctomb.o(.text)
    _printf_longlong_dec                     0x080088d9   Thumb Code   108  _printf_longlong_dec.o(.text)
    _printf_longlong_oct                     0x08008955   Thumb Code    66  _printf_oct_int_ll.o(.text)
    _printf_int_oct                          0x08008997   Thumb Code    24  _printf_oct_int_ll.o(.text)
    _printf_ll_oct                           0x080089af   Thumb Code    12  _printf_oct_int_ll.o(.text)
    _ll_udiv10                               0x080089c5   Thumb Code   138  lludiv10.o(.text)
    __lib_sel_fp_printf                      0x08008a4f   Thumb Code     2  _printf_fp_dec.o(.text)
    _printf_fp_dec_real                      0x08008c01   Thumb Code   620  _printf_fp_dec.o(.text)
    _printf_fp_hex_real                      0x08008e6d   Thumb Code   756  _printf_fp_hex.o(.text)
    _printf_char_common                      0x08009173   Thumb Code    32  _printf_char_common.o(.text)
    _printf_cs_common                        0x08009199   Thumb Code    20  _printf_char.o(.text)
    _printf_char                             0x080091ad   Thumb Code    16  _printf_char.o(.text)
    _printf_string                           0x080091bd   Thumb Code     8  _printf_char.o(.text)
    _printf_lcs_common                       0x080091c5   Thumb Code    20  _printf_wchar.o(.text)
    _printf_wchar                            0x080091d9   Thumb Code    16  _printf_wchar.o(.text)
    _printf_wstring                          0x080091e9   Thumb Code     8  _printf_wchar.o(.text)
    ferror                                   0x080091f1   Thumb Code     8  ferror.o(.text)
    _wcrtomb                                 0x080091f9   Thumb Code    64  _wcrtomb.o(.text)
    __user_setup_stackheap                   0x08009239   Thumb Code    74  sys_stackheap_outer.o(.text)
    __rt_ctype_table                         0x08009285   Thumb Code    16  rt_ctype_table.o(.text)
    __rt_locale                              0x08009295   Thumb Code     8  rt_locale_intlibspace.o(.text)
    _printf_fp_infnan                        0x0800929d   Thumb Code   112  _printf_fp_infnan.o(.text)
    _btod_etento                             0x0800931d   Thumb Code   224  bigflt0.o(.text)
    exit                                     0x08009401   Thumb Code    18  exit.o(.text)
    __user_libspace                          0x08009415   Thumb Code     8  libspace.o(.text)
    __user_perproc_libspace                  0x08009415   Thumb Code     0  libspace.o(.text)
    __user_perthread_libspace                0x08009415   Thumb Code     0  libspace.o(.text)
    strcmp                                   0x0800941d   Thumb Code   128  strcmpv7m.o(.text)
    _btod_d2e                                0x0800949d   Thumb Code    62  btod.o(CL$$btod_d2e)
    _d2e_denorm_low                          0x080094db   Thumb Code    70  btod.o(CL$$btod_d2e_denorm_low)
    _d2e_norm_op1                            0x08009521   Thumb Code    96  btod.o(CL$$btod_d2e_norm_op1)
    __btod_div_common                        0x08009581   Thumb Code   696  btod.o(CL$$btod_div_common)
    _e2e                                     0x080098b9   Thumb Code   220  btod.o(CL$$btod_e2e)
    _btod_ediv                               0x08009995   Thumb Code    42  btod.o(CL$$btod_ediv)
    _btod_emul                               0x080099bf   Thumb Code    42  btod.o(CL$$btod_emul)
    __btod_mult_common                       0x080099e9   Thumb Code   580  btod.o(CL$$btod_mult_common)
    __ARM_fpclassify                         0x08009c2d   Thumb Code    48  fpclassify.o(i.__ARM_fpclassify)
    _is_digit                                0x08009c5d   Thumb Code    14  __printf_wp.o(i._is_digit)
    _get_lc_numeric                          0x08009c6d   Thumb Code    44  lc_numeric_c.o(locale$$code)
    _get_lc_ctype                            0x08009c99   Thumb Code    44  lc_ctype_c.o(locale$$code)
    _fp_init                                 0x08009cc5   Thumb Code    10  fpinit.o(x$fpl$fpinit)
    __fplib_config_fpu_vfp                   0x08009ccd   Thumb Code     0  fpinit.o(x$fpl$fpinit)
    __fplib_config_pureend_doubles           0x08009ccd   Thumb Code     0  fpinit.o(x$fpl$fpinit)
    _printf_fp_dec                           0x08009ccf   Thumb Code     4  printf1.o(x$fpl$printf1)
    _printf_fp_hex                           0x08009cd3   Thumb Code     4  printf2.o(x$fpl$printf2)
    __I$use$fp                               0x08009cd6   Number         0  usenofp.o(x$fpl$usenofp)
    asc2_1206                                0x08009cd6   Data        1140  lcd.o(.constdata)
    asc2_1608                                0x0800a14a   Data        1520  lcd.o(.constdata)
    asc2_2412                                0x0800a73a   Data        3420  lcd.o(.constdata)
    ov7670_init_reg_tbl                      0x0800b496   Data         332  ov7670.o(.constdata)
    ov7670_init_reg_tb2                      0x0800b5e2   Data         336  ov7670.o(.constdata)
    FSMC_DefaultTimingStruct                 0x0800b734   Data          28  stm32f4xx_fsmc.o(.constdata)
    Region$$Table$$Base                      0x0800b850   Number         0  anon$$obj.o(Region$$Table)
    Region$$Table$$Limit                     0x0800b870   Number         0  anon$$obj.o(Region$$Table)
    __ctype                                  0x0800b899   Data           0  lc_ctype_c.o(locale$$data)
    Com1SendFlag                             0x20000000   Data           1  main.o(.data)
    SystemCoreClock                          0x20000004   Data           4  system_stm32f4xx.o(.data)
    AHBPrescTable                            0x20000008   Data          16  system_stm32f4xx.o(.data)
    POINT_COLOR                              0x20000018   Data           2  lcd.o(.data)
    BACK_COLOR                               0x2000001a   Data           2  lcd.o(.data)
    Key_Flag                                 0x2000001c   Data           1  key.o(.data)
    key_up                                   0x2000001d   Data           1  key.o(.data)
    Key_times                                0x2000001e   Data           6  key.o(.data)
    Key_Time_out                             0x20000024   Data           6  key.o(.data)
    ov_frame                                 0x2000002a   Data           1  dcmi.o(.data)
    TimeS                                    0x2000002b   Data           1  timer.o(.data)
    __stdout                                 0x20000030   Data           4  usart.o(.data)
    USART_RX_STA                             0x20000034   Data           2  usart.o(.data)
    lcddev                                   0x20000048   Data          14  lcd.o(.bss)
    DCMI_InitStructure                       0x20000056   Data          14  dcmi.o(.bss)
    USART_RX_BUF                             0x20000064   Data         200  usart.o(.bss)
    __libspace_start                         0x2000012c   Data          96  libspace.o(.bss)
    __temporary_stack_top$libspace           0x2000018c   Data           0  libspace.o(.bss)



==============================================================================

Memory Map of the image

  Image Entry point : 0x08000189

  Load Region LR_IROM1 (Base: 0x08000000, Size: 0x0000b9e4, Max: 0x00100000, ABSOLUTE)

    Execution Region ER_IROM1 (Exec base: 0x08000000, Load base: 0x08000000, Size: 0x0000b99c, Max: 0x00100000, ABSOLUTE)

    Exec Addr    Load Addr    Size         Type   Attr      Idx    E Section Name        Object

    0x08000000   0x08000000   0x00000188   Data   RO          496    RESET               startup_stm32f40_41xxx.o
    0x08000188   0x08000188   0x00000008   Code   RO          723  * !!!main             c_w.l(__main.o)
    0x08000190   0x08000190   0x00000034   Code   RO         1003    !!!scatter          c_w.l(__scatter.o)
    0x080001c4   0x080001c4   0x0000001a   Code   RO         1005    !!handler_copy      c_w.l(__scatter_copy.o)
    0x080001de   0x080001de   0x00000002   PAD
    0x080001e0   0x080001e0   0x0000001c   Code   RO         1007    !!handler_zi        c_w.l(__scatter_zi.o)
    0x080001fc   0x080001fc   0x00000000   Code   RO          720    .ARM.Collect$$_printf_percent$$00000000  c_w.l(_printf_percent.o)
    0x080001fc   0x080001fc   0x00000006   Code   RO          755    .ARM.Collect$$_printf_percent$$00000001  c_w.l(_printf_n.o)
    0x08000202   0x08000202   0x00000006   Code   RO          756    .ARM.Collect$$_printf_percent$$00000002  c_w.l(_printf_p.o)
    0x08000208   0x08000208   0x00000006   Code   RO          761    .ARM.Collect$$_printf_percent$$00000003  c_w.l(_printf_f.o)
    0x0800020e   0x0800020e   0x00000006   Code   RO          762    .ARM.Collect$$_printf_percent$$00000004  c_w.l(_printf_e.o)
    0x08000214   0x08000214   0x00000006   Code   RO          763    .ARM.Collect$$_printf_percent$$00000005  c_w.l(_printf_g.o)
    0x0800021a   0x0800021a   0x00000006   Code   RO          764    .ARM.Collect$$_printf_percent$$00000006  c_w.l(_printf_a.o)
    0x08000220   0x08000220   0x0000000a   Code   RO          769    .ARM.Collect$$_printf_percent$$00000007  c_w.l(_printf_ll.o)
    0x0800022a   0x0800022a   0x00000006   Code   RO          758    .ARM.Collect$$_printf_percent$$00000008  c_w.l(_printf_i.o)
    0x08000230   0x08000230   0x00000006   Code   RO          759    .ARM.Collect$$_printf_percent$$00000009  c_w.l(_printf_d.o)
    0x08000236   0x08000236   0x00000006   Code   RO          760    .ARM.Collect$$_printf_percent$$0000000A  c_w.l(_printf_u.o)
    0x0800023c   0x0800023c   0x00000006   Code   RO          757    .ARM.Collect$$_printf_percent$$0000000B  c_w.l(_printf_o.o)
    0x08000242   0x08000242   0x00000006   Code   RO          719    .ARM.Collect$$_printf_percent$$0000000C  c_w.l(_printf_x.o)
    0x08000248   0x08000248   0x00000006   Code   RO          766    .ARM.Collect$$_printf_percent$$0000000D  c_w.l(_printf_lli.o)
    0x0800024e   0x0800024e   0x00000006   Code   RO          767    .ARM.Collect$$_printf_percent$$0000000E  c_w.l(_printf_lld.o)
    0x08000254   0x08000254   0x00000006   Code   RO          768    .ARM.Collect$$_printf_percent$$0000000F  c_w.l(_printf_llu.o)
    0x0800025a   0x0800025a   0x00000006   Code   RO          773    .ARM.Collect$$_printf_percent$$00000010  c_w.l(_printf_llo.o)
    0x08000260   0x08000260   0x00000006   Code   RO          774    .ARM.Collect$$_printf_percent$$00000011  c_w.l(_printf_llx.o)
    0x08000266   0x08000266   0x0000000a   Code   RO          770    .ARM.Collect$$_printf_percent$$00000012  c_w.l(_printf_l.o)
    0x08000270   0x08000270   0x00000006   Code   RO          753    .ARM.Collect$$_printf_percent$$00000013  c_w.l(_printf_c.o)
    0x08000276   0x08000276   0x00000006   Code   RO          754    .ARM.Collect$$_printf_percent$$00000014  c_w.l(_printf_s.o)
    0x0800027c   0x0800027c   0x00000006   Code   RO          771    .ARM.Collect$$_printf_percent$$00000015  c_w.l(_printf_lc.o)
    0x08000282   0x08000282   0x00000006   Code   RO          772    .ARM.Collect$$_printf_percent$$00000016  c_w.l(_printf_ls.o)
    0x08000288   0x08000288   0x00000004   Code   RO          765    .ARM.Collect$$_printf_percent$$00000017  c_w.l(_printf_percent_end.o)
    0x0800028c   0x0800028c   0x00000002   Code   RO          865    .ARM.Collect$$libinit$$00000000  c_w.l(libinit.o)
    0x0800028e   0x0800028e   0x00000004   Code   RO          881    .ARM.Collect$$libinit$$00000001  c_w.l(libinit2.o)
    0x08000292   0x08000292   0x00000000   Code   RO          884    .ARM.Collect$$libinit$$00000004  c_w.l(libinit2.o)
    0x08000292   0x08000292   0x00000000   Code   RO          887    .ARM.Collect$$libinit$$0000000A  c_w.l(libinit2.o)
    0x08000292   0x08000292   0x00000000   Code   RO          889    .ARM.Collect$$libinit$$0000000C  c_w.l(libinit2.o)
    0x08000292   0x08000292   0x00000000   Code   RO          891    .ARM.Collect$$libinit$$0000000E  c_w.l(libinit2.o)
    0x08000292   0x08000292   0x00000006   Code   RO          892    .ARM.Collect$$libinit$$0000000F  c_w.l(libinit2.o)
    0x08000298   0x08000298   0x00000000   Code   RO          894    .ARM.Collect$$libinit$$00000011  c_w.l(libinit2.o)
    0x08000298   0x08000298   0x0000000c   Code   RO          895    .ARM.Collect$$libinit$$00000012  c_w.l(libinit2.o)
    0x080002a4   0x080002a4   0x00000000   Code   RO          896    .ARM.Collect$$libinit$$00000013  c_w.l(libinit2.o)
    0x080002a4   0x080002a4   0x00000000   Code   RO          898    .ARM.Collect$$libinit$$00000015  c_w.l(libinit2.o)
    0x080002a4   0x080002a4   0x0000000a   Code   RO          899    .ARM.Collect$$libinit$$00000016  c_w.l(libinit2.o)
    0x080002ae   0x080002ae   0x00000000   Code   RO          900    .ARM.Collect$$libinit$$00000017  c_w.l(libinit2.o)
    0x080002ae   0x080002ae   0x00000000   Code   RO          902    .ARM.Collect$$libinit$$00000019  c_w.l(libinit2.o)
    0x080002ae   0x080002ae   0x00000000   Code   RO          904    .ARM.Collect$$libinit$$0000001B  c_w.l(libinit2.o)
    0x080002ae   0x080002ae   0x00000000   Code   RO          906    .ARM.Collect$$libinit$$0000001D  c_w.l(libinit2.o)
    0x080002ae   0x080002ae   0x00000000   Code   RO          908    .ARM.Collect$$libinit$$0000001F  c_w.l(libinit2.o)
    0x080002ae   0x080002ae   0x00000000   Code   RO          910    .ARM.Collect$$libinit$$00000021  c_w.l(libinit2.o)
    0x080002ae   0x080002ae   0x00000000   Code   RO          912    .ARM.Collect$$libinit$$00000023  c_w.l(libinit2.o)
    0x080002ae   0x080002ae   0x00000000   Code   RO          914    .ARM.Collect$$libinit$$00000025  c_w.l(libinit2.o)
    0x080002ae   0x080002ae   0x00000000   Code   RO          918    .ARM.Collect$$libinit$$0000002C  c_w.l(libinit2.o)
    0x080002ae   0x080002ae   0x00000000   Code   RO          920    .ARM.Collect$$libinit$$0000002E  c_w.l(libinit2.o)
    0x080002ae   0x080002ae   0x00000000   Code   RO          922    .ARM.Collect$$libinit$$00000030  c_w.l(libinit2.o)
    0x080002ae   0x080002ae   0x00000000   Code   RO          924    .ARM.Collect$$libinit$$00000032  c_w.l(libinit2.o)
    0x080002ae   0x080002ae   0x00000002   Code   RO          925    .ARM.Collect$$libinit$$00000033  c_w.l(libinit2.o)
    0x080002b0   0x080002b0   0x00000002   Code   RO          943    .ARM.Collect$$libshutdown$$00000000  c_w.l(libshutdown.o)
    0x080002b2   0x080002b2   0x00000000   Code   RO          953    .ARM.Collect$$libshutdown$$00000002  c_w.l(libshutdown2.o)
    0x080002b2   0x080002b2   0x00000000   Code   RO          955    .ARM.Collect$$libshutdown$$00000004  c_w.l(libshutdown2.o)
    0x080002b2   0x080002b2   0x00000000   Code   RO          957    .ARM.Collect$$libshutdown$$00000006  c_w.l(libshutdown2.o)
    0x080002b2   0x080002b2   0x00000000   Code   RO          960    .ARM.Collect$$libshutdown$$00000009  c_w.l(libshutdown2.o)
    0x080002b2   0x080002b2   0x00000000   Code   RO          963    .ARM.Collect$$libshutdown$$0000000C  c_w.l(libshutdown2.o)
    0x080002b2   0x080002b2   0x00000000   Code   RO          965    .ARM.Collect$$libshutdown$$0000000E  c_w.l(libshutdown2.o)
    0x080002b2   0x080002b2   0x00000000   Code   RO          968    .ARM.Collect$$libshutdown$$00000011  c_w.l(libshutdown2.o)
    0x080002b2   0x080002b2   0x00000002   Code   RO          969    .ARM.Collect$$libshutdown$$00000012  c_w.l(libshutdown2.o)
    0x080002b4   0x080002b4   0x00000000   Code   RO          727    .ARM.Collect$$rtentry$$00000000  c_w.l(__rtentry.o)
    0x080002b4   0x080002b4   0x00000000   Code   RO          784    .ARM.Collect$$rtentry$$00000002  c_w.l(__rtentry2.o)
    0x080002b4   0x080002b4   0x00000006   Code   RO          796    .ARM.Collect$$rtentry$$00000004  c_w.l(__rtentry4.o)
    0x080002ba   0x080002ba   0x00000000   Code   RO          786    .ARM.Collect$$rtentry$$00000009  c_w.l(__rtentry2.o)
    0x080002ba   0x080002ba   0x00000004   Code   RO          787    .ARM.Collect$$rtentry$$0000000A  c_w.l(__rtentry2.o)
    0x080002be   0x080002be   0x00000000   Code   RO          789    .ARM.Collect$$rtentry$$0000000C  c_w.l(__rtentry2.o)
    0x080002be   0x080002be   0x00000008   Code   RO          790    .ARM.Collect$$rtentry$$0000000D  c_w.l(__rtentry2.o)
    0x080002c6   0x080002c6   0x00000002   Code   RO          874    .ARM.Collect$$rtexit$$00000000  c_w.l(rtexit.o)
    0x080002c8   0x080002c8   0x00000000   Code   RO          927    .ARM.Collect$$rtexit$$00000002  c_w.l(rtexit2.o)
    0x080002c8   0x080002c8   0x00000004   Code   RO          928    .ARM.Collect$$rtexit$$00000003  c_w.l(rtexit2.o)
    0x080002cc   0x080002cc   0x00000006   Code   RO          929    .ARM.Collect$$rtexit$$00000004  c_w.l(rtexit2.o)
    0x080002d2   0x080002d2   0x00000002   PAD
    0x080002d4   0x080002d4   0x00000154   Code   RO            3    .text               main.o
    0x08000428   0x08000428   0x0000001a   Code   RO          172    .text               stm32f4xx_it.o
    0x08000442   0x08000442   0x00000002   PAD
    0x08000444   0x08000444   0x00000210   Code   RO          221    .text               system_stm32f4xx.o
    0x08000654   0x08000654   0x00000040   Code   RO          247    .text               led.o
    0x08000694   0x08000694   0x00004830   Code   RO          267    .text               lcd.o
    0x08004ec4   0x08004ec4   0x000001a4   Code   RO          305    .text               key.o
    0x08005068   0x08005068   0x000002ec   Code   RO          328    .text               dcmi.o
    0x08005354   0x08005354   0x000000ac   Code   RO          352    .text               timer.o
    0x08005400   0x08005400   0x00000434   Code   RO          379    .text               ov7670.o
    0x08005834   0x08005834   0x000002fc   Code   RO          405    .text               sccb.o
    0x08005b30   0x08005b30   0x00000104   Code   RO          425    .text               delay.o
    0x08005c34   0x08005c34   0x00000150   Code   RO          465    .text               usart.o
    0x08005d84   0x08005d84   0x00000040   Code   RO          497    .text               startup_stm32f40_41xxx.o
    0x08005dc4   0x08005dc4   0x000000e0   Code   RO          503    .text               misc.o
    0x08005ea4   0x08005ea4   0x0000018c   Code   RO          523    .text               stm32f4xx_dcmi.o
    0x08006030   0x08006030   0x00000294   Code   RO          543    .text               stm32f4xx_gpio.o
    0x080062c4   0x080062c4   0x0000065c   Code   RO          563    .text               stm32f4xx_rcc.o
    0x08006920   0x08006920   0x00000ca2   Code   RO          585    .text               stm32f4xx_tim.o
    0x080075c2   0x080075c2   0x00000002   PAD
    0x080075c4   0x080075c4   0x00000454   Code   RO          605    .text               stm32f4xx_usart.o
    0x08007a18   0x08007a18   0x000003a8   Code   RO          625    .text               stm32f4xx_dma.o
    0x08007dc0   0x08007dc0   0x000005c8   Code   RO          645    .text               stm32f4xx_fsmc.o
    0x08008388   0x08008388   0x00000002   Code   RO          668    .text               c_w.l(use_no_semi_2.o)
    0x0800838a   0x0800838a   0x00000002   PAD
    0x0800838c   0x0800838c   0x00000018   Code   RO          670    .text               c_w.l(printf.o)
    0x080083a4   0x080083a4   0x00000018   Code   RO          672    .text               c_w.l(__2printf.o)
    0x080083bc   0x080083bc   0x00000094   Code   RO          696    .text               c_w.l(_printf_hex_int_ll_ptr.o)
    0x08008450   0x08008450   0x00000188   Code   RO          716    .text               c_w.l(__printf_flags_ss_wp.o)
    0x080085d8   0x080085d8   0x00000006   Code   RO          721    .text               c_w.l(heapauxi.o)
    0x080085de   0x080085de   0x00000002   Code   RO          725    .text               c_w.l(use_no_semi.o)
    0x080085e0   0x080085e0   0x0000004e   Code   RO          728    .text               c_w.l(_printf_pad.o)
    0x0800862e   0x0800862e   0x00000024   Code   RO          730    .text               c_w.l(_printf_truncate.o)
    0x08008652   0x08008652   0x00000052   Code   RO          732    .text               c_w.l(_printf_str.o)
    0x080086a4   0x080086a4   0x000000b2   Code   RO          734    .text               c_w.l(_printf_intcommon.o)
    0x08008756   0x08008756   0x00000002   PAD
    0x08008758   0x08008758   0x00000078   Code   RO          736    .text               c_w.l(_printf_dec.o)
    0x080087d0   0x080087d0   0x00000028   Code   RO          738    .text               c_w.l(_printf_charcount.o)
    0x080087f8   0x080087f8   0x00000024   Code   RO          740    .text               c_w.l(_printf_char_file.o)
    0x0800881c   0x0800881c   0x000000bc   Code   RO          742    .text               c_w.l(_printf_wctomb.o)
    0x080088d8   0x080088d8   0x0000007c   Code   RO          745    .text               c_w.l(_printf_longlong_dec.o)
    0x08008954   0x08008954   0x00000070   Code   RO          751    .text               c_w.l(_printf_oct_int_ll.o)
    0x080089c4   0x080089c4   0x0000008a   Code   RO          798    .text               c_w.l(lludiv10.o)
    0x08008a4e   0x08008a4e   0x0000041e   Code   RO          800    .text               c_w.l(_printf_fp_dec.o)
    0x08008e6c   0x08008e6c   0x000002fc   Code   RO          802    .text               c_w.l(_printf_fp_hex.o)
    0x08009168   0x08009168   0x00000030   Code   RO          805    .text               c_w.l(_printf_char_common.o)
    0x08009198   0x08009198   0x0000002c   Code   RO          807    .text               c_w.l(_printf_char.o)
    0x080091c4   0x080091c4   0x0000002c   Code   RO          809    .text               c_w.l(_printf_wchar.o)
    0x080091f0   0x080091f0   0x00000008   Code   RO          811    .text               c_w.l(ferror.o)
    0x080091f8   0x080091f8   0x00000040   Code   RO          815    .text               c_w.l(_wcrtomb.o)
    0x08009238   0x08009238   0x0000004a   Code   RO          817    .text               c_w.l(sys_stackheap_outer.o)
    0x08009282   0x08009282   0x00000002   PAD
    0x08009284   0x08009284   0x00000010   Code   RO          819    .text               c_w.l(rt_ctype_table.o)
    0x08009294   0x08009294   0x00000008   Code   RO          824    .text               c_w.l(rt_locale_intlibspace.o)
    0x0800929c   0x0800929c   0x00000080   Code   RO          826    .text               c_w.l(_printf_fp_infnan.o)
    0x0800931c   0x0800931c   0x000000e4   Code   RO          830    .text               c_w.l(bigflt0.o)
    0x08009400   0x08009400   0x00000012   Code   RO          858    .text               c_w.l(exit.o)
    0x08009412   0x08009412   0x00000002   PAD
    0x08009414   0x08009414   0x00000008   Code   RO          871    .text               c_w.l(libspace.o)
    0x0800941c   0x0800941c   0x00000080   Code   RO          879    .text               c_w.l(strcmpv7m.o)
    0x0800949c   0x0800949c   0x0000003e   Code   RO          833    CL$$btod_d2e        c_w.l(btod.o)
    0x080094da   0x080094da   0x00000046   Code   RO          835    CL$$btod_d2e_denorm_low  c_w.l(btod.o)
    0x08009520   0x08009520   0x00000060   Code   RO          834    CL$$btod_d2e_norm_op1  c_w.l(btod.o)
    0x08009580   0x08009580   0x00000338   Code   RO          843    CL$$btod_div_common  c_w.l(btod.o)
    0x080098b8   0x080098b8   0x000000dc   Code   RO          840    CL$$btod_e2e        c_w.l(btod.o)
    0x08009994   0x08009994   0x0000002a   Code   RO          837    CL$$btod_ediv       c_w.l(btod.o)
    0x080099be   0x080099be   0x0000002a   Code   RO          836    CL$$btod_emul       c_w.l(btod.o)
    0x080099e8   0x080099e8   0x00000244   Code   RO          842    CL$$btod_mult_common  c_w.l(btod.o)
    0x08009c2c   0x08009c2c   0x00000030   Code   RO          869    i.__ARM_fpclassify  m_wm.l(fpclassify.o)
    0x08009c5c   0x08009c5c   0x0000000e   Code   RO          709    i._is_digit         c_w.l(__printf_wp.o)
    0x08009c6a   0x08009c6a   0x00000002   PAD
    0x08009c6c   0x08009c6c   0x0000002c   Code   RO          856    locale$$code        c_w.l(lc_numeric_c.o)
    0x08009c98   0x08009c98   0x0000002c   Code   RO          877    locale$$code        c_w.l(lc_ctype_c.o)
    0x08009cc4   0x08009cc4   0x0000000a   Code   RO          935    x$fpl$fpinit        fz_wm.l(fpinit.o)
    0x08009cce   0x08009cce   0x00000004   Code   RO          775    x$fpl$printf1       fz_wm.l(printf1.o)
    0x08009cd2   0x08009cd2   0x00000004   Code   RO          777    x$fpl$printf2       fz_wm.l(printf2.o)
    0x08009cd6   0x08009cd6   0x00000000   Code   RO          868    x$fpl$usenofp       fz_wm.l(usenofp.o)
    0x08009cd6   0x08009cd6   0x000017c0   Data   RO          269    .constdata          lcd.o
    0x0800b496   0x0800b496   0x0000029c   Data   RO          380    .constdata          ov7670.o
    0x0800b732   0x0800b732   0x00000002   PAD
    0x0800b734   0x0800b734   0x0000001c   Data   RO          646    .constdata          stm32f4xx_fsmc.o
    0x0800b750   0x0800b750   0x00000028   Data   RO          697    .constdata          c_w.l(_printf_hex_int_ll_ptr.o)
    0x0800b778   0x0800b778   0x00000011   Data   RO          717    .constdata          c_w.l(__printf_flags_ss_wp.o)
    0x0800b789   0x0800b789   0x00000003   PAD
    0x0800b78c   0x0800b78c   0x00000008   Data   RO          743    .constdata          c_w.l(_printf_wctomb.o)
    0x0800b794   0x0800b794   0x00000026   Data   RO          803    .constdata          c_w.l(_printf_fp_hex.o)
    0x0800b7ba   0x0800b7ba   0x00000002   PAD
    0x0800b7bc   0x0800b7bc   0x00000094   Data   RO          831    .constdata          c_w.l(bigflt0.o)
    0x0800b850   0x0800b850   0x00000020   Data   RO         1001    Region$$Table       anon$$obj.o
    0x0800b870   0x0800b870   0x0000001c   Data   RO          855    locale$$data        c_w.l(lc_numeric_c.o)
    0x0800b88c   0x0800b88c   0x00000110   Data   RO          876    locale$$data        c_w.l(lc_ctype_c.o)


    Execution Region RW_IRAM1 (Exec base: 0x20000000, Load base: 0x0800b99c, Size: 0x00000790, Max: 0x00020000, ABSOLUTE)

    Exec Addr    Load Addr    Size         Type   Attr      Idx    E Section Name        Object

    0x20000000   0x0800b99c   0x00000001   Data   RW            4    .data               main.o
    0x20000001   0x0800b99d   0x00000003   PAD
    0x20000004   0x0800b9a0   0x00000014   Data   RW          222    .data               system_stm32f4xx.o
    0x20000018   0x0800b9b4   0x00000004   Data   RW          270    .data               lcd.o
    0x2000001c   0x0800b9b8   0x0000000e   Data   RW          306    .data               key.o
    0x2000002a   0x0800b9c6   0x00000001   Data   RW          330    .data               dcmi.o
    0x2000002b   0x0800b9c7   0x00000001   Data   RW          353    .data               timer.o
    0x2000002c   0x0800b9c8   0x00000004   Data   RW          426    .data               delay.o
    0x20000030   0x0800b9cc   0x00000006   Data   RW          467    .data               usart.o
    0x20000036   0x0800b9d2   0x00000010   Data   RW          564    .data               stm32f4xx_rcc.o
    0x20000046   0x0800b9e2   0x00000002   PAD
    0x20000048        -       0x0000000e   Zero   RW          268    .bss                lcd.o
    0x20000056        -       0x0000000e   Zero   RW          329    .bss                dcmi.o
    0x20000064        -       0x000000c8   Zero   RW          466    .bss                usart.o
    0x2000012c        -       0x00000060   Zero   RW          872    .bss                c_w.l(libspace.o)
    0x2000018c   0x0800b9e2   0x00000004   PAD
    0x20000190        -       0x00000200   Zero   RW          495    HEAP                startup_stm32f40_41xxx.o
    0x20000390        -       0x00000400   Zero   RW          494    STACK               startup_stm32f40_41xxx.o


==============================================================================

Image component sizes


      Code (inc. data)   RO Data    RW Data    ZI Data      Debug   Object Name

       748         62          0          1         14       3225   dcmi.o
       260          8          0          4          0       1505   delay.o
       420         24          0         14          0       1529   key.o
     18480        156       6080          4         14      22745   lcd.o
        64          4          0          0          0        539   led.o
       340         96          0          1          0     306838   main.o
       224         20          0          0          0       1845   misc.o
      1076         48        668          0          0       3904   ov7670.o
       764         18          0          0          0       2147   sccb.o
        64         26        392          0       1536        848   startup_stm32f40_41xxx.o
       396          4          0          0          0       3506   stm32f4xx_dcmi.o
       936         32          0          0          0       6421   stm32f4xx_dma.o
      1480         18         28          0          0       5690   stm32f4xx_fsmc.o
       660         44          0          0          0       4185   stm32f4xx_gpio.o
        26          0          0          0          0       1234   stm32f4xx_it.o
      1628         52          0         16          0      13076   stm32f4xx_rcc.o
      3234         60          0          0          0      23040   stm32f4xx_tim.o
      1108         34          0          0          0       7908   stm32f4xx_usart.o
       528         46          0         20          0       1819   system_stm32f4xx.o
       172         16          0          1          0       1080   timer.o
       336         16          0          6        200       3342   usart.o

    ----------------------------------------------------------------------
     32948        784       7202         72       1764     416426   Object Totals
         0          0         32          0          0          0   (incl. Generated)
         4          0          2          5          0          0   (incl. Padding)

    ----------------------------------------------------------------------

      Code (inc. data)   RO Data    RW Data    ZI Data      Debug   Library Member Name

        24          4          0          0          0         84   __2printf.o
         8          0          0          0          0         68   __main.o
       392          4         17          0          0         92   __printf_flags_ss_wp.o
        14          0          0          0          0         68   __printf_wp.o
         0          0          0          0          0          0   __rtentry.o
        12          0          0          0          0          0   __rtentry2.o
         6          0          0          0          0          0   __rtentry4.o
        52          8          0          0          0          0   __scatter.o
        26          0          0          0          0          0   __scatter_copy.o
        28          0          0          0          0          0   __scatter_zi.o
         6          0          0          0          0          0   _printf_a.o
         6          0          0          0          0          0   _printf_c.o
        44          0          0          0          0        108   _printf_char.o
        48          6          0          0          0         96   _printf_char_common.o
        36          4          0          0          0         80   _printf_char_file.o
        40          0          0          0          0         68   _printf_charcount.o
         6          0          0          0          0          0   _printf_d.o
       120         16          0          0          0         92   _printf_dec.o
         6          0          0          0          0          0   _printf_e.o
         6          0          0          0          0          0   _printf_f.o
      1054          0          0          0          0        216   _printf_fp_dec.o
       764          8         38          0          0        100   _printf_fp_hex.o
       128         16          0          0          0         84   _printf_fp_infnan.o
         6          0          0          0          0          0   _printf_g.o
       148          4         40          0          0        160   _printf_hex_int_ll_ptr.o
         6          0          0          0          0          0   _printf_i.o
       178          0          0          0          0         88   _printf_intcommon.o
        10          0          0          0          0          0   _printf_l.o
         6          0          0          0          0          0   _printf_lc.o
        10          0          0          0          0          0   _printf_ll.o
         6          0          0          0          0          0   _printf_lld.o
         6          0          0          0          0          0   _printf_lli.o
         6          0          0          0          0          0   _printf_llo.o
         6          0          0          0          0          0   _printf_llu.o
         6          0          0          0          0          0   _printf_llx.o
       124         16          0          0          0         92   _printf_longlong_dec.o
         6          0          0          0          0          0   _printf_ls.o
         6          0          0          0          0          0   _printf_n.o
         6          0          0          0          0          0   _printf_o.o
       112         10          0          0          0        124   _printf_oct_int_ll.o
         6          0          0          0          0          0   _printf_p.o
        78          0          0          0          0        108   _printf_pad.o
         0          0          0          0          0          0   _printf_percent.o
         4          0          0          0          0          0   _printf_percent_end.o
         6          0          0          0          0          0   _printf_s.o
        82          0          0          0          0         80   _printf_str.o
        36          0          0          0          0         84   _printf_truncate.o
         6          0          0          0          0          0   _printf_u.o
        44          0          0          0          0        108   _printf_wchar.o
       188          6          8          0          0         92   _printf_wctomb.o
         6          0          0          0          0          0   _printf_x.o
        64          0          0          0          0         92   _wcrtomb.o
       228          4        148          0          0         96   bigflt0.o
      1936        128          0          0          0        672   btod.o
        18          0          0          0          0         80   exit.o
         8          0          0          0          0         68   ferror.o
         6          0          0          0          0        152   heapauxi.o
        44         10        272          0          0         76   lc_ctype_c.o
        44         10         28          0          0         76   lc_numeric_c.o
         2          0          0          0          0          0   libinit.o
        34          0          0          0          0          0   libinit2.o
         2          0          0          0          0          0   libshutdown.o
         2          0          0          0          0          0   libshutdown2.o
         8          4          0          0         96         68   libspace.o
       138          0          0          0          0         80   lludiv10.o
        24          4          0          0          0         84   printf.o
        16          4          0          0          0         76   rt_ctype_table.o
         8          4          0          0          0         68   rt_locale_intlibspace.o
         2          0          0          0          0          0   rtexit.o
        10          0          0          0          0          0   rtexit2.o
       128          0          0          0          0         68   strcmpv7m.o
        74          0          0          0          0         80   sys_stackheap_outer.o
         2          0          0          0          0         68   use_no_semi.o
         2          0          0          0          0         68   use_no_semi_2.o
        10          0          0          0          0        116   fpinit.o
         4          0          0          0          0        116   printf1.o
         4          0          0          0          0        116   printf2.o
         0          0          0          0          0          0   usenofp.o
        48          0          0          0          0        124   fpclassify.o

    ----------------------------------------------------------------------
      6810        270        556          0        100       4536   Library Totals
        14          0          5          0          4          0   (incl. Padding)

    ----------------------------------------------------------------------

      Code (inc. data)   RO Data    RW Data    ZI Data      Debug   Library Name

      6730        270        551          0         96       4064   c_w.l
        18          0          0          0          0        348   fz_wm.l
        48          0          0          0          0        124   m_wm.l

    ----------------------------------------------------------------------
      6810        270        556          0        100       4536   Library Totals

    ----------------------------------------------------------------------

==============================================================================


      Code (inc. data)   RO Data    RW Data    ZI Data      Debug   

     39758       1054       7758         72       1864     414378   Grand Totals
     39758       1054       7758         72       1864     414378   ELF Image Totals
     39758       1054       7758         72          0          0   ROM Totals

==============================================================================

    Total RO  Size (Code + RO Data)                47516 (  46.40kB)
    Total RW  Size (RW Data + ZI Data)              1936 (   1.89kB)
    Total ROM Size (Code + RO Data + RW Data)      47588 (  46.47kB)

==============================================================================

